<?xml version="1.0" encoding="utf-8"?>
<TestRun id="302abd50-351f-4ab7-9a13-76ea94b133f6" name="jayki@DESKTOP-RHANN0P 2026-03-15 15:04:53" runUser="DESKTOP-RHANN0P\jayki" xmlns="http://microsoft.com/schemas/VisualStudio/TeamTest/2010">
  <Times creation="2026-03-15T15:04:53.6472125+01:00" queuing="2026-03-15T15:04:53.6472129+01:00" start="2026-03-15T15:04:52.5069382+01:00" finish="2026-03-15T15:04:53.7575521+01:00" />
  <TestSettings name="default" id="8c729973-e23c-450a-8065-79a729fa30ae">
    <Deployment runDeploymentRoot="jayki_DESKTOP-RHANN0P_2026-03-15_15_04_53" />
  </TestSettings>
  <Results>
    <UnitTestResult executionId="f424f777-beb1-440c-addf-9da7e54f963e" testId="bbc84640-6555-28d0-3bc9-ec697bd9c819" testName="FileBasedApp.Toolkit.Tests.SimpleExec.SimpleExecRunnerTest.ReadAsync_UsesExplicitCommandWrapper_WhenProvided" computerName="DESKTOP-RHANN0P" duration="00:00:00.0005461" startTime="2026-03-15T15:04:53.6785591+01:00" endTime="2026-03-15T15:04:53.6790758+01:00" testType="13cdc9d9-ddb5-4fa4-a97d-d965ccfc6d4b" outcome="Passed" testListId="8c84fa94-04c1-424b-9868-57a2d4851a1d" relativeResultsDirectory="f424f777-beb1-440c-addf-9da7e54f963e" />
    <UnitTestResult executionId="cbb00be9-140b-48a7-934b-1189de5f6198" testId="5ddfb5fc-8e56-3069-9cc8-0e63911a1b90" testName="FileBasedApp.Toolkit.Tests.SimpleExec.SimpleExecRunnerTest.Run_UsesExplicitCommandWrapper_WhenProvided(method: Run)" computerName="DESKTOP-RHANN0P" duration="00:00:00.0013862" startTime="2026-03-15T15:04:53.6752409+01:00" endTime="2026-03-15T15:04:53.6765779+01:00" testType="13cdc9d9-ddb5-4fa4-a97d-d965ccfc6d4b" outcome="Passed" testListId="8c84fa94-04c1-424b-9868-57a2d4851a1d" relativeResultsDirectory="cbb00be9-140b-48a7-934b-1189de5f6198" />
    <UnitTestResult executionId="b946d42d-f8dd-400b-b31f-02d623837efb" testId="de4d4b6b-1a0e-b6be-8cb2-48455120bfb2" testName="FileBasedApp.Toolkit.Tests.SimpleExec.SimpleExecRunnerTest.Run_PassesWorkingDirectory(method: RunAsync)" computerName="DESKTOP-RHANN0P" duration="00:00:00.0010520" startTime="2026-03-15T15:04:53.6729109+01:00" endTime="2026-03-15T15:04:53.6736972+01:00" testType="13cdc9d9-ddb5-4fa4-a97d-d965ccfc6d4b" outcome="Passed" testListId="8c84fa94-04c1-424b-9868-57a2d4851a1d" relativeResultsDirectory="b946d42d-f8dd-400b-b31f-02d623837efb" />
    <UnitTestResult executionId="631e7a58-7cb0-44b4-944c-4ad6cf9d1c65" testId="3fe0daad-dd39-6f62-204c-9245c8659294" testName="FileBasedApp.Toolkit.Tests.SimpleExec.SimpleExecRunnerTest.Run_PassesConfigureEnvironment(method: Run)" computerName="DESKTOP-RHANN0P" duration="00:00:00.0003321" startTime="2026-03-15T15:04:53.6443362+01:00" endTime="2026-03-15T15:04:53.6445424+01:00" testType="13cdc9d9-ddb5-4fa4-a97d-d965ccfc6d4b" outcome="Passed" testListId="8c84fa94-04c1-424b-9868-57a2d4851a1d" relativeResultsDirectory="631e7a58-7cb0-44b4-944c-4ad6cf9d1c65" />
    <UnitTestResult executionId="dbbfb941-54e4-448a-8762-87cf04bcc54a" testId="9564e915-939b-1c62-e166-119312b0a620" testName="FileBasedApp.Toolkit.Tests.SimpleExec.SimpleExecRunnerTest.Run_UsesExplicitCommandWrapper_WhenProvided(method: RunAsync)" computerName="DESKTOP-RHANN0P" duration="00:00:00.0002860" startTime="2026-03-15T15:04:53.6766729+01:00" endTime="2026-03-15T15:04:53.6768978+01:00" testType="13cdc9d9-ddb5-4fa4-a97d-d965ccfc6d4b" outcome="Passed" testListId="8c84fa94-04c1-424b-9868-57a2d4851a1d" relativeResultsDirectory="dbbfb941-54e4-448a-8762-87cf04bcc54a" />
    <UnitTestResult executionId="84499cba-d42f-4f92-8385-36ee123b2d33" testId="b86ce6e6-f285-ee4e-fcd1-24616aaacc7a" testName="FileBasedApp.Toolkit.Tests.EnumerableExtensionsTest.GetSingleRequired_ThrowsExceptionWhenNoMatch" computerName="DESKTOP-RHANN0P" duration="00:00:00.0022531" startTime="2026-03-15T15:04:53.5739879+01:00" endTime="2026-03-15T15:04:53.5756193+01:00" testType="13cdc9d9-ddb5-4fa4-a97d-d965ccfc6d4b" outcome="Passed" testListId="8c84fa94-04c1-424b-9868-57a2d4851a1d" relativeResultsDirectory="84499cba-d42f-4f92-8385-36ee123b2d33" />
    <UnitTestResult executionId="5e6433fe-806a-4bdc-8720-8c0669d89756" testId="7438a50c-acfd-5378-05de-ae24a37cf58c" testName="FileBasedApp.Toolkit.Tests.SimpleExec.SimpleExecRunnerTest.Run_PassesCreateNoWindow(method: Run)" computerName="DESKTOP-RHANN0P" duration="00:00:00.0002898" startTime="2026-03-15T15:04:53.6623604+01:00" endTime="2026-03-15T15:04:53.6625869+01:00" testType="13cdc9d9-ddb5-4fa4-a97d-d965ccfc6d4b" outcome="Passed" testListId="8c84fa94-04c1-424b-9868-57a2d4851a1d" relativeResultsDirectory="5e6433fe-806a-4bdc-8720-8c0669d89756" />
    <UnitTestResult executionId="360ac1a1-0db8-489a-a87a-f1c98ae39634" testId="87f14075-a470-72cc-9f26-26c338e70110" testName="FileBasedApp.Toolkit.Tests.SimpleExec.SimpleExecRunnerTest.AddArguments_AddsMultipleArguments" computerName="DESKTOP-RHANN0P" duration="00:00:00.0009599" startTime="2026-03-15T15:04:53.6677748+01:00" endTime="2026-03-15T15:04:53.6687093+01:00" testType="13cdc9d9-ddb5-4fa4-a97d-d965ccfc6d4b" outcome="Passed" testListId="8c84fa94-04c1-424b-9868-57a2d4851a1d" relativeResultsDirectory="360ac1a1-0db8-489a-a87a-f1c98ae39634" />
    <UnitTestResult executionId="e639245a-b125-4b94-a776-9e30afd01bc4" testId="50fdc899-274d-cecc-7d02-b68c5f7252c0" testName="FileBasedApp.Toolkit.Tests.PathUtilTest.AnalyzeFilePath_FileDoesNotExist_ShouldNotRequireExist" computerName="DESKTOP-RHANN0P" duration="00:00:00.0005136" startTime="2026-03-15T15:04:53.6225076+01:00" endTime="2026-03-15T15:04:53.6225435+01:00" testType="13cdc9d9-ddb5-4fa4-a97d-d965ccfc6d4b" outcome="Passed" testListId="8c84fa94-04c1-424b-9868-57a2d4851a1d" relativeResultsDirectory="e639245a-b125-4b94-a776-9e30afd01bc4" />
    <UnitTestResult executionId="78028b94-3479-4c1a-b393-e5af50882729" testId="63d623ef-996c-99e2-11cb-578d018552c9" testName="FileBasedApp.Toolkit.Tests.SimpleExec.SimpleExecRunnerTest.Run_PassesNameAndArguments(method: Run)" computerName="DESKTOP-RHANN0P" duration="00:00:00.0006040" startTime="2026-03-15T15:04:53.6770204+01:00" endTime="2026-03-15T15:04:53.6775349+01:00" testType="13cdc9d9-ddb5-4fa4-a97d-d965ccfc6d4b" outcome="Passed" testListId="8c84fa94-04c1-424b-9868-57a2d4851a1d" relativeResultsDirectory="78028b94-3479-4c1a-b393-e5af50882729" />
    <UnitTestResult executionId="1be23b7f-5c75-4c60-bcdb-82a0823a01b7" testId="04a11c00-0f69-f770-8520-f8e591ee4b1c" testName="FileBasedApp.Toolkit.Tests.SimpleExec.SimpleExecRunnerTest.Run_PassesExitCodeHandler(method: Run)" computerName="DESKTOP-RHANN0P" duration="00:00:00.0006266" startTime="2026-03-15T15:04:53.6668886+01:00" endTime="2026-03-15T15:04:53.6674391+01:00" testType="13cdc9d9-ddb5-4fa4-a97d-d965ccfc6d4b" outcome="Passed" testListId="8c84fa94-04c1-424b-9868-57a2d4851a1d" relativeResultsDirectory="1be23b7f-5c75-4c60-bcdb-82a0823a01b7" />
    <UnitTestResult executionId="6f610a66-35ee-44fd-9e52-9189752a7c48" testId="cea898ea-6ad9-f5b4-2052-550b0404e14f" testName="FileBasedApp.Toolkit.Tests.SimpleExec.SimpleExecRunnerTest.ReadAsync_PassesCancellationIgnoresProcessTree" computerName="DESKTOP-RHANN0P" duration="00:00:00.0008913" startTime="2026-03-15T15:04:53.6816544+01:00" endTime="2026-03-15T15:04:53.6824695+01:00" testType="13cdc9d9-ddb5-4fa4-a97d-d965ccfc6d4b" outcome="Passed" testListId="8c84fa94-04c1-424b-9868-57a2d4851a1d" relativeResultsDirectory="6f610a66-35ee-44fd-9e52-9189752a7c48" />
    <UnitTestResult executionId="a72d36cc-df18-4ddd-b6a5-20b7f2f786a0" testId="33f66893-f5c2-560e-6985-5e489bfd0f2f" testName="FileBasedApp.Toolkit.Tests.SimpleExec.SimpleExecRunnerTest.Run_PassesCancellationIgnoresProcessTree(method: Run)" computerName="DESKTOP-RHANN0P" duration="00:00:00.0005359" startTime="2026-03-15T15:04:53.6798175+01:00" endTime="2026-03-15T15:04:53.6802964+01:00" testType="13cdc9d9-ddb5-4fa4-a97d-d965ccfc6d4b" outcome="Passed" testListId="8c84fa94-04c1-424b-9868-57a2d4851a1d" relativeResultsDirectory="a72d36cc-df18-4ddd-b6a5-20b7f2f786a0" />
    <UnitTestResult executionId="121be8eb-64be-4db7-a6e7-9a1530d085ea" testId="2c5b749a-10eb-e5ce-73d2-d4e846fe822b" testName="FileBasedApp.Toolkit.Tests.SimpleExec.SimpleExecRunnerTest.ReadAsync_DefaultValues_PassesExpectedDefaults" computerName="DESKTOP-RHANN0P" duration="00:00:00.0009830" startTime="2026-03-15T15:04:53.6826111+01:00" endTime="2026-03-15T15:04:53.6835163+01:00" testType="13cdc9d9-ddb5-4fa4-a97d-d965ccfc6d4b" outcome="Passed" testListId="8c84fa94-04c1-424b-9868-57a2d4851a1d" relativeResultsDirectory="121be8eb-64be-4db7-a6e7-9a1530d085ea" />
    <UnitTestResult executionId="f542b481-525b-4ad7-8e21-e7c8828eadc5" testId="97d2358a-68fb-609f-59cc-5e8da5d97499" testName="FileBasedApp.Toolkit.Tests.EnumerableExtensionsTest.GetFirstRequired_ReturnsFirstMatchingElement" computerName="DESKTOP-RHANN0P" duration="00:00:00.0002365" startTime="2026-03-15T15:04:53.5758125+01:00" endTime="2026-03-15T15:04:53.5758545+01:00" testType="13cdc9d9-ddb5-4fa4-a97d-d965ccfc6d4b" outcome="Passed" testListId="8c84fa94-04c1-424b-9868-57a2d4851a1d" relativeResultsDirectory="f542b481-525b-4ad7-8e21-e7c8828eadc5" />
    <UnitTestResult executionId="f2c1ad08-f518-4b17-9c99-2c8843a935a2" testId="e6f3229d-aec8-0062-b333-d3b4388b1c4d" testName="FileBasedApp.Toolkit.Tests.EnumerableExtensionsTest.GetFirstOrNull_ReturnsFirstMatchingElement" computerName="DESKTOP-RHANN0P" duration="00:00:00.0302787" startTime="2026-03-15T15:04:53.5095834+01:00" endTime="2026-03-15T15:04:53.5532935+01:00" testType="13cdc9d9-ddb5-4fa4-a97d-d965ccfc6d4b" outcome="Passed" testListId="8c84fa94-04c1-424b-9868-57a2d4851a1d" relativeResultsDirectory="f2c1ad08-f518-4b17-9c99-2c8843a935a2" />
    <UnitTestResult executionId="31c2a3a6-1a97-44c2-98b0-b1711448c785" testId="6b8155d7-77f4-4fb1-bb18-0ae3d95e064b" testName="FileBasedApp.Toolkit.Tests.AbsolutePathExtensionsTest.GetAncestors_ShouldGenerateExpectedResult" computerName="DESKTOP-RHANN0P" duration="00:00:00.0336359" startTime="2026-03-15T15:04:53.5056498+01:00" endTime="2026-03-15T15:04:53.5595652+01:00" testType="13cdc9d9-ddb5-4fa4-a97d-d965ccfc6d4b" outcome="Passed" testListId="8c84fa94-04c1-424b-9868-57a2d4851a1d" relativeResultsDirectory="31c2a3a6-1a97-44c2-98b0-b1711448c785" />
    <UnitTestResult executionId="31d2ff58-9bf1-4519-b886-5119da1b1150" testId="58ab79b0-b6f2-5137-8fae-f89626b991b3" testName="FileBasedApp.Toolkit.Tests.EnumerableExtensionsTest.GetFirstOrNull_ReturnsNullWhenNoMatch" computerName="DESKTOP-RHANN0P" duration="00:00:00.0004906" startTime="2026-03-15T15:04:53.6217980+01:00" endTime="2026-03-15T15:04:53.6218365+01:00" testType="13cdc9d9-ddb5-4fa4-a97d-d965ccfc6d4b" outcome="Passed" testListId="8c84fa94-04c1-424b-9868-57a2d4851a1d" relativeResultsDirectory="31d2ff58-9bf1-4519-b886-5119da1b1150" />
    <UnitTestResult executionId="eb5885f3-7e8d-4e07-a41b-63dee24b2f10" testId="064956b7-ec46-bd9b-b533-d31f6b18da38" testName="FileBasedApp.Toolkit.Tests.SimpleExec.SimpleExecRunnerTest.AddArgumentPair_WithSecret_OnlyMarksValueAsSecret" computerName="DESKTOP-RHANN0P" duration="00:00:00.0019581" startTime="2026-03-15T15:04:53.6636285+01:00" endTime="2026-03-15T15:04:53.6655926+01:00" testType="13cdc9d9-ddb5-4fa4-a97d-d965ccfc6d4b" outcome="Passed" testListId="8c84fa94-04c1-424b-9868-57a2d4851a1d" relativeResultsDirectory="eb5885f3-7e8d-4e07-a41b-63dee24b2f10" />
    <UnitTestResult executionId="bdb0faf5-d7a4-4daa-94fe-e539097eeeb3" testId="b4f1d2d2-2a8b-7a26-5d53-dd856545513d" testName="FileBasedApp.Toolkit.Tests.SimpleExec.SimpleExecRunnerTest.ReadAsync_PassesWorkingDirectory" computerName="DESKTOP-RHANN0P" duration="00:00:00.0005509" startTime="2026-03-15T15:04:53.6779617+01:00" endTime="2026-03-15T15:04:53.6784630+01:00" testType="13cdc9d9-ddb5-4fa4-a97d-d965ccfc6d4b" outcome="Passed" testListId="8c84fa94-04c1-424b-9868-57a2d4851a1d" relativeResultsDirectory="bdb0faf5-d7a4-4daa-94fe-e539097eeeb3" />
    <UnitTestResult executionId="ed9592e1-a72f-4f56-ab91-19a25bf9387f" testId="7aab44a9-1440-b5de-acc4-d98bcc4ab7e0" testName="FileBasedApp.Toolkit.Tests.SimpleExec.SimpleExecRunnerTest.Run_PassesNameAndArguments(method: RunAsync)" computerName="DESKTOP-RHANN0P" duration="00:00:00.0002997" startTime="2026-03-15T15:04:53.6776067+01:00" endTime="2026-03-15T15:04:53.6778697+01:00" testType="13cdc9d9-ddb5-4fa4-a97d-d965ccfc6d4b" outcome="Passed" testListId="8c84fa94-04c1-424b-9868-57a2d4851a1d" relativeResultsDirectory="ed9592e1-a72f-4f56-ab91-19a25bf9387f" />
    <UnitTestResult executionId="eaf60873-ea07-4f6e-abfc-e832f97d5cab" testId="6779b88d-fc59-173c-eacc-e4efdade4196" testName="FileBasedApp.Toolkit.Tests.EnumerableExtensionsTest.GetFirstRequired_WithCustomErrorMessage_ThrowsWithCustomMessage" computerName="DESKTOP-RHANN0P" duration="00:00:00.0007235" startTime="2026-03-15T15:04:53.6143879+01:00" endTime="2026-03-15T15:04:53.6144590+01:00" testType="13cdc9d9-ddb5-4fa4-a97d-d965ccfc6d4b" outcome="Passed" testListId="8c84fa94-04c1-424b-9868-57a2d4851a1d" relativeResultsDirectory="eaf60873-ea07-4f6e-abfc-e832f97d5cab" />
    <UnitTestResult executionId="456bae7f-8bb3-441c-9bb7-2c2a205a957f" testId="8cb8443c-d6d8-4372-cfec-df08c9c0ff48" testName="FileBasedApp.Toolkit.Tests.SimpleExec.SimpleExecRunnerTest.Run_DefaultValues_PassesExpectedDefaults(method: RunAsync)" computerName="DESKTOP-RHANN0P" duration="00:00:00.0072308" startTime="2026-03-15T15:04:53.6350984+01:00" endTime="2026-03-15T15:04:53.6423747+01:00" testType="13cdc9d9-ddb5-4fa4-a97d-d965ccfc6d4b" outcome="Passed" testListId="8c84fa94-04c1-424b-9868-57a2d4851a1d" relativeResultsDirectory="456bae7f-8bb3-441c-9bb7-2c2a205a957f" />
    <UnitTestResult executionId="596e3457-6066-4021-ae5d-065cc2a3003f" testId="4eb23d4f-d74b-e36d-3a74-816c14079631" testName="FileBasedApp.Toolkit.Tests.SimpleExec.SimpleExecRunnerTest.Run_PassesEchoPrefix(method: RunAsync)" computerName="DESKTOP-RHANN0P" duration="00:00:00.0002667" startTime="2026-03-15T15:04:53.6703051+01:00" endTime="2026-03-15T15:04:53.6705469+01:00" testType="13cdc9d9-ddb5-4fa4-a97d-d965ccfc6d4b" outcome="Passed" testListId="8c84fa94-04c1-424b-9868-57a2d4851a1d" relativeResultsDirectory="596e3457-6066-4021-ae5d-065cc2a3003f" />
    <UnitTestResult executionId="795c3a47-5c0c-4ce6-812c-d39122997394" testId="e16c9a88-8fa8-6f67-2661-9c37d57ecd31" testName="FileBasedApp.Toolkit.Tests.SimpleExec.SimpleExecRunnerTest.Run_PassesCancellationIgnoresProcessTree(method: RunAsync)" computerName="DESKTOP-RHANN0P" duration="00:00:00.0002822" startTime="2026-03-15T15:04:53.6809583+01:00" endTime="2026-03-15T15:04:53.6810220+01:00" testType="13cdc9d9-ddb5-4fa4-a97d-d965ccfc6d4b" outcome="Passed" testListId="8c84fa94-04c1-424b-9868-57a2d4851a1d" relativeResultsDirectory="795c3a47-5c0c-4ce6-812c-d39122997394" />
    <UnitTestResult executionId="f2de2cc7-be12-48b4-89d4-731c66d981f9" testId="f469510c-b189-8efc-ecf2-f80dcdb5d539" testName="FileBasedApp.Toolkit.Tests.EnumerableExtensionsTest.GetFirstRequired_NoPredicate_ReturnsFirstElement" computerName="DESKTOP-RHANN0P" duration="00:00:00.0035319" startTime="2026-03-15T15:04:53.5720173+01:00" endTime="2026-03-15T15:04:53.5737289+01:00" testType="13cdc9d9-ddb5-4fa4-a97d-d965ccfc6d4b" outcome="Passed" testListId="8c84fa94-04c1-424b-9868-57a2d4851a1d" relativeResultsDirectory="f2de2cc7-be12-48b4-89d4-731c66d981f9" />
    <UnitTestResult executionId="50a80b10-c406-4c21-b466-29faed794161" testId="8f7ff804-9846-f2af-fc9b-f9614f2a7286" testName="FileBasedApp.Toolkit.Tests.SimpleExec.SimpleExecRunnerTest.Run_PassesCreateNoWindow(method: RunAsync)" computerName="DESKTOP-RHANN0P" duration="00:00:00.0008232" startTime="2026-03-15T15:04:53.6622264+01:00" endTime="2026-03-15T15:04:53.6622738+01:00" testType="13cdc9d9-ddb5-4fa4-a97d-d965ccfc6d4b" outcome="Passed" testListId="8c84fa94-04c1-424b-9868-57a2d4851a1d" relativeResultsDirectory="50a80b10-c406-4c21-b466-29faed794161" />
    <UnitTestResult executionId="05a1fbe7-f32a-4a9e-bb70-7503af5c3248" testId="dea39721-046e-0fbf-8fc8-da4abc872d2a" testName="FileBasedApp.Toolkit.Tests.EnumerableExtensionsTest.GetSingleOrNull_ReturnsSingleMatchingElement" computerName="DESKTOP-RHANN0P" duration="00:00:00.0003865" startTime="2026-03-15T15:04:53.6197266+01:00" endTime="2026-03-15T15:04:53.6197626+01:00" testType="13cdc9d9-ddb5-4fa4-a97d-d965ccfc6d4b" outcome="Passed" testListId="8c84fa94-04c1-424b-9868-57a2d4851a1d" relativeResultsDirectory="05a1fbe7-f32a-4a9e-bb70-7503af5c3248" />
    <UnitTestResult executionId="adfeb02b-5879-4ba2-87a0-36daca201eed" testId="9ffa894b-238e-f20c-d3fd-853a82fc5567" testName="FileBasedApp.Toolkit.Tests.PathUtilTest.AnalyzeFilePath_MultipleRootsNoMatch_FileShouldNotExist" computerName="DESKTOP-RHANN0P" duration="00:00:00.0715766" startTime="2026-03-15T15:04:53.5096203+01:00" endTime="2026-03-15T15:04:53.6221537+01:00" testType="13cdc9d9-ddb5-4fa4-a97d-d965ccfc6d4b" outcome="Passed" testListId="8c84fa94-04c1-424b-9868-57a2d4851a1d" relativeResultsDirectory="adfeb02b-5879-4ba2-87a0-36daca201eed" />
    <UnitTestResult executionId="54b90d34-125f-4580-810a-a5f8563ecf2c" testId="96e1afc2-71b3-a464-5683-a9fb9e811a0f" testName="FileBasedApp.Toolkit.Tests.SimpleExec.SimpleExecRunnerTest.Run_PassesNoEcho(method: Run)" computerName="DESKTOP-RHANN0P" duration="00:00:00.0007551" startTime="2026-03-15T15:04:53.6657344+01:00" endTime="2026-03-15T15:04:53.6664243+01:00" testType="13cdc9d9-ddb5-4fa4-a97d-d965ccfc6d4b" outcome="Passed" testListId="8c84fa94-04c1-424b-9868-57a2d4851a1d" relativeResultsDirectory="54b90d34-125f-4580-810a-a5f8563ecf2c" />
    <UnitTestResult executionId="51e358e8-212f-4b4d-85d5-cda7126aa928" testId="09878e65-7130-1541-b314-086e94a97683" testName="FileBasedApp.Toolkit.Tests.SimpleExec.SimpleExecRunnerTest.AddSecrets_AppendsToExistingSecrets" computerName="DESKTOP-RHANN0P" duration="00:00:00.0008479" startTime="2026-03-15T15:04:53.6812090+01:00" endTime="2026-03-15T15:04:53.6815127+01:00" testType="13cdc9d9-ddb5-4fa4-a97d-d965ccfc6d4b" outcome="Passed" testListId="8c84fa94-04c1-424b-9868-57a2d4851a1d" relativeResultsDirectory="51e358e8-212f-4b4d-85d5-cda7126aa928" />
    <UnitTestResult executionId="e731a52e-74bc-4a30-a4f2-969712415df2" testId="c40317cd-7db4-0c48-23bd-49c308cd39e4" testName="FileBasedApp.Toolkit.Tests.EnumerableExtensionsTest.GetSingleOrNull_ReturnsNullWhenNoMatch" computerName="DESKTOP-RHANN0P" duration="00:00:00.0009685" startTime="2026-03-15T15:04:53.6216143+01:00" endTime="2026-03-15T15:04:53.6216675+01:00" testType="13cdc9d9-ddb5-4fa4-a97d-d965ccfc6d4b" outcome="Passed" testListId="8c84fa94-04c1-424b-9868-57a2d4851a1d" relativeResultsDirectory="e731a52e-74bc-4a30-a4f2-969712415df2" />
    <UnitTestResult executionId="839cff1b-4b47-4d65-aaca-3fd3bb7ffd8c" testId="b382f108-404f-d47b-0ead-e92c0053240e" testName="FileBasedApp.Toolkit.Tests.SimpleExec.SimpleExecRunnerTest.AddArgumentPair_AddsTwoarguments" computerName="DESKTOP-RHANN0P" duration="00:00:00.0002814" startTime="2026-03-15T15:04:53.6741933+01:00" endTime="2026-03-15T15:04:53.6744171+01:00" testType="13cdc9d9-ddb5-4fa4-a97d-d965ccfc6d4b" outcome="Passed" testListId="8c84fa94-04c1-424b-9868-57a2d4851a1d" relativeResultsDirectory="839cff1b-4b47-4d65-aaca-3fd3bb7ffd8c" />
    <UnitTestResult executionId="320ac4cd-ebd1-4c29-a084-7bef42f67eab" testId="9133ba1e-06c6-1f1d-6e79-542e3ac3f3e4" testName="FileBasedApp.Toolkit.Tests.PathUtilTest.AnalyzeFilePath_MultipleRootsSecondMatch_FileShouldNotExist" computerName="DESKTOP-RHANN0P" duration="00:00:00.0012007" startTime="2026-03-15T15:04:53.6242043+01:00" endTime="2026-03-15T15:04:53.6242649+01:00" testType="13cdc9d9-ddb5-4fa4-a97d-d965ccfc6d4b" outcome="Passed" testListId="8c84fa94-04c1-424b-9868-57a2d4851a1d" relativeResultsDirectory="320ac4cd-ebd1-4c29-a084-7bef42f67eab" />
    <UnitTestResult executionId="1223c018-5dbc-4523-a76f-f108169b1a13" testId="9eabf247-c9f6-a001-ca46-ec07a5104420" testName="FileBasedApp.Toolkit.Tests.PathUtilTest.AnalyzeDirectory_EmptyPath_ShouldReturnRoot" computerName="DESKTOP-RHANN0P" duration="00:00:00.0004332" startTime="2026-03-15T15:04:53.6245606+01:00" endTime="2026-03-15T15:04:53.6245971+01:00" testType="13cdc9d9-ddb5-4fa4-a97d-d965ccfc6d4b" outcome="Passed" testListId="8c84fa94-04c1-424b-9868-57a2d4851a1d" relativeResultsDirectory="1223c018-5dbc-4523-a76f-f108169b1a13" />
    <UnitTestResult executionId="52eae2e5-4cff-4841-a31b-725672141684" testId="c6687cf7-5400-f053-da88-3ec268592e61" testName="FileBasedApp.Toolkit.Tests.EnumerableExtensionsTest.GetFirstRequired_ThrowsExceptionWhenNoMatch" computerName="DESKTOP-RHANN0P" duration="00:00:00.0005298" startTime="2026-03-15T15:04:53.6192442+01:00" endTime="2026-03-15T15:04:53.6192884+01:00" testType="13cdc9d9-ddb5-4fa4-a97d-d965ccfc6d4b" outcome="Passed" testListId="8c84fa94-04c1-424b-9868-57a2d4851a1d" relativeResultsDirectory="52eae2e5-4cff-4841-a31b-725672141684" />
    <UnitTestResult executionId="1b6732c5-a1c4-4e93-a139-6c692a744949" testId="4d957379-34e6-770c-8e63-1b330aa8f53b" testName="FileBasedApp.Toolkit.Tests.EnumerableExtensionsTest.GetSingleOrNull_NullableSource_ReturnsSingleMatchingElement" computerName="DESKTOP-RHANN0P" duration="00:00:00.0058759" startTime="2026-03-15T15:04:53.6138586+01:00" endTime="2026-03-15T15:04:53.6139436+01:00" testType="13cdc9d9-ddb5-4fa4-a97d-d965ccfc6d4b" outcome="Passed" testListId="8c84fa94-04c1-424b-9868-57a2d4851a1d" relativeResultsDirectory="1b6732c5-a1c4-4e93-a139-6c692a744949" />
    <UnitTestResult executionId="d51f5aa1-d10c-4389-9202-27d1d42a8a56" testId="dbd590ef-b8ad-f1fb-c2bc-a95225b8bd07" testName="FileBasedApp.Toolkit.Tests.SimpleExec.SimpleExecRunnerTest.AddArguments_WithSecret_AddsAllToSecrets" computerName="DESKTOP-RHANN0P" duration="00:00:00.0008424" startTime="2026-03-15T15:04:53.6718944+01:00" endTime="2026-03-15T15:04:53.6725946+01:00" testType="13cdc9d9-ddb5-4fa4-a97d-d965ccfc6d4b" outcome="Passed" testListId="8c84fa94-04c1-424b-9868-57a2d4851a1d" relativeResultsDirectory="d51f5aa1-d10c-4389-9202-27d1d42a8a56" />
    <UnitTestResult executionId="ca9fc3cf-e50f-4d71-95b5-182e20a6b542" testId="1b80e75f-92e6-93e4-1423-3d35f1d1c1d8" testName="FileBasedApp.Toolkit.Tests.PathUtilTest.GetRootFolder_InvalidPredefinedRootPath_ShouldThrow" computerName="DESKTOP-RHANN0P" duration="00:00:00.0070042" startTime="2026-03-15T15:04:53.6243971+01:00" endTime="2026-03-15T15:04:53.6244367+01:00" testType="13cdc9d9-ddb5-4fa4-a97d-d965ccfc6d4b" outcome="Passed" testListId="8c84fa94-04c1-424b-9868-57a2d4851a1d" relativeResultsDirectory="ca9fc3cf-e50f-4d71-95b5-182e20a6b542" />
    <UnitTestResult executionId="5928816b-eaf5-4a0f-896e-cc706eefc52c" testId="bf1f6eb4-2dc8-fbd6-6fad-f352aa6aaf52" testName="FileBasedApp.Toolkit.Tests.PathUtilTest.AnalyzeDirectory_WithExistingDirectory_ShouldReturnPath" computerName="DESKTOP-RHANN0P" duration="00:00:00.0009992" startTime="2026-03-15T15:04:53.6246891+01:00" endTime="2026-03-15T15:04:53.6247244+01:00" testType="13cdc9d9-ddb5-4fa4-a97d-d965ccfc6d4b" outcome="Passed" testListId="8c84fa94-04c1-424b-9868-57a2d4851a1d" relativeResultsDirectory="5928816b-eaf5-4a0f-896e-cc706eefc52c" />
    <UnitTestResult executionId="449f5797-cfba-48fe-998c-9584313e1313" testId="867b867a-f381-e75c-167a-cc82f4d27318" testName="FileBasedApp.Toolkit.Tests.EnumerableExtensionsTest.GetSingleOrNull_WithCustomMultipleMatchesError_ThrowsWithCustomMessage" computerName="DESKTOP-RHANN0P" duration="00:00:00.0007149" startTime="2026-03-15T15:04:53.5760961+01:00" endTime="2026-03-15T15:04:53.5761359+01:00" testType="13cdc9d9-ddb5-4fa4-a97d-d965ccfc6d4b" outcome="Passed" testListId="8c84fa94-04c1-424b-9868-57a2d4851a1d" relativeResultsDirectory="449f5797-cfba-48fe-998c-9584313e1313" />
    <UnitTestResult executionId="bf83a8fe-196e-4533-9c31-e5ac4c22f21f" testId="03fbab43-3ccd-b5f9-163d-c26fa183acf7" testName="FileBasedApp.Toolkit.Tests.EnumerableExtensionsTest.GetSingleRequired_ThrowsExceptionWhenMultipleMatches" computerName="DESKTOP-RHANN0P" duration="00:00:00.0008102" startTime="2026-03-15T15:04:53.6196105+01:00" endTime="2026-03-15T15:04:53.6196444+01:00" testType="13cdc9d9-ddb5-4fa4-a97d-d965ccfc6d4b" outcome="Passed" testListId="8c84fa94-04c1-424b-9868-57a2d4851a1d" relativeResultsDirectory="bf83a8fe-196e-4533-9c31-e5ac4c22f21f" />
    <UnitTestResult executionId="f4c38ae9-2eb8-4ef3-98c3-4ee819ac4ad5" testId="7745c892-da9e-5475-7ae4-0af236e76297" testName="FileBasedApp.Toolkit.Tests.PathUtilTest.AnalyzeDirectory_WithNonExistingDirectory_ShouldReturnError" computerName="DESKTOP-RHANN0P" duration="00:00:00.0012590" startTime="2026-03-15T15:04:53.6226297+01:00" endTime="2026-03-15T15:04:53.6226798+01:00" testType="13cdc9d9-ddb5-4fa4-a97d-d965ccfc6d4b" outcome="Passed" testListId="8c84fa94-04c1-424b-9868-57a2d4851a1d" relativeResultsDirectory="f4c38ae9-2eb8-4ef3-98c3-4ee819ac4ad5" />
    <UnitTestResult executionId="c88eb6f0-7cb5-4879-a209-96d4efab1b53" testId="f85e223b-9847-f377-550d-bb58f64d25df" testName="FileBasedApp.Toolkit.Tests.PathUtilTest.GetRootFolder_CurrentDirectory_ShouldReturnCurrentWorkingDirectory" computerName="DESKTOP-RHANN0P" duration="00:00:00.0008164" startTime="2026-03-15T15:04:53.6223853+01:00" endTime="2026-03-15T15:04:53.6224214+01:00" testType="13cdc9d9-ddb5-4fa4-a97d-d965ccfc6d4b" outcome="Passed" testListId="8c84fa94-04c1-424b-9868-57a2d4851a1d" relativeResultsDirectory="c88eb6f0-7cb5-4879-a209-96d4efab1b53" />
    <UnitTestResult executionId="8d1334e9-62f1-4c04-8039-b869f09d4727" testId="f4d3591f-282b-6c3d-d9c5-8c34518b38ce" testName="FileBasedApp.Toolkit.Tests.EnumerableExtensionsTest.GetFirstOrNull_NoPredicate_ReturnsFirstElement" computerName="DESKTOP-RHANN0P" duration="00:00:00.0005639" startTime="2026-03-15T15:04:53.6189479+01:00" endTime="2026-03-15T15:04:53.6189942+01:00" testType="13cdc9d9-ddb5-4fa4-a97d-d965ccfc6d4b" outcome="Passed" testListId="8c84fa94-04c1-424b-9868-57a2d4851a1d" relativeResultsDirectory="8d1334e9-62f1-4c04-8039-b869f09d4727" />
    <UnitTestResult executionId="ff7cbc37-dbad-49e3-8f23-52ec1c33f75e" testId="8c4712d4-8b55-db73-82a7-0d58f840b220" testName="FileBasedApp.Toolkit.Tests.SimpleExec.SimpleExecRunnerTest.Run_PassesExitCodeHandler(method: RunAsync)" computerName="DESKTOP-RHANN0P" duration="00:00:00.0002461" startTime="2026-03-15T15:04:53.6675119+01:00" endTime="2026-03-15T15:04:53.6676831+01:00" testType="13cdc9d9-ddb5-4fa4-a97d-d965ccfc6d4b" outcome="Passed" testListId="8c84fa94-04c1-424b-9868-57a2d4851a1d" relativeResultsDirectory="ff7cbc37-dbad-49e3-8f23-52ec1c33f75e" />
    <UnitTestResult executionId="0055b149-404b-43d3-bd0a-b2c96b002fff" testId="65af5af5-350b-302b-fb88-d626dc403e4c" testName="FileBasedApp.Toolkit.Tests.EnumerableExtensionsTest.GetSingleRequired_WithCustomErrorMessages_ThrowsWithCustomMessages" computerName="DESKTOP-RHANN0P" duration="00:00:00.0006867" startTime="2026-03-15T15:04:53.6194940+01:00" endTime="2026-03-15T15:04:53.6195282+01:00" testType="13cdc9d9-ddb5-4fa4-a97d-d965ccfc6d4b" outcome="Passed" testListId="8c84fa94-04c1-424b-9868-57a2d4851a1d" relativeResultsDirectory="0055b149-404b-43d3-bd0a-b2c96b002fff" />
    <UnitTestResult executionId="bad585f5-4fbb-4d42-8f17-c92ad30f28fe" testId="21e8f116-2d1b-bd13-b5c8-e7dc818ce6af" testName="FileBasedApp.Toolkit.Tests.SimpleExec.SimpleExecRunnerTest.Run_PassesConfigureEnvironment(method: RunAsync)" computerName="DESKTOP-RHANN0P" duration="00:00:00.0017643" startTime="2026-03-15T15:04:53.6426421+01:00" endTime="2026-03-15T15:04:53.6442096+01:00" testType="13cdc9d9-ddb5-4fa4-a97d-d965ccfc6d4b" outcome="Passed" testListId="8c84fa94-04c1-424b-9868-57a2d4851a1d" relativeResultsDirectory="bad585f5-4fbb-4d42-8f17-c92ad30f28fe" />
    <UnitTestResult executionId="baf50327-adcf-4ca4-9034-ff9b9d4b1c2e" testId="134ca248-3ab1-757c-504a-2c21d90db250" testName="FileBasedApp.Toolkit.Tests.PathUtilTest.AnalyzeFilePath_NoRoots_FileShouldExists" computerName="DESKTOP-RHANN0P" duration="00:00:00.0025393" startTime="2026-03-15T15:04:53.6228316+01:00" endTime="2026-03-15T15:04:53.6228955+01:00" testType="13cdc9d9-ddb5-4fa4-a97d-d965ccfc6d4b" outcome="Passed" testListId="8c84fa94-04c1-424b-9868-57a2d4851a1d" relativeResultsDirectory="baf50327-adcf-4ca4-9034-ff9b9d4b1c2e" />
    <UnitTestResult executionId="0437c14d-91b1-47ea-9e59-915a4b532dff" testId="cc2c360e-520e-4559-9913-cd20efcfeb05" testName="FileBasedApp.Toolkit.Tests.EnumerableExtensionsTest.GetSingleOrNull_NullableSource_ReturnsNullWhenNoMatch" computerName="DESKTOP-RHANN0P" duration="00:00:00.0003906" startTime="2026-03-15T15:04:53.6219352+01:00" endTime="2026-03-15T15:04:53.6219728+01:00" testType="13cdc9d9-ddb5-4fa4-a97d-d965ccfc6d4b" outcome="Passed" testListId="8c84fa94-04c1-424b-9868-57a2d4851a1d" relativeResultsDirectory="0437c14d-91b1-47ea-9e59-915a4b532dff" />
    <UnitTestResult executionId="53e065e8-4dc9-41ee-953f-d084f83ab0a5" testId="cfc84bf3-3755-d02a-513c-8bc12f0bcf79" testName="FileBasedApp.Toolkit.Tests.SimpleExec.SimpleExecRunnerTest.Run_PassesSecrets_WhenArgumentMarkedAsSecret(method: RunAsync)" computerName="DESKTOP-RHANN0P" duration="00:00:00.0002540" startTime="2026-03-15T15:04:53.6695226+01:00" endTime="2026-03-15T15:04:53.6696006+01:00" testType="13cdc9d9-ddb5-4fa4-a97d-d965ccfc6d4b" outcome="Passed" testListId="8c84fa94-04c1-424b-9868-57a2d4851a1d" relativeResultsDirectory="53e065e8-4dc9-41ee-953f-d084f83ab0a5" />
    <UnitTestResult executionId="05de898f-021b-4403-8d87-8f82c90a3860" testId="2f8206cf-fe63-e78e-ba47-d9b4956edb4f" testName="FileBasedApp.Toolkit.Tests.PathUtilTest.AnalyzeFilePath_NullPath_ShouldReturnError" computerName="DESKTOP-RHANN0P" duration="00:00:00.0015426" startTime="2026-03-15T15:04:53.6222586+01:00" endTime="2026-03-15T15:04:53.6222951+01:00" testType="13cdc9d9-ddb5-4fa4-a97d-d965ccfc6d4b" outcome="Passed" testListId="8c84fa94-04c1-424b-9868-57a2d4851a1d" relativeResultsDirectory="05de898f-021b-4403-8d87-8f82c90a3860" />
    <UnitTestResult executionId="104601fe-93d9-4ceb-910d-472997cb21a6" testId="d54e8d65-544a-d4e6-587d-223820648d58" testName="FileBasedApp.Toolkit.Tests.SimpleExec.SimpleExecRunnerTest.Run_PassesWorkingDirectory(method: Run)" computerName="DESKTOP-RHANN0P" duration="00:00:00.0003627" startTime="2026-03-15T15:04:53.6737989+01:00" endTime="2026-03-15T15:04:53.6740886+01:00" testType="13cdc9d9-ddb5-4fa4-a97d-d965ccfc6d4b" outcome="Passed" testListId="8c84fa94-04c1-424b-9868-57a2d4851a1d" relativeResultsDirectory="104601fe-93d9-4ceb-910d-472997cb21a6" />
    <UnitTestResult executionId="5edf99cc-d5fc-490e-b997-4b9fde73c8b9" testId="7c7d71ff-5aac-f7c4-9aa0-7ea2716d8dc8" testName="FileBasedApp.Toolkit.Tests.SimpleExec.SimpleExecRunnerTest.ReadAsync_PassesEncoding" computerName="DESKTOP-RHANN0P" duration="00:00:00.0010617" startTime="2026-03-15T15:04:53.6707037+01:00" endTime="2026-03-15T15:04:53.6716844+01:00" testType="13cdc9d9-ddb5-4fa4-a97d-d965ccfc6d4b" outcome="Passed" testListId="8c84fa94-04c1-424b-9868-57a2d4851a1d" relativeResultsDirectory="5edf99cc-d5fc-490e-b997-4b9fde73c8b9" />
    <UnitTestResult executionId="77b6b70b-2758-4655-9093-ae4909e8f7c7" testId="f5c07989-bff9-a755-38e1-8a109dd883b1" testName="FileBasedApp.Toolkit.Tests.SimpleExec.SimpleExecRunnerTest.ReadAsync_PassesConfigureEnvironment" computerName="DESKTOP-RHANN0P" duration="00:00:00.0008952" startTime="2026-03-15T15:04:53.6626874+01:00" endTime="2026-03-15T15:04:53.6635312+01:00" testType="13cdc9d9-ddb5-4fa4-a97d-d965ccfc6d4b" outcome="Passed" testListId="8c84fa94-04c1-424b-9868-57a2d4851a1d" relativeResultsDirectory="77b6b70b-2758-4655-9093-ae4909e8f7c7" />
    <UnitTestResult executionId="3a4a64f1-eac8-4dc7-bf48-ead9f19285ef" testId="fd904ddf-c8c9-a180-cb8b-de14eedc38bc" testName="FileBasedApp.Toolkit.Tests.SimpleExec.SimpleExecRunnerTest.Run_DefaultValues_PassesExpectedDefaults(method: Run)" computerName="DESKTOP-RHANN0P" duration="00:00:00.1231528" startTime="2026-03-15T15:04:53.5095078+01:00" endTime="2026-03-15T15:04:53.6349695+01:00" testType="13cdc9d9-ddb5-4fa4-a97d-d965ccfc6d4b" outcome="Passed" testListId="8c84fa94-04c1-424b-9868-57a2d4851a1d" relativeResultsDirectory="3a4a64f1-eac8-4dc7-bf48-ead9f19285ef" />
    <UnitTestResult executionId="d047da64-fb1b-4002-9310-c28f67e31bd3" testId="8a5f7935-d5ca-5953-647e-a5205c0e6854" testName="FileBasedApp.Toolkit.Tests.SimpleExec.SimpleExecRunnerTest.Run_PassesEchoPrefix(method: Run)" computerName="DESKTOP-RHANN0P" duration="00:00:00.0005674" startTime="2026-03-15T15:04:53.6696951+01:00" endTime="2026-03-15T15:04:53.6702379+01:00" testType="13cdc9d9-ddb5-4fa4-a97d-d965ccfc6d4b" outcome="Passed" testListId="8c84fa94-04c1-424b-9868-57a2d4851a1d" relativeResultsDirectory="d047da64-fb1b-4002-9310-c28f67e31bd3" />
    <UnitTestResult executionId="a83944dd-98ba-4277-a304-c391d3b2b3f3" testId="54df141f-5c70-df9c-dade-426979239637" testName="FileBasedApp.Toolkit.Tests.SimpleExec.SimpleExecRunnerTest.ReadAsync_PassesExitCodeHandler" computerName="DESKTOP-RHANN0P" duration="00:00:00.0006814" startTime="2026-03-15T15:04:53.6750930+01:00" endTime="2026-03-15T15:04:53.6751383+01:00" testType="13cdc9d9-ddb5-4fa4-a97d-d965ccfc6d4b" outcome="Passed" testListId="8c84fa94-04c1-424b-9868-57a2d4851a1d" relativeResultsDirectory="a83944dd-98ba-4277-a304-c391d3b2b3f3" />
    <UnitTestResult executionId="be383135-454e-4808-b3a1-8d0c1e7dd879" testId="c29d2a7d-51da-6c9d-4854-02e7680bea5f" testName="FileBasedApp.Toolkit.Tests.EnumerableExtensionsTest.GetSingleOrNull_ThrowsExceptionWhenMultipleMatches" computerName="DESKTOP-RHANN0P" duration="00:00:00.0011160" startTime="2026-03-15T15:04:53.5759628+01:00" endTime="2026-03-15T15:04:53.5759990+01:00" testType="13cdc9d9-ddb5-4fa4-a97d-d965ccfc6d4b" outcome="Passed" testListId="8c84fa94-04c1-424b-9868-57a2d4851a1d" relativeResultsDirectory="be383135-454e-4808-b3a1-8d0c1e7dd879" />
    <UnitTestResult executionId="af2728ac-bb3b-47e2-9bcf-7c19d09e8eeb" testId="cf79c229-7f19-cc9d-b3a1-a65eaa8fde0c" testName="FileBasedApp.Toolkit.Tests.SimpleExec.SimpleExecRunnerTest.Run_PassesSecrets_WhenArgumentMarkedAsSecret(method: Run)" computerName="DESKTOP-RHANN0P" duration="00:00:00.0005835" startTime="2026-03-15T15:04:53.6693988+01:00" endTime="2026-03-15T15:04:53.6694404+01:00" testType="13cdc9d9-ddb5-4fa4-a97d-d965ccfc6d4b" outcome="Passed" testListId="8c84fa94-04c1-424b-9868-57a2d4851a1d" relativeResultsDirectory="af2728ac-bb3b-47e2-9bcf-7c19d09e8eeb" />
    <UnitTestResult executionId="ab58427d-0be1-4638-9d77-9b4bbb8f81d7" testId="77e2cc33-2d6f-f764-15fe-1dbd9b961671" testName="FileBasedApp.Toolkit.Tests.EnumerableExtensionsTest.GetSingleOrNull_NullableSource_ThrowsExceptionWhenMultipleMatches" computerName="DESKTOP-RHANN0P" duration="00:00:00.0012560" startTime="2026-03-15T15:04:53.6191185+01:00" endTime="2026-03-15T15:04:53.6191554+01:00" testType="13cdc9d9-ddb5-4fa4-a97d-d965ccfc6d4b" outcome="Passed" testListId="8c84fa94-04c1-424b-9868-57a2d4851a1d" relativeResultsDirectory="ab58427d-0be1-4638-9d77-9b4bbb8f81d7" />
    <UnitTestResult executionId="0d25195f-b459-49fe-9222-07c0c739d40a" testId="9132dce2-f54c-af66-a41b-7182b7d86350" testName="FileBasedApp.Toolkit.Tests.EnumerableExtensionsTest.GetSingleRequired_ReturnsSingleMatchingElement" computerName="DESKTOP-RHANN0P" duration="00:00:00.0003461" startTime="2026-03-15T15:04:53.6193760+01:00" endTime="2026-03-15T15:04:53.6194107+01:00" testType="13cdc9d9-ddb5-4fa4-a97d-d965ccfc6d4b" outcome="Passed" testListId="8c84fa94-04c1-424b-9868-57a2d4851a1d" relativeResultsDirectory="0d25195f-b459-49fe-9222-07c0c739d40a" />
    <UnitTestResult executionId="7be65c62-30b7-457c-b5b7-832286c1ac8c" testId="858432a5-ff99-5a14-7c0f-c0908abae172" testName="FileBasedApp.Toolkit.Tests.SimpleExec.SimpleExecRunnerTest.ReadAsync_PassesStandardInput" computerName="DESKTOP-RHANN0P" duration="00:00:00.0006015" startTime="2026-03-15T15:04:53.6791674+01:00" endTime="2026-03-15T15:04:53.6797178+01:00" testType="13cdc9d9-ddb5-4fa4-a97d-d965ccfc6d4b" outcome="Passed" testListId="8c84fa94-04c1-424b-9868-57a2d4851a1d" relativeResultsDirectory="7be65c62-30b7-457c-b5b7-832286c1ac8c" />
    <UnitTestResult executionId="2c523cc8-7c92-47bf-9c93-0569cd335829" testId="9a09b2b9-9a01-36d2-7e5c-75f16de7d6bc" testName="FileBasedApp.Toolkit.Tests.SimpleExec.SimpleExecRunnerTest.ReadAsync_PassesNameAndArguments" computerName="DESKTOP-RHANN0P" duration="00:00:00.0167389" startTime="2026-03-15T15:04:53.6446464+01:00" endTime="2026-03-15T15:04:53.6614354+01:00" testType="13cdc9d9-ddb5-4fa4-a97d-d965ccfc6d4b" outcome="Passed" testListId="8c84fa94-04c1-424b-9868-57a2d4851a1d" relativeResultsDirectory="2c523cc8-7c92-47bf-9c93-0569cd335829" />
    <UnitTestResult executionId="d2dc7fcc-53db-45c7-977f-9ec4c7439bfd" testId="05062a5d-fb9e-5ecd-0f4d-a4e69aee5aaa" testName="FileBasedApp.Toolkit.Tests.SimpleExec.SimpleExecRunnerTest.Run_PassesNoEcho(method: RunAsync)" computerName="DESKTOP-RHANN0P" duration="00:00:00.0003003" startTime="2026-03-15T15:04:53.6665822+01:00" endTime="2026-03-15T15:04:53.6667491+01:00" testType="13cdc9d9-ddb5-4fa4-a97d-d965ccfc6d4b" outcome="Passed" testListId="8c84fa94-04c1-424b-9868-57a2d4851a1d" relativeResultsDirectory="d2dc7fcc-53db-45c7-977f-9ec4c7439bfd" />
  </Results>
  <TestDefinitions>
    <UnitTest name="FileBasedApp.Toolkit.Tests.PathUtilTest.AnalyzeDirectory_WithNonExistingDirectory_ShouldReturnError" storage="d:\code\filebasedapp.toolkit\source\filebasedapp\filebasedapp.toolkit.tests\bin\debug\net10.0\filebasedapp.toolkit.tests.dll" id="7745c892-da9e-5475-7ae4-0af236e76297">
      <Execution id="f4c38ae9-2eb8-4ef3-98c3-4ee819ac4ad5" />
      <TestMethod codeBase="D:\code\FileBasedApp.Toolkit\Source\FileBasedApp\FileBasedApp.Toolkit.Tests\bin\Debug\net10.0\FileBasedApp.Toolkit.Tests.dll" adapterTypeName="executor://xunit/VsTestRunner3/netcore/" className="FileBasedApp.Toolkit.Tests.PathUtilTest" name="AnalyzeDirectory_WithNonExistingDirectory_ShouldReturnError" />
    </UnitTest>
    <UnitTest name="FileBasedApp.Toolkit.Tests.SimpleExec.SimpleExecRunnerTest.Run_PassesWorkingDirectory(method: RunAsync)" storage="d:\code\filebasedapp.toolkit\source\filebasedapp\filebasedapp.toolkit.tests\bin\debug\net10.0\filebasedapp.toolkit.tests.dll" id="de4d4b6b-1a0e-b6be-8cb2-48455120bfb2">
      <Execution id="b946d42d-f8dd-400b-b31f-02d623837efb" />
      <TestMethod codeBase="D:\code\FileBasedApp.Toolkit\Source\FileBasedApp\FileBasedApp.Toolkit.Tests\bin\Debug\net10.0\FileBasedApp.Toolkit.Tests.dll" adapterTypeName="executor://xunit/VsTestRunner3/netcore/" className="FileBasedApp.Toolkit.Tests.SimpleExec.SimpleExecRunnerTest" name="Run_PassesWorkingDirectory" />
    </UnitTest>
    <UnitTest name="FileBasedApp.Toolkit.Tests.SimpleExec.SimpleExecRunnerTest.Run_PassesCreateNoWindow(method: RunAsync)" storage="d:\code\filebasedapp.toolkit\source\filebasedapp\filebasedapp.toolkit.tests\bin\debug\net10.0\filebasedapp.toolkit.tests.dll" id="8f7ff804-9846-f2af-fc9b-f9614f2a7286">
      <Execution id="50a80b10-c406-4c21-b466-29faed794161" />
      <TestMethod codeBase="D:\code\FileBasedApp.Toolkit\Source\FileBasedApp\FileBasedApp.Toolkit.Tests\bin\Debug\net10.0\FileBasedApp.Toolkit.Tests.dll" adapterTypeName="executor://xunit/VsTestRunner3/netcore/" className="FileBasedApp.Toolkit.Tests.SimpleExec.SimpleExecRunnerTest" name="Run_PassesCreateNoWindow" />
    </UnitTest>
    <UnitTest name="FileBasedApp.Toolkit.Tests.EnumerableExtensionsTest.GetSingleOrNull_NullableSource_ReturnsNullWhenNoMatch" storage="d:\code\filebasedapp.toolkit\source\filebasedapp\filebasedapp.toolkit.tests\bin\debug\net10.0\filebasedapp.toolkit.tests.dll" id="cc2c360e-520e-4559-9913-cd20efcfeb05">
      <Execution id="0437c14d-91b1-47ea-9e59-915a4b532dff" />
      <TestMethod codeBase="D:\code\FileBasedApp.Toolkit\Source\FileBasedApp\FileBasedApp.Toolkit.Tests\bin\Debug\net10.0\FileBasedApp.Toolkit.Tests.dll" adapterTypeName="executor://xunit/VsTestRunner3/netcore/" className="FileBasedApp.Toolkit.Tests.EnumerableExtensionsTest" name="GetSingleOrNull_NullableSource_ReturnsNullWhenNoMatch" />
    </UnitTest>
    <UnitTest name="FileBasedApp.Toolkit.Tests.EnumerableExtensionsTest.GetSingleOrNull_NullableSource_ThrowsExceptionWhenMultipleMatches" storage="d:\code\filebasedapp.toolkit\source\filebasedapp\filebasedapp.toolkit.tests\bin\debug\net10.0\filebasedapp.toolkit.tests.dll" id="77e2cc33-2d6f-f764-15fe-1dbd9b961671">
      <Execution id="ab58427d-0be1-4638-9d77-9b4bbb8f81d7" />
      <TestMethod codeBase="D:\code\FileBasedApp.Toolkit\Source\FileBasedApp\FileBasedApp.Toolkit.Tests\bin\Debug\net10.0\FileBasedApp.Toolkit.Tests.dll" adapterTypeName="executor://xunit/VsTestRunner3/netcore/" className="FileBasedApp.Toolkit.Tests.EnumerableExtensionsTest" name="GetSingleOrNull_NullableSource_ThrowsExceptionWhenMultipleMatches" />
    </UnitTest>
    <UnitTest name="FileBasedApp.Toolkit.Tests.SimpleExec.SimpleExecRunnerTest.Run_UsesExplicitCommandWrapper_WhenProvided(method: RunAsync)" storage="d:\code\filebasedapp.toolkit\source\filebasedapp\filebasedapp.toolkit.tests\bin\debug\net10.0\filebasedapp.toolkit.tests.dll" id="9564e915-939b-1c62-e166-119312b0a620">
      <Execution id="dbbfb941-54e4-448a-8762-87cf04bcc54a" />
      <TestMethod codeBase="D:\code\FileBasedApp.Toolkit\Source\FileBasedApp\FileBasedApp.Toolkit.Tests\bin\Debug\net10.0\FileBasedApp.Toolkit.Tests.dll" adapterTypeName="executor://xunit/VsTestRunner3/netcore/" className="FileBasedApp.Toolkit.Tests.SimpleExec.SimpleExecRunnerTest" name="Run_UsesExplicitCommandWrapper_WhenProvided" />
    </UnitTest>
    <UnitTest name="FileBasedApp.Toolkit.Tests.SimpleExec.SimpleExecRunnerTest.Run_PassesCancellationIgnoresProcessTree(method: RunAsync)" storage="d:\code\filebasedapp.toolkit\source\filebasedapp\filebasedapp.toolkit.tests\bin\debug\net10.0\filebasedapp.toolkit.tests.dll" id="e16c9a88-8fa8-6f67-2661-9c37d57ecd31">
      <Execution id="795c3a47-5c0c-4ce6-812c-d39122997394" />
      <TestMethod codeBase="D:\code\FileBasedApp.Toolkit\Source\FileBasedApp\FileBasedApp.Toolkit.Tests\bin\Debug\net10.0\FileBasedApp.Toolkit.Tests.dll" adapterTypeName="executor://xunit/VsTestRunner3/netcore/" className="FileBasedApp.Toolkit.Tests.SimpleExec.SimpleExecRunnerTest" name="Run_PassesCancellationIgnoresProcessTree" />
    </UnitTest>
    <UnitTest name="FileBasedApp.Toolkit.Tests.SimpleExec.SimpleExecRunnerTest.Run_PassesExitCodeHandler(method: RunAsync)" storage="d:\code\filebasedapp.toolkit\source\filebasedapp\filebasedapp.toolkit.tests\bin\debug\net10.0\filebasedapp.toolkit.tests.dll" id="8c4712d4-8b55-db73-82a7-0d58f840b220">
      <Execution id="ff7cbc37-dbad-49e3-8f23-52ec1c33f75e" />
      <TestMethod codeBase="D:\code\FileBasedApp.Toolkit\Source\FileBasedApp\FileBasedApp.Toolkit.Tests\bin\Debug\net10.0\FileBasedApp.Toolkit.Tests.dll" adapterTypeName="executor://xunit/VsTestRunner3/netcore/" className="FileBasedApp.Toolkit.Tests.SimpleExec.SimpleExecRunnerTest" name="Run_PassesExitCodeHandler" />
    </UnitTest>
    <UnitTest name="FileBasedApp.Toolkit.Tests.SimpleExec.SimpleExecRunnerTest.AddArguments_WithSecret_AddsAllToSecrets" storage="d:\code\filebasedapp.toolkit\source\filebasedapp\filebasedapp.toolkit.tests\bin\debug\net10.0\filebasedapp.toolkit.tests.dll" id="dbd590ef-b8ad-f1fb-c2bc-a95225b8bd07">
      <Execution id="d51f5aa1-d10c-4389-9202-27d1d42a8a56" />
      <TestMethod codeBase="D:\code\FileBasedApp.Toolkit\Source\FileBasedApp\FileBasedApp.Toolkit.Tests\bin\Debug\net10.0\FileBasedApp.Toolkit.Tests.dll" adapterTypeName="executor://xunit/VsTestRunner3/netcore/" className="FileBasedApp.Toolkit.Tests.SimpleExec.SimpleExecRunnerTest" name="AddArguments_WithSecret_AddsAllToSecrets" />
    </UnitTest>
    <UnitTest name="FileBasedApp.Toolkit.Tests.SimpleExec.SimpleExecRunnerTest.ReadAsync_PassesStandardInput" storage="d:\code\filebasedapp.toolkit\source\filebasedapp\filebasedapp.toolkit.tests\bin\debug\net10.0\filebasedapp.toolkit.tests.dll" id="858432a5-ff99-5a14-7c0f-c0908abae172">
      <Execution id="7be65c62-30b7-457c-b5b7-832286c1ac8c" />
      <TestMethod codeBase="D:\code\FileBasedApp.Toolkit\Source\FileBasedApp\FileBasedApp.Toolkit.Tests\bin\Debug\net10.0\FileBasedApp.Toolkit.Tests.dll" adapterTypeName="executor://xunit/VsTestRunner3/netcore/" className="FileBasedApp.Toolkit.Tests.SimpleExec.SimpleExecRunnerTest" name="ReadAsync_PassesStandardInput" />
    </UnitTest>
    <UnitTest name="FileBasedApp.Toolkit.Tests.SimpleExec.SimpleExecRunnerTest.Run_UsesExplicitCommandWrapper_WhenProvided(method: Run)" storage="d:\code\filebasedapp.toolkit\source\filebasedapp\filebasedapp.toolkit.tests\bin\debug\net10.0\filebasedapp.toolkit.tests.dll" id="5ddfb5fc-8e56-3069-9cc8-0e63911a1b90">
      <Execution id="cbb00be9-140b-48a7-934b-1189de5f6198" />
      <TestMethod codeBase="D:\code\FileBasedApp.Toolkit\Source\FileBasedApp\FileBasedApp.Toolkit.Tests\bin\Debug\net10.0\FileBasedApp.Toolkit.Tests.dll" adapterTypeName="executor://xunit/VsTestRunner3/netcore/" className="FileBasedApp.Toolkit.Tests.SimpleExec.SimpleExecRunnerTest" name="Run_UsesExplicitCommandWrapper_WhenProvided" />
    </UnitTest>
    <UnitTest name="FileBasedApp.Toolkit.Tests.SimpleExec.SimpleExecRunnerTest.AddSecrets_AppendsToExistingSecrets" storage="d:\code\filebasedapp.toolkit\source\filebasedapp\filebasedapp.toolkit.tests\bin\debug\net10.0\filebasedapp.toolkit.tests.dll" id="09878e65-7130-1541-b314-086e94a97683">
      <Execution id="51e358e8-212f-4b4d-85d5-cda7126aa928" />
      <TestMethod codeBase="D:\code\FileBasedApp.Toolkit\Source\FileBasedApp\FileBasedApp.Toolkit.Tests\bin\Debug\net10.0\FileBasedApp.Toolkit.Tests.dll" adapterTypeName="executor://xunit/VsTestRunner3/netcore/" className="FileBasedApp.Toolkit.Tests.SimpleExec.SimpleExecRunnerTest" name="AddSecrets_AppendsToExistingSecrets" />
    </UnitTest>
    <UnitTest name="FileBasedApp.Toolkit.Tests.EnumerableExtensionsTest.GetSingleOrNull_ReturnsSingleMatchingElement" storage="d:\code\filebasedapp.toolkit\source\filebasedapp\filebasedapp.toolkit.tests\bin\debug\net10.0\filebasedapp.toolkit.tests.dll" id="dea39721-046e-0fbf-8fc8-da4abc872d2a">
      <Execution id="05a1fbe7-f32a-4a9e-bb70-7503af5c3248" />
      <TestMethod codeBase="D:\code\FileBasedApp.Toolkit\Source\FileBasedApp\FileBasedApp.Toolkit.Tests\bin\Debug\net10.0\FileBasedApp.Toolkit.Tests.dll" adapterTypeName="executor://xunit/VsTestRunner3/netcore/" className="FileBasedApp.Toolkit.Tests.EnumerableExtensionsTest" name="GetSingleOrNull_ReturnsSingleMatchingElement" />
    </UnitTest>
    <UnitTest name="FileBasedApp.Toolkit.Tests.EnumerableExtensionsTest.GetSingleOrNull_ThrowsExceptionWhenMultipleMatches" storage="d:\code\filebasedapp.toolkit\source\filebasedapp\filebasedapp.toolkit.tests\bin\debug\net10.0\filebasedapp.toolkit.tests.dll" id="c29d2a7d-51da-6c9d-4854-02e7680bea5f">
      <Execution id="be383135-454e-4808-b3a1-8d0c1e7dd879" />
      <TestMethod codeBase="D:\code\FileBasedApp.Toolkit\Source\FileBasedApp\FileBasedApp.Toolkit.Tests\bin\Debug\net10.0\FileBasedApp.Toolkit.Tests.dll" adapterTypeName="executor://xunit/VsTestRunner3/netcore/" className="FileBasedApp.Toolkit.Tests.EnumerableExtensionsTest" name="GetSingleOrNull_ThrowsExceptionWhenMultipleMatches" />
    </UnitTest>
    <UnitTest name="FileBasedApp.Toolkit.Tests.SimpleExec.SimpleExecRunnerTest.ReadAsync_PassesCancellationIgnoresProcessTree" storage="d:\code\filebasedapp.toolkit\source\filebasedapp\filebasedapp.toolkit.tests\bin\debug\net10.0\filebasedapp.toolkit.tests.dll" id="cea898ea-6ad9-f5b4-2052-550b0404e14f">
      <Execution id="6f610a66-35ee-44fd-9e52-9189752a7c48" />
      <TestMethod codeBase="D:\code\FileBasedApp.Toolkit\Source\FileBasedApp\FileBasedApp.Toolkit.Tests\bin\Debug\net10.0\FileBasedApp.Toolkit.Tests.dll" adapterTypeName="executor://xunit/VsTestRunner3/netcore/" className="FileBasedApp.Toolkit.Tests.SimpleExec.SimpleExecRunnerTest" name="ReadAsync_PassesCancellationIgnoresProcessTree" />
    </UnitTest>
    <UnitTest name="FileBasedApp.Toolkit.Tests.PathUtilTest.AnalyzeFilePath_NullPath_ShouldReturnError" storage="d:\code\filebasedapp.toolkit\source\filebasedapp\filebasedapp.toolkit.tests\bin\debug\net10.0\filebasedapp.toolkit.tests.dll" id="2f8206cf-fe63-e78e-ba47-d9b4956edb4f">
      <Execution id="05de898f-021b-4403-8d87-8f82c90a3860" />
      <TestMethod codeBase="D:\code\FileBasedApp.Toolkit\Source\FileBasedApp\FileBasedApp.Toolkit.Tests\bin\Debug\net10.0\FileBasedApp.Toolkit.Tests.dll" adapterTypeName="executor://xunit/VsTestRunner3/netcore/" className="FileBasedApp.Toolkit.Tests.PathUtilTest" name="AnalyzeFilePath_NullPath_ShouldReturnError" />
    </UnitTest>
    <UnitTest name="FileBasedApp.Toolkit.Tests.EnumerableExtensionsTest.GetSingleRequired_ThrowsExceptionWhenMultipleMatches" storage="d:\code\filebasedapp.toolkit\source\filebasedapp\filebasedapp.toolkit.tests\bin\debug\net10.0\filebasedapp.toolkit.tests.dll" id="03fbab43-3ccd-b5f9-163d-c26fa183acf7">
      <Execution id="bf83a8fe-196e-4533-9c31-e5ac4c22f21f" />
      <TestMethod codeBase="D:\code\FileBasedApp.Toolkit\Source\FileBasedApp\FileBasedApp.Toolkit.Tests\bin\Debug\net10.0\FileBasedApp.Toolkit.Tests.dll" adapterTypeName="executor://xunit/VsTestRunner3/netcore/" className="FileBasedApp.Toolkit.Tests.EnumerableExtensionsTest" name="GetSingleRequired_ThrowsExceptionWhenMultipleMatches" />
    </UnitTest>
    <UnitTest name="FileBasedApp.Toolkit.Tests.SimpleExec.SimpleExecRunnerTest.AddArgumentPair_WithSecret_OnlyMarksValueAsSecret" storage="d:\code\filebasedapp.toolkit\source\filebasedapp\filebasedapp.toolkit.tests\bin\debug\net10.0\filebasedapp.toolkit.tests.dll" id="064956b7-ec46-bd9b-b533-d31f6b18da38">
      <Execution id="eb5885f3-7e8d-4e07-a41b-63dee24b2f10" />
      <TestMethod codeBase="D:\code\FileBasedApp.Toolkit\Source\FileBasedApp\FileBasedApp.Toolkit.Tests\bin\Debug\net10.0\FileBasedApp.Toolkit.Tests.dll" adapterTypeName="executor://xunit/VsTestRunner3/netcore/" className="FileBasedApp.Toolkit.Tests.SimpleExec.SimpleExecRunnerTest" name="AddArgumentPair_WithSecret_OnlyMarksValueAsSecret" />
    </UnitTest>
    <UnitTest name="FileBasedApp.Toolkit.Tests.PathUtilTest.AnalyzeFilePath_NoRoots_FileShouldExists" storage="d:\code\filebasedapp.toolkit\source\filebasedapp\filebasedapp.toolkit.tests\bin\debug\net10.0\filebasedapp.toolkit.tests.dll" id="134ca248-3ab1-757c-504a-2c21d90db250">
      <Execution id="baf50327-adcf-4ca4-9034-ff9b9d4b1c2e" />
      <TestMethod codeBase="D:\code\FileBasedApp.Toolkit\Source\FileBasedApp\FileBasedApp.Toolkit.Tests\bin\Debug\net10.0\FileBasedApp.Toolkit.Tests.dll" adapterTypeName="executor://xunit/VsTestRunner3/netcore/" className="FileBasedApp.Toolkit.Tests.PathUtilTest" name="AnalyzeFilePath_NoRoots_FileShouldExists" />
    </UnitTest>
    <UnitTest name="FileBasedApp.Toolkit.Tests.PathUtilTest.AnalyzeFilePath_MultipleRootsNoMatch_FileShouldNotExist" storage="d:\code\filebasedapp.toolkit\source\filebasedapp\filebasedapp.toolkit.tests\bin\debug\net10.0\filebasedapp.toolkit.tests.dll" id="9ffa894b-238e-f20c-d3fd-853a82fc5567">
      <Execution id="adfeb02b-5879-4ba2-87a0-36daca201eed" />
      <TestMethod codeBase="D:\code\FileBasedApp.Toolkit\Source\FileBasedApp\FileBasedApp.Toolkit.Tests\bin\Debug\net10.0\FileBasedApp.Toolkit.Tests.dll" adapterTypeName="executor://xunit/VsTestRunner3/netcore/" className="FileBasedApp.Toolkit.Tests.PathUtilTest" name="AnalyzeFilePath_MultipleRootsNoMatch_FileShouldNotExist" />
    </UnitTest>
    <UnitTest name="FileBasedApp.Toolkit.Tests.SimpleExec.SimpleExecRunnerTest.Run_PassesCancellationIgnoresProcessTree(method: Run)" storage="d:\code\filebasedapp.toolkit\source\filebasedapp\filebasedapp.toolkit.tests\bin\debug\net10.0\filebasedapp.toolkit.tests.dll" id="33f66893-f5c2-560e-6985-5e489bfd0f2f">
      <Execution id="a72d36cc-df18-4ddd-b6a5-20b7f2f786a0" />
      <TestMethod codeBase="D:\code\FileBasedApp.Toolkit\Source\FileBasedApp\FileBasedApp.Toolkit.Tests\bin\Debug\net10.0\FileBasedApp.Toolkit.Tests.dll" adapterTypeName="executor://xunit/VsTestRunner3/netcore/" className="FileBasedApp.Toolkit.Tests.SimpleExec.SimpleExecRunnerTest" name="Run_PassesCancellationIgnoresProcessTree" />
    </UnitTest>
    <UnitTest name="FileBasedApp.Toolkit.Tests.SimpleExec.SimpleExecRunnerTest.ReadAsync_DefaultValues_PassesExpectedDefaults" storage="d:\code\filebasedapp.toolkit\source\filebasedapp\filebasedapp.toolkit.tests\bin\debug\net10.0\filebasedapp.toolkit.tests.dll" id="2c5b749a-10eb-e5ce-73d2-d4e846fe822b">
      <Execution id="121be8eb-64be-4db7-a6e7-9a1530d085ea" />
      <TestMethod codeBase="D:\code\FileBasedApp.Toolkit\Source\FileBasedApp\FileBasedApp.Toolkit.Tests\bin\Debug\net10.0\FileBasedApp.Toolkit.Tests.dll" adapterTypeName="executor://xunit/VsTestRunner3/netcore/" className="FileBasedApp.Toolkit.Tests.SimpleExec.SimpleExecRunnerTest" name="ReadAsync_DefaultValues_PassesExpectedDefaults" />
    </UnitTest>
    <UnitTest name="FileBasedApp.Toolkit.Tests.SimpleExec.SimpleExecRunnerTest.Run_PassesConfigureEnvironment(method: RunAsync)" storage="d:\code\filebasedapp.toolkit\source\filebasedapp\filebasedapp.toolkit.tests\bin\debug\net10.0\filebasedapp.toolkit.tests.dll" id="21e8f116-2d1b-bd13-b5c8-e7dc818ce6af">
      <Execution id="bad585f5-4fbb-4d42-8f17-c92ad30f28fe" />
      <TestMethod codeBase="D:\code\FileBasedApp.Toolkit\Source\FileBasedApp\FileBasedApp.Toolkit.Tests\bin\Debug\net10.0\FileBasedApp.Toolkit.Tests.dll" adapterTypeName="executor://xunit/VsTestRunner3/netcore/" className="FileBasedApp.Toolkit.Tests.SimpleExec.SimpleExecRunnerTest" name="Run_PassesConfigureEnvironment" />
    </UnitTest>
    <UnitTest name="FileBasedApp.Toolkit.Tests.SimpleExec.SimpleExecRunnerTest.Run_PassesEchoPrefix(method: RunAsync)" storage="d:\code\filebasedapp.toolkit\source\filebasedapp\filebasedapp.toolkit.tests\bin\debug\net10.0\filebasedapp.toolkit.tests.dll" id="4eb23d4f-d74b-e36d-3a74-816c14079631">
      <Execution id="596e3457-6066-4021-ae5d-065cc2a3003f" />
      <TestMethod codeBase="D:\code\FileBasedApp.Toolkit\Source\FileBasedApp\FileBasedApp.Toolkit.Tests\bin\Debug\net10.0\FileBasedApp.Toolkit.Tests.dll" adapterTypeName="executor://xunit/VsTestRunner3/netcore/" className="FileBasedApp.Toolkit.Tests.SimpleExec.SimpleExecRunnerTest" name="Run_PassesEchoPrefix" />
    </UnitTest>
    <UnitTest name="FileBasedApp.Toolkit.Tests.EnumerableExtensionsTest.GetFirstRequired_WithCustomErrorMessage_ThrowsWithCustomMessage" storage="d:\code\filebasedapp.toolkit\source\filebasedapp\filebasedapp.toolkit.tests\bin\debug\net10.0\filebasedapp.toolkit.tests.dll" id="6779b88d-fc59-173c-eacc-e4efdade4196">
      <Execution id="eaf60873-ea07-4f6e-abfc-e832f97d5cab" />
      <TestMethod codeBase="D:\code\FileBasedApp.Toolkit\Source\FileBasedApp\FileBasedApp.Toolkit.Tests\bin\Debug\net10.0\FileBasedApp.Toolkit.Tests.dll" adapterTypeName="executor://xunit/VsTestRunner3/netcore/" className="FileBasedApp.Toolkit.Tests.EnumerableExtensionsTest" name="GetFirstRequired_WithCustomErrorMessage_ThrowsWithCustomMessage" />
    </UnitTest>
    <UnitTest name="FileBasedApp.Toolkit.Tests.SimpleExec.SimpleExecRunnerTest.Run_PassesWorkingDirectory(method: Run)" storage="d:\code\filebasedapp.toolkit\source\filebasedapp\filebasedapp.toolkit.tests\bin\debug\net10.0\filebasedapp.toolkit.tests.dll" id="d54e8d65-544a-d4e6-587d-223820648d58">
      <Execution id="104601fe-93d9-4ceb-910d-472997cb21a6" />
      <TestMethod codeBase="D:\code\FileBasedApp.Toolkit\Source\FileBasedApp\FileBasedApp.Toolkit.Tests\bin\Debug\net10.0\FileBasedApp.Toolkit.Tests.dll" adapterTypeName="executor://xunit/VsTestRunner3/netcore/" className="FileBasedApp.Toolkit.Tests.SimpleExec.SimpleExecRunnerTest" name="Run_PassesWorkingDirectory" />
    </UnitTest>
    <UnitTest name="FileBasedApp.Toolkit.Tests.EnumerableExtensionsTest.GetSingleRequired_ThrowsExceptionWhenNoMatch" storage="d:\code\filebasedapp.toolkit\source\filebasedapp\filebasedapp.toolkit.tests\bin\debug\net10.0\filebasedapp.toolkit.tests.dll" id="b86ce6e6-f285-ee4e-fcd1-24616aaacc7a">
      <Execution id="84499cba-d42f-4f92-8385-36ee123b2d33" />
      <TestMethod codeBase="D:\code\FileBasedApp.Toolkit\Source\FileBasedApp\FileBasedApp.Toolkit.Tests\bin\Debug\net10.0\FileBasedApp.Toolkit.Tests.dll" adapterTypeName="executor://xunit/VsTestRunner3/netcore/" className="FileBasedApp.Toolkit.Tests.EnumerableExtensionsTest" name="GetSingleRequired_ThrowsExceptionWhenNoMatch" />
    </UnitTest>
    <UnitTest name="FileBasedApp.Toolkit.Tests.PathUtilTest.AnalyzeFilePath_FileDoesNotExist_ShouldNotRequireExist" storage="d:\code\filebasedapp.toolkit\source\filebasedapp\filebasedapp.toolkit.tests\bin\debug\net10.0\filebasedapp.toolkit.tests.dll" id="50fdc899-274d-cecc-7d02-b68c5f7252c0">
      <Execution id="e639245a-b125-4b94-a776-9e30afd01bc4" />
      <TestMethod codeBase="D:\code\FileBasedApp.Toolkit\Source\FileBasedApp\FileBasedApp.Toolkit.Tests\bin\Debug\net10.0\FileBasedApp.Toolkit.Tests.dll" adapterTypeName="executor://xunit/VsTestRunner3/netcore/" className="FileBasedApp.Toolkit.Tests.PathUtilTest" name="AnalyzeFilePath_FileDoesNotExist_ShouldNotRequireExist" />
    </UnitTest>
    <UnitTest name="FileBasedApp.Toolkit.Tests.EnumerableExtensionsTest.GetFirstRequired_ThrowsExceptionWhenNoMatch" storage="d:\code\filebasedapp.toolkit\source\filebasedapp\filebasedapp.toolkit.tests\bin\debug\net10.0\filebasedapp.toolkit.tests.dll" id="c6687cf7-5400-f053-da88-3ec268592e61">
      <Execution id="52eae2e5-4cff-4841-a31b-725672141684" />
      <TestMethod codeBase="D:\code\FileBasedApp.Toolkit\Source\FileBasedApp\FileBasedApp.Toolkit.Tests\bin\Debug\net10.0\FileBasedApp.Toolkit.Tests.dll" adapterTypeName="executor://xunit/VsTestRunner3/netcore/" className="FileBasedApp.Toolkit.Tests.EnumerableExtensionsTest" name="GetFirstRequired_ThrowsExceptionWhenNoMatch" />
    </UnitTest>
    <UnitTest name="FileBasedApp.Toolkit.Tests.PathUtilTest.AnalyzeDirectory_WithExistingDirectory_ShouldReturnPath" storage="d:\code\filebasedapp.toolkit\source\filebasedapp\filebasedapp.toolkit.tests\bin\debug\net10.0\filebasedapp.toolkit.tests.dll" id="bf1f6eb4-2dc8-fbd6-6fad-f352aa6aaf52">
      <Execution id="5928816b-eaf5-4a0f-896e-cc706eefc52c" />
      <TestMethod codeBase="D:\code\FileBasedApp.Toolkit\Source\FileBasedApp\FileBasedApp.Toolkit.Tests\bin\Debug\net10.0\FileBasedApp.Toolkit.Tests.dll" adapterTypeName="executor://xunit/VsTestRunner3/netcore/" className="FileBasedApp.Toolkit.Tests.PathUtilTest" name="AnalyzeDirectory_WithExistingDirectory_ShouldReturnPath" />
    </UnitTest>
    <UnitTest name="FileBasedApp.Toolkit.Tests.SimpleExec.SimpleExecRunnerTest.Run_PassesNameAndArguments(method: Run)" storage="d:\code\filebasedapp.toolkit\source\filebasedapp\filebasedapp.toolkit.tests\bin\debug\net10.0\filebasedapp.toolkit.tests.dll" id="63d623ef-996c-99e2-11cb-578d018552c9">
      <Execution id="78028b94-3479-4c1a-b393-e5af50882729" />
      <TestMethod codeBase="D:\code\FileBasedApp.Toolkit\Source\FileBasedApp\FileBasedApp.Toolkit.Tests\bin\Debug\net10.0\FileBasedApp.Toolkit.Tests.dll" adapterTypeName="executor://xunit/VsTestRunner3/netcore/" className="FileBasedApp.Toolkit.Tests.SimpleExec.SimpleExecRunnerTest" name="Run_PassesNameAndArguments" />
    </UnitTest>
    <UnitTest name="FileBasedApp.Toolkit.Tests.SimpleExec.SimpleExecRunnerTest.AddArguments_AddsMultipleArguments" storage="d:\code\filebasedapp.toolkit\source\filebasedapp\filebasedapp.toolkit.tests\bin\debug\net10.0\filebasedapp.toolkit.tests.dll" id="87f14075-a470-72cc-9f26-26c338e70110">
      <Execution id="360ac1a1-0db8-489a-a87a-f1c98ae39634" />
      <TestMethod codeBase="D:\code\FileBasedApp.Toolkit\Source\FileBasedApp\FileBasedApp.Toolkit.Tests\bin\Debug\net10.0\FileBasedApp.Toolkit.Tests.dll" adapterTypeName="executor://xunit/VsTestRunner3/netcore/" className="FileBasedApp.Toolkit.Tests.SimpleExec.SimpleExecRunnerTest" name="AddArguments_AddsMultipleArguments" />
    </UnitTest>
    <UnitTest name="FileBasedApp.Toolkit.Tests.SimpleExec.SimpleExecRunnerTest.Run_PassesEchoPrefix(method: Run)" storage="d:\code\filebasedapp.toolkit\source\filebasedapp\filebasedapp.toolkit.tests\bin\debug\net10.0\filebasedapp.toolkit.tests.dll" id="8a5f7935-d5ca-5953-647e-a5205c0e6854">
      <Execution id="d047da64-fb1b-4002-9310-c28f67e31bd3" />
      <TestMethod codeBase="D:\code\FileBasedApp.Toolkit\Source\FileBasedApp\FileBasedApp.Toolkit.Tests\bin\Debug\net10.0\FileBasedApp.Toolkit.Tests.dll" adapterTypeName="executor://xunit/VsTestRunner3/netcore/" className="FileBasedApp.Toolkit.Tests.SimpleExec.SimpleExecRunnerTest" name="Run_PassesEchoPrefix" />
    </UnitTest>
    <UnitTest name="FileBasedApp.Toolkit.Tests.SimpleExec.SimpleExecRunnerTest.Run_PassesNameAndArguments(method: RunAsync)" storage="d:\code\filebasedapp.toolkit\source\filebasedapp\filebasedapp.toolkit.tests\bin\debug\net10.0\filebasedapp.toolkit.tests.dll" id="7aab44a9-1440-b5de-acc4-d98bcc4ab7e0">
      <Execution id="ed9592e1-a72f-4f56-ab91-19a25bf9387f" />
      <TestMethod codeBase="D:\code\FileBasedApp.Toolkit\Source\FileBasedApp\FileBasedApp.Toolkit.Tests\bin\Debug\net10.0\FileBasedApp.Toolkit.Tests.dll" adapterTypeName="executor://xunit/VsTestRunner3/netcore/" className="FileBasedApp.Toolkit.Tests.SimpleExec.SimpleExecRunnerTest" name="Run_PassesNameAndArguments" />
    </UnitTest>
    <UnitTest name="FileBasedApp.Toolkit.Tests.EnumerableExtensionsTest.GetFirstOrNull_ReturnsFirstMatchingElement" storage="d:\code\filebasedapp.toolkit\source\filebasedapp\filebasedapp.toolkit.tests\bin\debug\net10.0\filebasedapp.toolkit.tests.dll" id="e6f3229d-aec8-0062-b333-d3b4388b1c4d">
      <Execution id="f2c1ad08-f518-4b17-9c99-2c8843a935a2" />
      <TestMethod codeBase="D:\code\FileBasedApp.Toolkit\Source\FileBasedApp\FileBasedApp.Toolkit.Tests\bin\Debug\net10.0\FileBasedApp.Toolkit.Tests.dll" adapterTypeName="executor://xunit/VsTestRunner3/netcore/" className="FileBasedApp.Toolkit.Tests.EnumerableExtensionsTest" name="GetFirstOrNull_ReturnsFirstMatchingElement" />
    </UnitTest>
    <UnitTest name="FileBasedApp.Toolkit.Tests.EnumerableExtensionsTest.GetSingleRequired_ReturnsSingleMatchingElement" storage="d:\code\filebasedapp.toolkit\source\filebasedapp\filebasedapp.toolkit.tests\bin\debug\net10.0\filebasedapp.toolkit.tests.dll" id="9132dce2-f54c-af66-a41b-7182b7d86350">
      <Execution id="0d25195f-b459-49fe-9222-07c0c739d40a" />
      <TestMethod codeBase="D:\code\FileBasedApp.Toolkit\Source\FileBasedApp\FileBasedApp.Toolkit.Tests\bin\Debug\net10.0\FileBasedApp.Toolkit.Tests.dll" adapterTypeName="executor://xunit/VsTestRunner3/netcore/" className="FileBasedApp.Toolkit.Tests.EnumerableExtensionsTest" name="GetSingleRequired_ReturnsSingleMatchingElement" />
    </UnitTest>
    <UnitTest name="FileBasedApp.Toolkit.Tests.SimpleExec.SimpleExecRunnerTest.Run_PassesExitCodeHandler(method: Run)" storage="d:\code\filebasedapp.toolkit\source\filebasedapp\filebasedapp.toolkit.tests\bin\debug\net10.0\filebasedapp.toolkit.tests.dll" id="04a11c00-0f69-f770-8520-f8e591ee4b1c">
      <Execution id="1be23b7f-5c75-4c60-bcdb-82a0823a01b7" />
      <TestMethod codeBase="D:\code\FileBasedApp.Toolkit\Source\FileBasedApp\FileBasedApp.Toolkit.Tests\bin\Debug\net10.0\FileBasedApp.Toolkit.Tests.dll" adapterTypeName="executor://xunit/VsTestRunner3/netcore/" className="FileBasedApp.Toolkit.Tests.SimpleExec.SimpleExecRunnerTest" name="Run_PassesExitCodeHandler" />
    </UnitTest>
    <UnitTest name="FileBasedApp.Toolkit.Tests.SimpleExec.SimpleExecRunnerTest.ReadAsync_PassesEncoding" storage="d:\code\filebasedapp.toolkit\source\filebasedapp\filebasedapp.toolkit.tests\bin\debug\net10.0\filebasedapp.toolkit.tests.dll" id="7c7d71ff-5aac-f7c4-9aa0-7ea2716d8dc8">
      <Execution id="5edf99cc-d5fc-490e-b997-4b9fde73c8b9" />
      <TestMethod codeBase="D:\code\FileBasedApp.Toolkit\Source\FileBasedApp\FileBasedApp.Toolkit.Tests\bin\Debug\net10.0\FileBasedApp.Toolkit.Tests.dll" adapterTypeName="executor://xunit/VsTestRunner3/netcore/" className="FileBasedApp.Toolkit.Tests.SimpleExec.SimpleExecRunnerTest" name="ReadAsync_PassesEncoding" />
    </UnitTest>
    <UnitTest name="FileBasedApp.Toolkit.Tests.SimpleExec.SimpleExecRunnerTest.AddArgumentPair_AddsTwoarguments" storage="d:\code\filebasedapp.toolkit\source\filebasedapp\filebasedapp.toolkit.tests\bin\debug\net10.0\filebasedapp.toolkit.tests.dll" id="b382f108-404f-d47b-0ead-e92c0053240e">
      <Execution id="839cff1b-4b47-4d65-aaca-3fd3bb7ffd8c" />
      <TestMethod codeBase="D:\code\FileBasedApp.Toolkit\Source\FileBasedApp\FileBasedApp.Toolkit.Tests\bin\Debug\net10.0\FileBasedApp.Toolkit.Tests.dll" adapterTypeName="executor://xunit/VsTestRunner3/netcore/" className="FileBasedApp.Toolkit.Tests.SimpleExec.SimpleExecRunnerTest" name="AddArgumentPair_AddsTwoarguments" />
    </UnitTest>
    <UnitTest name="FileBasedApp.Toolkit.Tests.EnumerableExtensionsTest.GetSingleOrNull_NullableSource_ReturnsSingleMatchingElement" storage="d:\code\filebasedapp.toolkit\source\filebasedapp\filebasedapp.toolkit.tests\bin\debug\net10.0\filebasedapp.toolkit.tests.dll" id="4d957379-34e6-770c-8e63-1b330aa8f53b">
      <Execution id="1b6732c5-a1c4-4e93-a139-6c692a744949" />
      <TestMethod codeBase="D:\code\FileBasedApp.Toolkit\Source\FileBasedApp\FileBasedApp.Toolkit.Tests\bin\Debug\net10.0\FileBasedApp.Toolkit.Tests.dll" adapterTypeName="executor://xunit/VsTestRunner3/netcore/" className="FileBasedApp.Toolkit.Tests.EnumerableExtensionsTest" name="GetSingleOrNull_NullableSource_ReturnsSingleMatchingElement" />
    </UnitTest>
    <UnitTest name="FileBasedApp.Toolkit.Tests.AbsolutePathExtensionsTest.GetAncestors_ShouldGenerateExpectedResult" storage="d:\code\filebasedapp.toolkit\source\filebasedapp\filebasedapp.toolkit.tests\bin\debug\net10.0\filebasedapp.toolkit.tests.dll" id="6b8155d7-77f4-4fb1-bb18-0ae3d95e064b">
      <Execution id="31c2a3a6-1a97-44c2-98b0-b1711448c785" />
      <TestMethod codeBase="D:\code\FileBasedApp.Toolkit\Source\FileBasedApp\FileBasedApp.Toolkit.Tests\bin\Debug\net10.0\FileBasedApp.Toolkit.Tests.dll" adapterTypeName="executor://xunit/VsTestRunner3/netcore/" className="FileBasedApp.Toolkit.Tests.AbsolutePathExtensionsTest" name="GetAncestors_ShouldGenerateExpectedResult" />
    </UnitTest>
    <UnitTest name="FileBasedApp.Toolkit.Tests.PathUtilTest.GetRootFolder_InvalidPredefinedRootPath_ShouldThrow" storage="d:\code\filebasedapp.toolkit\source\filebasedapp\filebasedapp.toolkit.tests\bin\debug\net10.0\filebasedapp.toolkit.tests.dll" id="1b80e75f-92e6-93e4-1423-3d35f1d1c1d8">
      <Execution id="ca9fc3cf-e50f-4d71-95b5-182e20a6b542" />
      <TestMethod codeBase="D:\code\FileBasedApp.Toolkit\Source\FileBasedApp\FileBasedApp.Toolkit.Tests\bin\Debug\net10.0\FileBasedApp.Toolkit.Tests.dll" adapterTypeName="executor://xunit/VsTestRunner3/netcore/" className="FileBasedApp.Toolkit.Tests.PathUtilTest" name="GetRootFolder_InvalidPredefinedRootPath_ShouldThrow" />
    </UnitTest>
    <UnitTest name="FileBasedApp.Toolkit.Tests.SimpleExec.SimpleExecRunnerTest.Run_PassesNoEcho(method: Run)" storage="d:\code\filebasedapp.toolkit\source\filebasedapp\filebasedapp.toolkit.tests\bin\debug\net10.0\filebasedapp.toolkit.tests.dll" id="96e1afc2-71b3-a464-5683-a9fb9e811a0f">
      <Execution id="54b90d34-125f-4580-810a-a5f8563ecf2c" />
      <TestMethod codeBase="D:\code\FileBasedApp.Toolkit\Source\FileBasedApp\FileBasedApp.Toolkit.Tests\bin\Debug\net10.0\FileBasedApp.Toolkit.Tests.dll" adapterTypeName="executor://xunit/VsTestRunner3/netcore/" className="FileBasedApp.Toolkit.Tests.SimpleExec.SimpleExecRunnerTest" name="Run_PassesNoEcho" />
    </UnitTest>
    <UnitTest name="FileBasedApp.Toolkit.Tests.SimpleExec.SimpleExecRunnerTest.ReadAsync_PassesConfigureEnvironment" storage="d:\code\filebasedapp.toolkit\source\filebasedapp\filebasedapp.toolkit.tests\bin\debug\net10.0\filebasedapp.toolkit.tests.dll" id="f5c07989-bff9-a755-38e1-8a109dd883b1">
      <Execution id="77b6b70b-2758-4655-9093-ae4909e8f7c7" />
      <TestMethod codeBase="D:\code\FileBasedApp.Toolkit\Source\FileBasedApp\FileBasedApp.Toolkit.Tests\bin\Debug\net10.0\FileBasedApp.Toolkit.Tests.dll" adapterTypeName="executor://xunit/VsTestRunner3/netcore/" className="FileBasedApp.Toolkit.Tests.SimpleExec.SimpleExecRunnerTest" name="ReadAsync_PassesConfigureEnvironment" />
    </UnitTest>
    <UnitTest name="FileBasedApp.Toolkit.Tests.EnumerableExtensionsTest.GetFirstOrNull_ReturnsNullWhenNoMatch" storage="d:\code\filebasedapp.toolkit\source\filebasedapp\filebasedapp.toolkit.tests\bin\debug\net10.0\filebasedapp.toolkit.tests.dll" id="58ab79b0-b6f2-5137-8fae-f89626b991b3">
      <Execution id="31d2ff58-9bf1-4519-b886-5119da1b1150" />
      <TestMethod codeBase="D:\code\FileBasedApp.Toolkit\Source\FileBasedApp\FileBasedApp.Toolkit.Tests\bin\Debug\net10.0\FileBasedApp.Toolkit.Tests.dll" adapterTypeName="executor://xunit/VsTestRunner3/netcore/" className="FileBasedApp.Toolkit.Tests.EnumerableExtensionsTest" name="GetFirstOrNull_ReturnsNullWhenNoMatch" />
    </UnitTest>
    <UnitTest name="FileBasedApp.Toolkit.Tests.EnumerableExtensionsTest.GetFirstRequired_NoPredicate_ReturnsFirstElement" storage="d:\code\filebasedapp.toolkit\source\filebasedapp\filebasedapp.toolkit.tests\bin\debug\net10.0\filebasedapp.toolkit.tests.dll" id="f469510c-b189-8efc-ecf2-f80dcdb5d539">
      <Execution id="f2de2cc7-be12-48b4-89d4-731c66d981f9" />
      <TestMethod codeBase="D:\code\FileBasedApp.Toolkit\Source\FileBasedApp\FileBasedApp.Toolkit.Tests\bin\Debug\net10.0\FileBasedApp.Toolkit.Tests.dll" adapterTypeName="executor://xunit/VsTestRunner3/netcore/" className="FileBasedApp.Toolkit.Tests.EnumerableExtensionsTest" name="GetFirstRequired_NoPredicate_ReturnsFirstElement" />
    </UnitTest>
    <UnitTest name="FileBasedApp.Toolkit.Tests.SimpleExec.SimpleExecRunnerTest.Run_PassesNoEcho(method: RunAsync)" storage="d:\code\filebasedapp.toolkit\source\filebasedapp\filebasedapp.toolkit.tests\bin\debug\net10.0\filebasedapp.toolkit.tests.dll" id="05062a5d-fb9e-5ecd-0f4d-a4e69aee5aaa">
      <Execution id="d2dc7fcc-53db-45c7-977f-9ec4c7439bfd" />
      <TestMethod codeBase="D:\code\FileBasedApp.Toolkit\Source\FileBasedApp\FileBasedApp.Toolkit.Tests\bin\Debug\net10.0\FileBasedApp.Toolkit.Tests.dll" adapterTypeName="executor://xunit/VsTestRunner3/netcore/" className="FileBasedApp.Toolkit.Tests.SimpleExec.SimpleExecRunnerTest" name="Run_PassesNoEcho" />
    </UnitTest>
    <UnitTest name="FileBasedApp.Toolkit.Tests.PathUtilTest.AnalyzeDirectory_EmptyPath_ShouldReturnRoot" storage="d:\code\filebasedapp.toolkit\source\filebasedapp\filebasedapp.toolkit.tests\bin\debug\net10.0\filebasedapp.toolkit.tests.dll" id="9eabf247-c9f6-a001-ca46-ec07a5104420">
      <Execution id="1223c018-5dbc-4523-a76f-f108169b1a13" />
      <TestMethod codeBase="D:\code\FileBasedApp.Toolkit\Source\FileBasedApp\FileBasedApp.Toolkit.Tests\bin\Debug\net10.0\FileBasedApp.Toolkit.Tests.dll" adapterTypeName="executor://xunit/VsTestRunner3/netcore/" className="FileBasedApp.Toolkit.Tests.PathUtilTest" name="AnalyzeDirectory_EmptyPath_ShouldReturnRoot" />
    </UnitTest>
    <UnitTest name="FileBasedApp.Toolkit.Tests.SimpleExec.SimpleExecRunnerTest.ReadAsync_PassesExitCodeHandler" storage="d:\code\filebasedapp.toolkit\source\filebasedapp\filebasedapp.toolkit.tests\bin\debug\net10.0\filebasedapp.toolkit.tests.dll" id="54df141f-5c70-df9c-dade-426979239637">
      <Execution id="a83944dd-98ba-4277-a304-c391d3b2b3f3" />
      <TestMethod codeBase="D:\code\FileBasedApp.Toolkit\Source\FileBasedApp\FileBasedApp.Toolkit.Tests\bin\Debug\net10.0\FileBasedApp.Toolkit.Tests.dll" adapterTypeName="executor://xunit/VsTestRunner3/netcore/" className="FileBasedApp.Toolkit.Tests.SimpleExec.SimpleExecRunnerTest" name="ReadAsync_PassesExitCodeHandler" />
    </UnitTest>
    <UnitTest name="FileBasedApp.Toolkit.Tests.EnumerableExtensionsTest.GetFirstRequired_ReturnsFirstMatchingElement" storage="d:\code\filebasedapp.toolkit\source\filebasedapp\filebasedapp.toolkit.tests\bin\debug\net10.0\filebasedapp.toolkit.tests.dll" id="97d2358a-68fb-609f-59cc-5e8da5d97499">
      <Execution id="f542b481-525b-4ad7-8e21-e7c8828eadc5" />
      <TestMethod codeBase="D:\code\FileBasedApp.Toolkit\Source\FileBasedApp\FileBasedApp.Toolkit.Tests\bin\Debug\net10.0\FileBasedApp.Toolkit.Tests.dll" adapterTypeName="executor://xunit/VsTestRunner3/netcore/" className="FileBasedApp.Toolkit.Tests.EnumerableExtensionsTest" name="GetFirstRequired_ReturnsFirstMatchingElement" />
    </UnitTest>
    <UnitTest name="FileBasedApp.Toolkit.Tests.SimpleExec.SimpleExecRunnerTest.ReadAsync_UsesExplicitCommandWrapper_WhenProvided" storage="d:\code\filebasedapp.toolkit\source\filebasedapp\filebasedapp.toolkit.tests\bin\debug\net10.0\filebasedapp.toolkit.tests.dll" id="bbc84640-6555-28d0-3bc9-ec697bd9c819">
      <Execution id="f424f777-beb1-440c-addf-9da7e54f963e" />
      <TestMethod codeBase="D:\code\FileBasedApp.Toolkit\Source\FileBasedApp\FileBasedApp.Toolkit.Tests\bin\Debug\net10.0\FileBasedApp.Toolkit.Tests.dll" adapterTypeName="executor://xunit/VsTestRunner3/netcore/" className="FileBasedApp.Toolkit.Tests.SimpleExec.SimpleExecRunnerTest" name="ReadAsync_UsesExplicitCommandWrapper_WhenProvided" />
    </UnitTest>
    <UnitTest name="FileBasedApp.Toolkit.Tests.SimpleExec.SimpleExecRunnerTest.Run_PassesSecrets_WhenArgumentMarkedAsSecret(method: Run)" storage="d:\code\filebasedapp.toolkit\source\filebasedapp\filebasedapp.toolkit.tests\bin\debug\net10.0\filebasedapp.toolkit.tests.dll" id="cf79c229-7f19-cc9d-b3a1-a65eaa8fde0c">
      <Execution id="af2728ac-bb3b-47e2-9bcf-7c19d09e8eeb" />
      <TestMethod codeBase="D:\code\FileBasedApp.Toolkit\Source\FileBasedApp\FileBasedApp.Toolkit.Tests\bin\Debug\net10.0\FileBasedApp.Toolkit.Tests.dll" adapterTypeName="executor://xunit/VsTestRunner3/netcore/" className="FileBasedApp.Toolkit.Tests.SimpleExec.SimpleExecRunnerTest" name="Run_PassesSecrets_WhenArgumentMarkedAsSecret" />
    </UnitTest>
    <UnitTest name="FileBasedApp.Toolkit.Tests.SimpleExec.SimpleExecRunnerTest.Run_PassesCreateNoWindow(method: Run)" storage="d:\code\filebasedapp.toolkit\source\filebasedapp\filebasedapp.toolkit.tests\bin\debug\net10.0\filebasedapp.toolkit.tests.dll" id="7438a50c-acfd-5378-05de-ae24a37cf58c">
      <Execution id="5e6433fe-806a-4bdc-8720-8c0669d89756" />
      <TestMethod codeBase="D:\code\FileBasedApp.Toolkit\Source\FileBasedApp\FileBasedApp.Toolkit.Tests\bin\Debug\net10.0\FileBasedApp.Toolkit.Tests.dll" adapterTypeName="executor://xunit/VsTestRunner3/netcore/" className="FileBasedApp.Toolkit.Tests.SimpleExec.SimpleExecRunnerTest" name="Run_PassesCreateNoWindow" />
    </UnitTest>
    <UnitTest name="FileBasedApp.Toolkit.Tests.SimpleExec.SimpleExecRunnerTest.ReadAsync_PassesWorkingDirectory" storage="d:\code\filebasedapp.toolkit\source\filebasedapp\filebasedapp.toolkit.tests\bin\debug\net10.0\filebasedapp.toolkit.tests.dll" id="b4f1d2d2-2a8b-7a26-5d53-dd856545513d">
      <Execution id="bdb0faf5-d7a4-4daa-94fe-e539097eeeb3" />
      <TestMethod codeBase="D:\code\FileBasedApp.Toolkit\Source\FileBasedApp\FileBasedApp.Toolkit.Tests\bin\Debug\net10.0\FileBasedApp.Toolkit.Tests.dll" adapterTypeName="executor://xunit/VsTestRunner3/netcore/" className="FileBasedApp.Toolkit.Tests.SimpleExec.SimpleExecRunnerTest" name="ReadAsync_PassesWorkingDirectory" />
    </UnitTest>
    <UnitTest name="FileBasedApp.Toolkit.Tests.SimpleExec.SimpleExecRunnerTest.Run_PassesConfigureEnvironment(method: Run)" storage="d:\code\filebasedapp.toolkit\source\filebasedapp\filebasedapp.toolkit.tests\bin\debug\net10.0\filebasedapp.toolkit.tests.dll" id="3fe0daad-dd39-6f62-204c-9245c8659294">
      <Execution id="631e7a58-7cb0-44b4-944c-4ad6cf9d1c65" />
      <TestMethod codeBase="D:\code\FileBasedApp.Toolkit\Source\FileBasedApp\FileBasedApp.Toolkit.Tests\bin\Debug\net10.0\FileBasedApp.Toolkit.Tests.dll" adapterTypeName="executor://xunit/VsTestRunner3/netcore/" className="FileBasedApp.Toolkit.Tests.SimpleExec.SimpleExecRunnerTest" name="Run_PassesConfigureEnvironment" />
    </UnitTest>
    <UnitTest name="FileBasedApp.Toolkit.Tests.EnumerableExtensionsTest.GetSingleRequired_WithCustomErrorMessages_ThrowsWithCustomMessages" storage="d:\code\filebasedapp.toolkit\source\filebasedapp\filebasedapp.toolkit.tests\bin\debug\net10.0\filebasedapp.toolkit.tests.dll" id="65af5af5-350b-302b-fb88-d626dc403e4c">
      <Execution id="0055b149-404b-43d3-bd0a-b2c96b002fff" />
      <TestMethod codeBase="D:\code\FileBasedApp.Toolkit\Source\FileBasedApp\FileBasedApp.Toolkit.Tests\bin\Debug\net10.0\FileBasedApp.Toolkit.Tests.dll" adapterTypeName="executor://xunit/VsTestRunner3/netcore/" className="FileBasedApp.Toolkit.Tests.EnumerableExtensionsTest" name="GetSingleRequired_WithCustomErrorMessages_ThrowsWithCustomMessages" />
    </UnitTest>
    <UnitTest name="FileBasedApp.Toolkit.Tests.SimpleExec.SimpleExecRunnerTest.ReadAsync_PassesNameAndArguments" storage="d:\code\filebasedapp.toolkit\source\filebasedapp\filebasedapp.toolkit.tests\bin\debug\net10.0\filebasedapp.toolkit.tests.dll" id="9a09b2b9-9a01-36d2-7e5c-75f16de7d6bc">
      <Execution id="2c523cc8-7c92-47bf-9c93-0569cd335829" />
      <TestMethod codeBase="D:\code\FileBasedApp.Toolkit\Source\FileBasedApp\FileBasedApp.Toolkit.Tests\bin\Debug\net10.0\FileBasedApp.Toolkit.Tests.dll" adapterTypeName="executor://xunit/VsTestRunner3/netcore/" className="FileBasedApp.Toolkit.Tests.SimpleExec.SimpleExecRunnerTest" name="ReadAsync_PassesNameAndArguments" />
    </UnitTest>
    <UnitTest name="FileBasedApp.Toolkit.Tests.SimpleExec.SimpleExecRunnerTest.Run_DefaultValues_PassesExpectedDefaults(method: Run)" storage="d:\code\filebasedapp.toolkit\source\filebasedapp\filebasedapp.toolkit.tests\bin\debug\net10.0\filebasedapp.toolkit.tests.dll" id="fd904ddf-c8c9-a180-cb8b-de14eedc38bc">
      <Execution id="3a4a64f1-eac8-4dc7-bf48-ead9f19285ef" />
      <TestMethod codeBase="D:\code\FileBasedApp.Toolkit\Source\FileBasedApp\FileBasedApp.Toolkit.Tests\bin\Debug\net10.0\FileBasedApp.Toolkit.Tests.dll" adapterTypeName="executor://xunit/VsTestRunner3/netcore/" className="FileBasedApp.Toolkit.Tests.SimpleExec.SimpleExecRunnerTest" name="Run_DefaultValues_PassesExpectedDefaults" />
    </UnitTest>
    <UnitTest name="FileBasedApp.Toolkit.Tests.EnumerableExtensionsTest.GetSingleOrNull_WithCustomMultipleMatchesError_ThrowsWithCustomMessage" storage="d:\code\filebasedapp.toolkit\source\filebasedapp\filebasedapp.toolkit.tests\bin\debug\net10.0\filebasedapp.toolkit.tests.dll" id="867b867a-f381-e75c-167a-cc82f4d27318">
      <Execution id="449f5797-cfba-48fe-998c-9584313e1313" />
      <TestMethod codeBase="D:\code\FileBasedApp.Toolkit\Source\FileBasedApp\FileBasedApp.Toolkit.Tests\bin\Debug\net10.0\FileBasedApp.Toolkit.Tests.dll" adapterTypeName="executor://xunit/VsTestRunner3/netcore/" className="FileBasedApp.Toolkit.Tests.EnumerableExtensionsTest" name="GetSingleOrNull_WithCustomMultipleMatchesError_ThrowsWithCustomMessage" />
    </UnitTest>
    <UnitTest name="FileBasedApp.Toolkit.Tests.PathUtilTest.AnalyzeFilePath_MultipleRootsSecondMatch_FileShouldNotExist" storage="d:\code\filebasedapp.toolkit\source\filebasedapp\filebasedapp.toolkit.tests\bin\debug\net10.0\filebasedapp.toolkit.tests.dll" id="9133ba1e-06c6-1f1d-6e79-542e3ac3f3e4">
      <Execution id="320ac4cd-ebd1-4c29-a084-7bef42f67eab" />
      <TestMethod codeBase="D:\code\FileBasedApp.Toolkit\Source\FileBasedApp\FileBasedApp.Toolkit.Tests\bin\Debug\net10.0\FileBasedApp.Toolkit.Tests.dll" adapterTypeName="executor://xunit/VsTestRunner3/netcore/" className="FileBasedApp.Toolkit.Tests.PathUtilTest" name="AnalyzeFilePath_MultipleRootsSecondMatch_FileShouldNotExist" />
    </UnitTest>
    <UnitTest name="FileBasedApp.Toolkit.Tests.EnumerableExtensionsTest.GetFirstOrNull_NoPredicate_ReturnsFirstElement" storage="d:\code\filebasedapp.toolkit\source\filebasedapp\filebasedapp.toolkit.tests\bin\debug\net10.0\filebasedapp.toolkit.tests.dll" id="f4d3591f-282b-6c3d-d9c5-8c34518b38ce">
      <Execution id="8d1334e9-62f1-4c04-8039-b869f09d4727" />
      <TestMethod codeBase="D:\code\FileBasedApp.Toolkit\Source\FileBasedApp\FileBasedApp.Toolkit.Tests\bin\Debug\net10.0\FileBasedApp.Toolkit.Tests.dll" adapterTypeName="executor://xunit/VsTestRunner3/netcore/" className="FileBasedApp.Toolkit.Tests.EnumerableExtensionsTest" name="GetFirstOrNull_NoPredicate_ReturnsFirstElement" />
    </UnitTest>
    <UnitTest name="FileBasedApp.Toolkit.Tests.SimpleExec.SimpleExecRunnerTest.Run_DefaultValues_PassesExpectedDefaults(method: RunAsync)" storage="d:\code\filebasedapp.toolkit\source\filebasedapp\filebasedapp.toolkit.tests\bin\debug\net10.0\filebasedapp.toolkit.tests.dll" id="8cb8443c-d6d8-4372-cfec-df08c9c0ff48">
      <Execution id="456bae7f-8bb3-441c-9bb7-2c2a205a957f" />
      <TestMethod codeBase="D:\code\FileBasedApp.Toolkit\Source\FileBasedApp\FileBasedApp.Toolkit.Tests\bin\Debug\net10.0\FileBasedApp.Toolkit.Tests.dll" adapterTypeName="executor://xunit/VsTestRunner3/netcore/" className="FileBasedApp.Toolkit.Tests.SimpleExec.SimpleExecRunnerTest" name="Run_DefaultValues_PassesExpectedDefaults" />
    </UnitTest>
    <UnitTest name="FileBasedApp.Toolkit.Tests.SimpleExec.SimpleExecRunnerTest.Run_PassesSecrets_WhenArgumentMarkedAsSecret(method: RunAsync)" storage="d:\code\filebasedapp.toolkit\source\filebasedapp\filebasedapp.toolkit.tests\bin\debug\net10.0\filebasedapp.toolkit.tests.dll" id="cfc84bf3-3755-d02a-513c-8bc12f0bcf79">
      <Execution id="53e065e8-4dc9-41ee-953f-d084f83ab0a5" />
      <TestMethod codeBase="D:\code\FileBasedApp.Toolkit\Source\FileBasedApp\FileBasedApp.Toolkit.Tests\bin\Debug\net10.0\FileBasedApp.Toolkit.Tests.dll" adapterTypeName="executor://xunit/VsTestRunner3/netcore/" className="FileBasedApp.Toolkit.Tests.SimpleExec.SimpleExecRunnerTest" name="Run_PassesSecrets_WhenArgumentMarkedAsSecret" />
    </UnitTest>
    <UnitTest name="FileBasedApp.Toolkit.Tests.EnumerableExtensionsTest.GetSingleOrNull_ReturnsNullWhenNoMatch" storage="d:\code\filebasedapp.toolkit\source\filebasedapp\filebasedapp.toolkit.tests\bin\debug\net10.0\filebasedapp.toolkit.tests.dll" id="c40317cd-7db4-0c48-23bd-49c308cd39e4">
      <Execution id="e731a52e-74bc-4a30-a4f2-969712415df2" />
      <TestMethod codeBase="D:\code\FileBasedApp.Toolkit\Source\FileBasedApp\FileBasedApp.Toolkit.Tests\bin\Debug\net10.0\FileBasedApp.Toolkit.Tests.dll" adapterTypeName="executor://xunit/VsTestRunner3/netcore/" className="FileBasedApp.Toolkit.Tests.EnumerableExtensionsTest" name="GetSingleOrNull_ReturnsNullWhenNoMatch" />
    </UnitTest>
    <UnitTest name="FileBasedApp.Toolkit.Tests.PathUtilTest.GetRootFolder_CurrentDirectory_ShouldReturnCurrentWorkingDirectory" storage="d:\code\filebasedapp.toolkit\source\filebasedapp\filebasedapp.toolkit.tests\bin\debug\net10.0\filebasedapp.toolkit.tests.dll" id="f85e223b-9847-f377-550d-bb58f64d25df">
      <Execution id="c88eb6f0-7cb5-4879-a209-96d4efab1b53" />
      <TestMethod codeBase="D:\code\FileBasedApp.Toolkit\Source\FileBasedApp\FileBasedApp.Toolkit.Tests\bin\Debug\net10.0\FileBasedApp.Toolkit.Tests.dll" adapterTypeName="executor://xunit/VsTestRunner3/netcore/" className="FileBasedApp.Toolkit.Tests.PathUtilTest" name="GetRootFolder_CurrentDirectory_ShouldReturnCurrentWorkingDirectory" />
    </UnitTest>
  </TestDefinitions>
  <TestEntries>
    <TestEntry testId="bbc84640-6555-28d0-3bc9-ec697bd9c819" executionId="f424f777-beb1-440c-addf-9da7e54f963e" testListId="8c84fa94-04c1-424b-9868-57a2d4851a1d" />
    <TestEntry testId="5ddfb5fc-8e56-3069-9cc8-0e63911a1b90" executionId="cbb00be9-140b-48a7-934b-1189de5f6198" testListId="8c84fa94-04c1-424b-9868-57a2d4851a1d" />
    <TestEntry testId="de4d4b6b-1a0e-b6be-8cb2-48455120bfb2" executionId="b946d42d-f8dd-400b-b31f-02d623837efb" testListId="8c84fa94-04c1-424b-9868-57a2d4851a1d" />
    <TestEntry testId="3fe0daad-dd39-6f62-204c-9245c8659294" executionId="631e7a58-7cb0-44b4-944c-4ad6cf9d1c65" testListId="8c84fa94-04c1-424b-9868-57a2d4851a1d" />
    <TestEntry testId="9564e915-939b-1c62-e166-119312b0a620" executionId="dbbfb941-54e4-448a-8762-87cf04bcc54a" testListId="8c84fa94-04c1-424b-9868-57a2d4851a1d" />
    <TestEntry testId="b86ce6e6-f285-ee4e-fcd1-24616aaacc7a" executionId="84499cba-d42f-4f92-8385-36ee123b2d33" testListId="8c84fa94-04c1-424b-9868-57a2d4851a1d" />
    <TestEntry testId="7438a50c-acfd-5378-05de-ae24a37cf58c" executionId="5e6433fe-806a-4bdc-8720-8c0669d89756" testListId="8c84fa94-04c1-424b-9868-57a2d4851a1d" />
    <TestEntry testId="87f14075-a470-72cc-9f26-26c338e70110" executionId="360ac1a1-0db8-489a-a87a-f1c98ae39634" testListId="8c84fa94-04c1-424b-9868-57a2d4851a1d" />
    <TestEntry testId="50fdc899-274d-cecc-7d02-b68c5f7252c0" executionId="e639245a-b125-4b94-a776-9e30afd01bc4" testListId="8c84fa94-04c1-424b-9868-57a2d4851a1d" />
    <TestEntry testId="63d623ef-996c-99e2-11cb-578d018552c9" executionId="78028b94-3479-4c1a-b393-e5af50882729" testListId="8c84fa94-04c1-424b-9868-57a2d4851a1d" />
    <TestEntry testId="04a11c00-0f69-f770-8520-f8e591ee4b1c" executionId="1be23b7f-5c75-4c60-bcdb-82a0823a01b7" testListId="8c84fa94-04c1-424b-9868-57a2d4851a1d" />
    <TestEntry testId="cea898ea-6ad9-f5b4-2052-550b0404e14f" executionId="6f610a66-35ee-44fd-9e52-9189752a7c48" testListId="8c84fa94-04c1-424b-9868-57a2d4851a1d" />
    <TestEntry testId="33f66893-f5c2-560e-6985-5e489bfd0f2f" executionId="a72d36cc-df18-4ddd-b6a5-20b7f2f786a0" testListId="8c84fa94-04c1-424b-9868-57a2d4851a1d" />
    <TestEntry testId="2c5b749a-10eb-e5ce-73d2-d4e846fe822b" executionId="121be8eb-64be-4db7-a6e7-9a1530d085ea" testListId="8c84fa94-04c1-424b-9868-57a2d4851a1d" />
    <TestEntry testId="97d2358a-68fb-609f-59cc-5e8da5d97499" executionId="f542b481-525b-4ad7-8e21-e7c8828eadc5" testListId="8c84fa94-04c1-424b-9868-57a2d4851a1d" />
    <TestEntry testId="e6f3229d-aec8-0062-b333-d3b4388b1c4d" executionId="f2c1ad08-f518-4b17-9c99-2c8843a935a2" testListId="8c84fa94-04c1-424b-9868-57a2d4851a1d" />
    <TestEntry testId="6b8155d7-77f4-4fb1-bb18-0ae3d95e064b" executionId="31c2a3a6-1a97-44c2-98b0-b1711448c785" testListId="8c84fa94-04c1-424b-9868-57a2d4851a1d" />
    <TestEntry testId="58ab79b0-b6f2-5137-8fae-f89626b991b3" executionId="31d2ff58-9bf1-4519-b886-5119da1b1150" testListId="8c84fa94-04c1-424b-9868-57a2d4851a1d" />
    <TestEntry testId="064956b7-ec46-bd9b-b533-d31f6b18da38" executionId="eb5885f3-7e8d-4e07-a41b-63dee24b2f10" testListId="8c84fa94-04c1-424b-9868-57a2d4851a1d" />
    <TestEntry testId="b4f1d2d2-2a8b-7a26-5d53-dd856545513d" executionId="bdb0faf5-d7a4-4daa-94fe-e539097eeeb3" testListId="8c84fa94-04c1-424b-9868-57a2d4851a1d" />
    <TestEntry testId="7aab44a9-1440-b5de-acc4-d98bcc4ab7e0" executionId="ed9592e1-a72f-4f56-ab91-19a25bf9387f" testListId="8c84fa94-04c1-424b-9868-57a2d4851a1d" />
    <TestEntry testId="6779b88d-fc59-173c-eacc-e4efdade4196" executionId="eaf60873-ea07-4f6e-abfc-e832f97d5cab" testListId="8c84fa94-04c1-424b-9868-57a2d4851a1d" />
    <TestEntry testId="8cb8443c-d6d8-4372-cfec-df08c9c0ff48" executionId="456bae7f-8bb3-441c-9bb7-2c2a205a957f" testListId="8c84fa94-04c1-424b-9868-57a2d4851a1d" />
    <TestEntry testId="4eb23d4f-d74b-e36d-3a74-816c14079631" executionId="596e3457-6066-4021-ae5d-065cc2a3003f" testListId="8c84fa94-04c1-424b-9868-57a2d4851a1d" />
    <TestEntry testId="e16c9a88-8fa8-6f67-2661-9c37d57ecd31" executionId="795c3a47-5c0c-4ce6-812c-d39122997394" testListId="8c84fa94-04c1-424b-9868-57a2d4851a1d" />
    <TestEntry testId="f469510c-b189-8efc-ecf2-f80dcdb5d539" executionId="f2de2cc7-be12-48b4-89d4-731c66d981f9" testListId="8c84fa94-04c1-424b-9868-57a2d4851a1d" />
    <TestEntry testId="8f7ff804-9846-f2af-fc9b-f9614f2a7286" executionId="50a80b10-c406-4c21-b466-29faed794161" testListId="8c84fa94-04c1-424b-9868-57a2d4851a1d" />
    <TestEntry testId="dea39721-046e-0fbf-8fc8-da4abc872d2a" executionId="05a1fbe7-f32a-4a9e-bb70-7503af5c3248" testListId="8c84fa94-04c1-424b-9868-57a2d4851a1d" />
    <TestEntry testId="9ffa894b-238e-f20c-d3fd-853a82fc5567" executionId="adfeb02b-5879-4ba2-87a0-36daca201eed" testListId="8c84fa94-04c1-424b-9868-57a2d4851a1d" />
    <TestEntry testId="96e1afc2-71b3-a464-5683-a9fb9e811a0f" executionId="54b90d34-125f-4580-810a-a5f8563ecf2c" testListId="8c84fa94-04c1-424b-9868-57a2d4851a1d" />
    <TestEntry testId="09878e65-7130-1541-b314-086e94a97683" executionId="51e358e8-212f-4b4d-85d5-cda7126aa928" testListId="8c84fa94-04c1-424b-9868-57a2d4851a1d" />
    <TestEntry testId="c40317cd-7db4-0c48-23bd-49c308cd39e4" executionId="e731a52e-74bc-4a30-a4f2-969712415df2" testListId="8c84fa94-04c1-424b-9868-57a2d4851a1d" />
    <TestEntry testId="b382f108-404f-d47b-0ead-e92c0053240e" executionId="839cff1b-4b47-4d65-aaca-3fd3bb7ffd8c" testListId="8c84fa94-04c1-424b-9868-57a2d4851a1d" />
    <TestEntry testId="9133ba1e-06c6-1f1d-6e79-542e3ac3f3e4" executionId="320ac4cd-ebd1-4c29-a084-7bef42f67eab" testListId="8c84fa94-04c1-424b-9868-57a2d4851a1d" />
    <TestEntry testId="9eabf247-c9f6-a001-ca46-ec07a5104420" executionId="1223c018-5dbc-4523-a76f-f108169b1a13" testListId="8c84fa94-04c1-424b-9868-57a2d4851a1d" />
    <TestEntry testId="c6687cf7-5400-f053-da88-3ec268592e61" executionId="52eae2e5-4cff-4841-a31b-725672141684" testListId="8c84fa94-04c1-424b-9868-57a2d4851a1d" />
    <TestEntry testId="4d957379-34e6-770c-8e63-1b330aa8f53b" executionId="1b6732c5-a1c4-4e93-a139-6c692a744949" testListId="8c84fa94-04c1-424b-9868-57a2d4851a1d" />
    <TestEntry testId="dbd590ef-b8ad-f1fb-c2bc-a95225b8bd07" executionId="d51f5aa1-d10c-4389-9202-27d1d42a8a56" testListId="8c84fa94-04c1-424b-9868-57a2d4851a1d" />
    <TestEntry testId="1b80e75f-92e6-93e4-1423-3d35f1d1c1d8" executionId="ca9fc3cf-e50f-4d71-95b5-182e20a6b542" testListId="8c84fa94-04c1-424b-9868-57a2d4851a1d" />
    <TestEntry testId="bf1f6eb4-2dc8-fbd6-6fad-f352aa6aaf52" executionId="5928816b-eaf5-4a0f-896e-cc706eefc52c" testListId="8c84fa94-04c1-424b-9868-57a2d4851a1d" />
    <TestEntry testId="867b867a-f381-e75c-167a-cc82f4d27318" executionId="449f5797-cfba-48fe-998c-9584313e1313" testListId="8c84fa94-04c1-424b-9868-57a2d4851a1d" />
    <TestEntry testId="03fbab43-3ccd-b5f9-163d-c26fa183acf7" executionId="bf83a8fe-196e-4533-9c31-e5ac4c22f21f" testListId="8c84fa94-04c1-424b-9868-57a2d4851a1d" />
    <TestEntry testId="7745c892-da9e-5475-7ae4-0af236e76297" executionId="f4c38ae9-2eb8-4ef3-98c3-4ee819ac4ad5" testListId="8c84fa94-04c1-424b-9868-57a2d4851a1d" />
    <TestEntry testId="f85e223b-9847-f377-550d-bb58f64d25df" executionId="c88eb6f0-7cb5-4879-a209-96d4efab1b53" testListId="8c84fa94-04c1-424b-9868-57a2d4851a1d" />
    <TestEntry testId="f4d3591f-282b-6c3d-d9c5-8c34518b38ce" executionId="8d1334e9-62f1-4c04-8039-b869f09d4727" testListId="8c84fa94-04c1-424b-9868-57a2d4851a1d" />
    <TestEntry testId="8c4712d4-8b55-db73-82a7-0d58f840b220" executionId="ff7cbc37-dbad-49e3-8f23-52ec1c33f75e" testListId="8c84fa94-04c1-424b-9868-57a2d4851a1d" />
    <TestEntry testId="65af5af5-350b-302b-fb88-d626dc403e4c" executionId="0055b149-404b-43d3-bd0a-b2c96b002fff" testListId="8c84fa94-04c1-424b-9868-57a2d4851a1d" />
    <TestEntry testId="21e8f116-2d1b-bd13-b5c8-e7dc818ce6af" executionId="bad585f5-4fbb-4d42-8f17-c92ad30f28fe" testListId="8c84fa94-04c1-424b-9868-57a2d4851a1d" />
    <TestEntry testId="134ca248-3ab1-757c-504a-2c21d90db250" executionId="baf50327-adcf-4ca4-9034-ff9b9d4b1c2e" testListId="8c84fa94-04c1-424b-9868-57a2d4851a1d" />
    <TestEntry testId="cc2c360e-520e-4559-9913-cd20efcfeb05" executionId="0437c14d-91b1-47ea-9e59-915a4b532dff" testListId="8c84fa94-04c1-424b-9868-57a2d4851a1d" />
    <TestEntry testId="cfc84bf3-3755-d02a-513c-8bc12f0bcf79" executionId="53e065e8-4dc9-41ee-953f-d084f83ab0a5" testListId="8c84fa94-04c1-424b-9868-57a2d4851a1d" />
    <TestEntry testId="2f8206cf-fe63-e78e-ba47-d9b4956edb4f" executionId="05de898f-021b-4403-8d87-8f82c90a3860" testListId="8c84fa94-04c1-424b-9868-57a2d4851a1d" />
    <TestEntry testId="d54e8d65-544a-d4e6-587d-223820648d58" executionId="104601fe-93d9-4ceb-910d-472997cb21a6" testListId="8c84fa94-04c1-424b-9868-57a2d4851a1d" />
    <TestEntry testId="7c7d71ff-5aac-f7c4-9aa0-7ea2716d8dc8" executionId="5edf99cc-d5fc-490e-b997-4b9fde73c8b9" testListId="8c84fa94-04c1-424b-9868-57a2d4851a1d" />
    <TestEntry testId="f5c07989-bff9-a755-38e1-8a109dd883b1" executionId="77b6b70b-2758-4655-9093-ae4909e8f7c7" testListId="8c84fa94-04c1-424b-9868-57a2d4851a1d" />
    <TestEntry testId="fd904ddf-c8c9-a180-cb8b-de14eedc38bc" executionId="3a4a64f1-eac8-4dc7-bf48-ead9f19285ef" testListId="8c84fa94-04c1-424b-9868-57a2d4851a1d" />
    <TestEntry testId="8a5f7935-d5ca-5953-647e-a5205c0e6854" executionId="d047da64-fb1b-4002-9310-c28f67e31bd3" testListId="8c84fa94-04c1-424b-9868-57a2d4851a1d" />
    <TestEntry testId="54df141f-5c70-df9c-dade-426979239637" executionId="a83944dd-98ba-4277-a304-c391d3b2b3f3" testListId="8c84fa94-04c1-424b-9868-57a2d4851a1d" />
    <TestEntry testId="c29d2a7d-51da-6c9d-4854-02e7680bea5f" executionId="be383135-454e-4808-b3a1-8d0c1e7dd879" testListId="8c84fa94-04c1-424b-9868-57a2d4851a1d" />
    <TestEntry testId="cf79c229-7f19-cc9d-b3a1-a65eaa8fde0c" executionId="af2728ac-bb3b-47e2-9bcf-7c19d09e8eeb" testListId="8c84fa94-04c1-424b-9868-57a2d4851a1d" />
    <TestEntry testId="77e2cc33-2d6f-f764-15fe-1dbd9b961671" executionId="ab58427d-0be1-4638-9d77-9b4bbb8f81d7" testListId="8c84fa94-04c1-424b-9868-57a2d4851a1d" />
    <TestEntry testId="9132dce2-f54c-af66-a41b-7182b7d86350" executionId="0d25195f-b459-49fe-9222-07c0c739d40a" testListId="8c84fa94-04c1-424b-9868-57a2d4851a1d" />
    <TestEntry testId="858432a5-ff99-5a14-7c0f-c0908abae172" executionId="7be65c62-30b7-457c-b5b7-832286c1ac8c" testListId="8c84fa94-04c1-424b-9868-57a2d4851a1d" />
    <TestEntry testId="9a09b2b9-9a01-36d2-7e5c-75f16de7d6bc" executionId="2c523cc8-7c92-47bf-9c93-0569cd335829" testListId="8c84fa94-04c1-424b-9868-57a2d4851a1d" />
    <TestEntry testId="05062a5d-fb9e-5ecd-0f4d-a4e69aee5aaa" executionId="d2dc7fcc-53db-45c7-977f-9ec4c7439bfd" testListId="8c84fa94-04c1-424b-9868-57a2d4851a1d" />
  </TestEntries>
  <TestLists>
    <TestList name="Results Not in a List" id="8c84fa94-04c1-424b-9868-57a2d4851a1d" />
    <TestList name="All Loaded Results" id="19431567-8539-422a-85d7-44ee4e166bda" />
  </TestLists>
  <ResultSummary outcome="Completed">
    <Counters total="65" executed="65" passed="65" failed="0" error="0" timeout="0" aborted="0" inconclusive="0" passedButRunAborted="0" notRunnable="0" notExecuted="0" disconnected="0" warning="0" completed="0" inProgress="0" pending="0" />
    <Output>
      <StdOut>[xUnit.net 00:00:00.00] xUnit.net VSTest Adapter v3.1.5+1b188a7b0a (64-bit .NET 10.0.4)&#xD;
[xUnit.net 00:00:00.17]   Discovering: FileBasedApp.Toolkit.Tests&#xD;
[xUnit.net 00:00:00.28]   Discovered:  FileBasedApp.Toolkit.Tests&#xD;
[xUnit.net 00:00:00.37]   Starting:    FileBasedApp.Toolkit.Tests&#xD;
     Warning:&#xD;
     The component "Fluent Assertions" is governed by the rules defined in the Xceed License Agreement and&#xD;
     the Xceed Fluent Assertions Community License. You may use Fluent Assertions free of charge for&#xD;
     non-commercial use only. An active subscription is required to use Fluent Assertions for commercial use.&#xD;
     Please contact Xceed Sales mailto:sales@xceed.com to acquire a subscription at a very low cost.&#xD;
     A paid commercial license supports the development and continued increasing support of&#xD;
     Fluent Assertions users under both commercial and community licenses. Help us&#xD;
     keep Fluent Assertions at the forefront of unit testing.&#xD;
     For more information, visit https://xceed.com/products/unit-testing/fluent-assertions/&#xD;
[xUnit.net 00:00:00.62]   Finished:    FileBasedApp.Toolkit.Tests&#xD;
</StdOut>
    </Output>
  </ResultSummary>
</TestRun>