<?xml version="1.0" encoding="utf-8"?>
<TestRun id="a8dfe635-0887-46c1-b07c-909f8092492d" name="jayki@DESKTOP-RHANN0P 2026-03-15 22:09:43" runUser="DESKTOP-RHANN0P\jayki" xmlns="http://microsoft.com/schemas/VisualStudio/TeamTest/2010">
  <Times creation="2026-03-15T22:09:43.9901083+01:00" queuing="2026-03-15T22:09:43.9901088+01:00" start="2026-03-15T22:09:42.8348755+01:00" finish="2026-03-15T22:09:44.1221655+01:00" />
  <TestSettings name="default" id="55118456-2745-43e5-a039-3afdfc022950">
    <Deployment runDeploymentRoot="jayki_DESKTOP-RHANN0P_2026-03-15_22_09_43" />
  </TestSettings>
  <Results>
    <UnitTestResult executionId="06cd3b84-4803-4b55-916c-36a9fd9645cc" testId="6779b88d-fc59-173c-eacc-e4efdade4196" testName="FileBasedApp.Toolkit.Tests.EnumerableExtensionsTest.GetFirstRequired_WithCustomErrorMessage_ThrowsWithCustomMessage" computerName="DESKTOP-RHANN0P" duration="00:00:00.0006629" startTime="2026-03-15T22:09:43.9418962+01:00" endTime="2026-03-15T22:09:43.9419654+01:00" testType="13cdc9d9-ddb5-4fa4-a97d-d965ccfc6d4b" outcome="Passed" testListId="8c84fa94-04c1-424b-9868-57a2d4851a1d" relativeResultsDirectory="06cd3b84-4803-4b55-916c-36a9fd9645cc" />
    <UnitTestResult executionId="13f70bac-0f21-4a42-8270-48f5adcb80ce" testId="d54e8d65-544a-d4e6-587d-223820648d58" testName="FileBasedApp.Toolkit.Tests.SimpleExec.SimpleExecRunnerTest.Run_PassesWorkingDirectory(method: Run)" computerName="DESKTOP-RHANN0P" duration="00:00:00.0003527" startTime="2026-03-15T22:09:44.0160896+01:00" endTime="2026-03-15T22:09:44.0163463+01:00" testType="13cdc9d9-ddb5-4fa4-a97d-d965ccfc6d4b" outcome="Passed" testListId="8c84fa94-04c1-424b-9868-57a2d4851a1d" relativeResultsDirectory="13f70bac-0f21-4a42-8270-48f5adcb80ce" />
    <UnitTestResult executionId="32f5397e-2b50-47a9-97b9-f58d78511739" testId="9133ba1e-06c6-1f1d-6e79-542e3ac3f3e4" testName="FileBasedApp.Toolkit.Tests.PathUtilTest.AnalyzeFilePath_MultipleRootsSecondMatch_FileShouldNotExist" computerName="DESKTOP-RHANN0P" duration="00:00:00.0008995" startTime="2026-03-15T22:09:43.9564515+01:00" endTime="2026-03-15T22:09:43.9565320+01:00" testType="13cdc9d9-ddb5-4fa4-a97d-d965ccfc6d4b" outcome="Passed" testListId="8c84fa94-04c1-424b-9868-57a2d4851a1d" relativeResultsDirectory="32f5397e-2b50-47a9-97b9-f58d78511739" />
    <UnitTestResult executionId="95cb197a-9f49-4938-9343-baeceb86dca2" testId="9ffa894b-238e-f20c-d3fd-853a82fc5567" testName="FileBasedApp.Toolkit.Tests.PathUtilTest.AnalyzeFilePath_MultipleRootsNoMatch_FileShouldNotExist" computerName="DESKTOP-RHANN0P" duration="00:00:00.0779115" startTime="2026-03-15T22:09:43.8312424+01:00" endTime="2026-03-15T22:09:43.9538412+01:00" testType="13cdc9d9-ddb5-4fa4-a97d-d965ccfc6d4b" outcome="Passed" testListId="8c84fa94-04c1-424b-9868-57a2d4851a1d" relativeResultsDirectory="95cb197a-9f49-4938-9343-baeceb86dca2" />
    <UnitTestResult executionId="2397f276-bcf8-405e-b6a4-9614e0ca26d5" testId="dea39721-046e-0fbf-8fc8-da4abc872d2a" testName="FileBasedApp.Toolkit.Tests.EnumerableExtensionsTest.GetSingleOrNull_ReturnsSingleMatchingElement" computerName="DESKTOP-RHANN0P" duration="00:00:00.0004200" startTime="2026-03-15T22:09:43.9503298+01:00" endTime="2026-03-15T22:09:43.9503886+01:00" testType="13cdc9d9-ddb5-4fa4-a97d-d965ccfc6d4b" outcome="Passed" testListId="8c84fa94-04c1-424b-9868-57a2d4851a1d" relativeResultsDirectory="2397f276-bcf8-405e-b6a4-9614e0ca26d5" />
    <UnitTestResult executionId="a6a82f99-1199-448a-9888-1b65ee9c2092" testId="2c5b749a-10eb-e5ce-73d2-d4e846fe822b" testName="FileBasedApp.Toolkit.Tests.SimpleExec.SimpleExecRunnerTest.ReadAsync_DefaultValues_PassesExpectedDefaults" computerName="DESKTOP-RHANN0P" duration="00:00:00.0009535" startTime="2026-03-15T22:09:44.0280793+01:00" endTime="2026-03-15T22:09:44.0288980+01:00" testType="13cdc9d9-ddb5-4fa4-a97d-d965ccfc6d4b" outcome="Passed" testListId="8c84fa94-04c1-424b-9868-57a2d4851a1d" relativeResultsDirectory="a6a82f99-1199-448a-9888-1b65ee9c2092" />
    <UnitTestResult executionId="ad20af77-8594-4031-9244-897f96036375" testId="8a5f7935-d5ca-5953-647e-a5205c0e6854" testName="FileBasedApp.Toolkit.Tests.SimpleExec.SimpleExecRunnerTest.Run_PassesEchoPrefix(method: Run)" computerName="DESKTOP-RHANN0P" duration="00:00:00.0007460" startTime="2026-03-15T22:09:44.0124842+01:00" endTime="2026-03-15T22:09:44.0129502+01:00" testType="13cdc9d9-ddb5-4fa4-a97d-d965ccfc6d4b" outcome="Passed" testListId="8c84fa94-04c1-424b-9868-57a2d4851a1d" relativeResultsDirectory="ad20af77-8594-4031-9244-897f96036375" />
    <UnitTestResult executionId="b5c1b9a9-51b3-4cd4-b7d2-f9058329ec40" testId="4eb23d4f-d74b-e36d-3a74-816c14079631" testName="FileBasedApp.Toolkit.Tests.SimpleExec.SimpleExecRunnerTest.Run_PassesEchoPrefix(method: RunAsync)" computerName="DESKTOP-RHANN0P" duration="00:00:00.0003233" startTime="2026-03-15T22:09:44.0130984+01:00" endTime="2026-03-15T22:09:44.0133088+01:00" testType="13cdc9d9-ddb5-4fa4-a97d-d965ccfc6d4b" outcome="Passed" testListId="8c84fa94-04c1-424b-9868-57a2d4851a1d" relativeResultsDirectory="b5c1b9a9-51b3-4cd4-b7d2-f9058329ec40" />
    <UnitTestResult executionId="315a0fce-4a52-4a37-b9d9-42db5658ed89" testId="58ab79b0-b6f2-5137-8fae-f89626b991b3" testName="FileBasedApp.Toolkit.Tests.EnumerableExtensionsTest.GetFirstOrNull_ReturnsNullWhenNoMatch" computerName="DESKTOP-RHANN0P" duration="00:00:00.0004418" startTime="2026-03-15T22:09:43.9532530+01:00" endTime="2026-03-15T22:09:43.9533158+01:00" testType="13cdc9d9-ddb5-4fa4-a97d-d965ccfc6d4b" outcome="Passed" testListId="8c84fa94-04c1-424b-9868-57a2d4851a1d" relativeResultsDirectory="315a0fce-4a52-4a37-b9d9-42db5658ed89" />
    <UnitTestResult executionId="4946480c-fb9b-4ef5-8983-c2c16618f745" testId="c29d2a7d-51da-6c9d-4854-02e7680bea5f" testName="FileBasedApp.Toolkit.Tests.EnumerableExtensionsTest.GetSingleOrNull_ThrowsExceptionWhenMultipleMatches" computerName="DESKTOP-RHANN0P" duration="00:00:00.0011810" startTime="2026-03-15T22:09:43.8955464+01:00" endTime="2026-03-15T22:09:43.8956025+01:00" testType="13cdc9d9-ddb5-4fa4-a97d-d965ccfc6d4b" outcome="Passed" testListId="8c84fa94-04c1-424b-9868-57a2d4851a1d" relativeResultsDirectory="4946480c-fb9b-4ef5-8983-c2c16618f745" />
    <UnitTestResult executionId="b6246686-f9b6-497a-bb3a-c43b24f6076b" testId="b86ce6e6-f285-ee4e-fcd1-24616aaacc7a" testName="FileBasedApp.Toolkit.Tests.EnumerableExtensionsTest.GetSingleRequired_ThrowsExceptionWhenNoMatch" computerName="DESKTOP-RHANN0P" duration="00:00:00.0029947" startTime="2026-03-15T22:09:43.8937209+01:00" endTime="2026-03-15T22:09:43.8951132+01:00" testType="13cdc9d9-ddb5-4fa4-a97d-d965ccfc6d4b" outcome="Passed" testListId="8c84fa94-04c1-424b-9868-57a2d4851a1d" relativeResultsDirectory="b6246686-f9b6-497a-bb3a-c43b24f6076b" />
    <UnitTestResult executionId="30ad6bdd-369a-43cf-9eec-b3abb27cdae2" testId="bf1f6eb4-2dc8-fbd6-6fad-f352aa6aaf52" testName="FileBasedApp.Toolkit.Tests.PathUtilTest.AnalyzeDirectory_WithExistingDirectory_ShouldReturnPath" computerName="DESKTOP-RHANN0P" duration="00:00:00.0009014" startTime="2026-03-15T22:09:43.9572404+01:00" endTime="2026-03-15T22:09:43.9572970+01:00" testType="13cdc9d9-ddb5-4fa4-a97d-d965ccfc6d4b" outcome="Passed" testListId="8c84fa94-04c1-424b-9868-57a2d4851a1d" relativeResultsDirectory="30ad6bdd-369a-43cf-9eec-b3abb27cdae2" />
    <UnitTestResult executionId="4e73d292-a50c-4190-96ef-d7a067223be6" testId="b4f1d2d2-2a8b-7a26-5d53-dd856545513d" testName="FileBasedApp.Toolkit.Tests.SimpleExec.SimpleExecRunnerTest.ReadAsync_PassesWorkingDirectory" computerName="DESKTOP-RHANN0P" duration="00:00:00.0008482" startTime="2026-03-15T22:09:44.0220822+01:00" endTime="2026-03-15T22:09:44.0226575+01:00" testType="13cdc9d9-ddb5-4fa4-a97d-d965ccfc6d4b" outcome="Passed" testListId="8c84fa94-04c1-424b-9868-57a2d4851a1d" relativeResultsDirectory="4e73d292-a50c-4190-96ef-d7a067223be6" />
    <UnitTestResult executionId="fdfcb8fc-5599-4df6-97f1-2017f2e82551" testId="7aab44a9-1440-b5de-acc4-d98bcc4ab7e0" testName="FileBasedApp.Toolkit.Tests.SimpleExec.SimpleExecRunnerTest.Run_PassesNameAndArguments(method: RunAsync)" computerName="DESKTOP-RHANN0P" duration="00:00:00.0004731" startTime="2026-03-15T22:09:44.0213609+01:00" endTime="2026-03-15T22:09:44.0217482+01:00" testType="13cdc9d9-ddb5-4fa4-a97d-d965ccfc6d4b" outcome="Passed" testListId="8c84fa94-04c1-424b-9868-57a2d4851a1d" relativeResultsDirectory="fdfcb8fc-5599-4df6-97f1-2017f2e82551" />
    <UnitTestResult executionId="e57f0a8d-4c5c-4431-a7f2-2d624f518e25" testId="f4d3591f-282b-6c3d-d9c5-8c34518b38ce" testName="FileBasedApp.Toolkit.Tests.EnumerableExtensionsTest.GetFirstOrNull_NoPredicate_ReturnsFirstElement" computerName="DESKTOP-RHANN0P" duration="00:00:00.0004428" startTime="2026-03-15T22:09:43.9489027+01:00" endTime="2026-03-15T22:09:43.9489908+01:00" testType="13cdc9d9-ddb5-4fa4-a97d-d965ccfc6d4b" outcome="Passed" testListId="8c84fa94-04c1-424b-9868-57a2d4851a1d" relativeResultsDirectory="e57f0a8d-4c5c-4431-a7f2-2d624f518e25" />
    <UnitTestResult executionId="c5c7b32a-125a-4d59-8c4b-f4a09ffef30e" testId="50fdc899-274d-cecc-7d02-b68c5f7252c0" testName="FileBasedApp.Toolkit.Tests.PathUtilTest.AnalyzeFilePath_FileDoesNotExist_ShouldNotRequireExist" computerName="DESKTOP-RHANN0P" duration="00:00:00.0008602" startTime="2026-03-15T22:09:43.9545335+01:00" endTime="2026-03-15T22:09:43.9545970+01:00" testType="13cdc9d9-ddb5-4fa4-a97d-d965ccfc6d4b" outcome="Passed" testListId="8c84fa94-04c1-424b-9868-57a2d4851a1d" relativeResultsDirectory="c5c7b32a-125a-4d59-8c4b-f4a09ffef30e" />
    <UnitTestResult executionId="87270562-30bb-4ced-8b33-53290da30696" testId="9eabf247-c9f6-a001-ca46-ec07a5104420" testName="FileBasedApp.Toolkit.Tests.PathUtilTest.AnalyzeDirectory_EmptyPath_ShouldReturnRoot" computerName="DESKTOP-RHANN0P" duration="00:00:00.0006449" startTime="2026-03-15T22:09:43.9570249+01:00" endTime="2026-03-15T22:09:43.9570903+01:00" testType="13cdc9d9-ddb5-4fa4-a97d-d965ccfc6d4b" outcome="Passed" testListId="8c84fa94-04c1-424b-9868-57a2d4851a1d" relativeResultsDirectory="87270562-30bb-4ced-8b33-53290da30696" />
    <UnitTestResult executionId="474cc52b-3b96-4ffe-8721-41db7642c474" testId="65af5af5-350b-302b-fb88-d626dc403e4c" testName="FileBasedApp.Toolkit.Tests.EnumerableExtensionsTest.GetSingleRequired_WithCustomErrorMessages_ThrowsWithCustomMessages" computerName="DESKTOP-RHANN0P" duration="00:00:00.0010967" startTime="2026-03-15T22:09:43.9498955+01:00" endTime="2026-03-15T22:09:43.9499635+01:00" testType="13cdc9d9-ddb5-4fa4-a97d-d965ccfc6d4b" outcome="Passed" testListId="8c84fa94-04c1-424b-9868-57a2d4851a1d" relativeResultsDirectory="474cc52b-3b96-4ffe-8721-41db7642c474" />
    <UnitTestResult executionId="7a1e988b-e40e-4407-908e-c78155fa61e2" testId="cc2c360e-520e-4559-9913-cd20efcfeb05" testName="FileBasedApp.Toolkit.Tests.EnumerableExtensionsTest.GetSingleOrNull_NullableSource_ReturnsNullWhenNoMatch" computerName="DESKTOP-RHANN0P" duration="00:00:00.0004309" startTime="2026-03-15T22:09:43.9534640+01:00" endTime="2026-03-15T22:09:43.9535335+01:00" testType="13cdc9d9-ddb5-4fa4-a97d-d965ccfc6d4b" outcome="Passed" testListId="8c84fa94-04c1-424b-9868-57a2d4851a1d" relativeResultsDirectory="7a1e988b-e40e-4407-908e-c78155fa61e2" />
    <UnitTestResult executionId="49c09286-859f-4f14-b42f-3741522d13c2" testId="de4d4b6b-1a0e-b6be-8cb2-48455120bfb2" testName="FileBasedApp.Toolkit.Tests.SimpleExec.SimpleExecRunnerTest.Run_PassesWorkingDirectory(method: RunAsync)" computerName="DESKTOP-RHANN0P" duration="00:00:00.0009210" startTime="2026-03-15T22:09:44.0151378+01:00" endTime="2026-03-15T22:09:44.0159575+01:00" testType="13cdc9d9-ddb5-4fa4-a97d-d965ccfc6d4b" outcome="Passed" testListId="8c84fa94-04c1-424b-9868-57a2d4851a1d" relativeResultsDirectory="49c09286-859f-4f14-b42f-3741522d13c2" />
    <UnitTestResult executionId="c2ceaa09-3f71-41c3-9483-3a2589530e56" testId="54df141f-5c70-df9c-dade-426979239637" testName="FileBasedApp.Toolkit.Tests.SimpleExec.SimpleExecRunnerTest.ReadAsync_PassesExitCodeHandler" computerName="DESKTOP-RHANN0P" duration="00:00:00.0009054" startTime="2026-03-15T22:09:44.0178323+01:00" endTime="2026-03-15T22:09:44.0179042+01:00" testType="13cdc9d9-ddb5-4fa4-a97d-d965ccfc6d4b" outcome="Passed" testListId="8c84fa94-04c1-424b-9868-57a2d4851a1d" relativeResultsDirectory="c2ceaa09-3f71-41c3-9483-3a2589530e56" />
    <UnitTestResult executionId="b9fc53e2-d4fa-4b57-a5bd-40d7e021d81a" testId="cf79c229-7f19-cc9d-b3a1-a65eaa8fde0c" testName="FileBasedApp.Toolkit.Tests.SimpleExec.SimpleExecRunnerTest.Run_PassesSecrets_WhenArgumentMarkedAsSecret(method: Run)" computerName="DESKTOP-RHANN0P" duration="00:00:00.0008139" startTime="2026-03-15T22:09:44.0121136+01:00" endTime="2026-03-15T22:09:44.0121838+01:00" testType="13cdc9d9-ddb5-4fa4-a97d-d965ccfc6d4b" outcome="Passed" testListId="8c84fa94-04c1-424b-9868-57a2d4851a1d" relativeResultsDirectory="b9fc53e2-d4fa-4b57-a5bd-40d7e021d81a" />
    <UnitTestResult executionId="b4265322-7425-44f9-aaf1-8a2e4cc54a9d" testId="e16c9a88-8fa8-6f67-2661-9c37d57ecd31" testName="FileBasedApp.Toolkit.Tests.SimpleExec.SimpleExecRunnerTest.Run_PassesCancellationIgnoresProcessTree(method: RunAsync)" computerName="DESKTOP-RHANN0P" duration="00:00:00.0004239" startTime="2026-03-15T22:09:44.0269189+01:00" endTime="2026-03-15T22:09:44.0269929+01:00" testType="13cdc9d9-ddb5-4fa4-a97d-d965ccfc6d4b" outcome="Passed" testListId="8c84fa94-04c1-424b-9868-57a2d4851a1d" relativeResultsDirectory="b4265322-7425-44f9-aaf1-8a2e4cc54a9d" />
    <UnitTestResult executionId="546b5a8c-9e8e-409b-a7b6-794c21c53f62" testId="b382f108-404f-d47b-0ead-e92c0053240e" testName="FileBasedApp.Toolkit.Tests.SimpleExec.SimpleExecRunnerTest.AddArgumentPair_AddsTwoarguments" computerName="DESKTOP-RHANN0P" duration="00:00:00.0003593" startTime="2026-03-15T22:09:44.0165275+01:00" endTime="2026-03-15T22:09:44.0167611+01:00" testType="13cdc9d9-ddb5-4fa4-a97d-d965ccfc6d4b" outcome="Passed" testListId="8c84fa94-04c1-424b-9868-57a2d4851a1d" relativeResultsDirectory="546b5a8c-9e8e-409b-a7b6-794c21c53f62" />
    <UnitTestResult executionId="c35abf3d-becb-404d-beef-3fa8ca8aa328" testId="9132dce2-f54c-af66-a41b-7182b7d86350" testName="FileBasedApp.Toolkit.Tests.EnumerableExtensionsTest.GetSingleRequired_ReturnsSingleMatchingElement" computerName="DESKTOP-RHANN0P" duration="00:00:00.0003902" startTime="2026-03-15T22:09:43.9496809+01:00" endTime="2026-03-15T22:09:43.9497381+01:00" testType="13cdc9d9-ddb5-4fa4-a97d-d965ccfc6d4b" outcome="Passed" testListId="8c84fa94-04c1-424b-9868-57a2d4851a1d" relativeResultsDirectory="c35abf3d-becb-404d-beef-3fa8ca8aa328" />
    <UnitTestResult executionId="4c6adb64-a544-40a9-8c3f-381201ee48c6" testId="04a11c00-0f69-f770-8520-f8e591ee4b1c" testName="FileBasedApp.Toolkit.Tests.SimpleExec.SimpleExecRunnerTest.Run_PassesExitCodeHandler(method: Run)" computerName="DESKTOP-RHANN0P" duration="00:00:00.0009591" startTime="2026-03-15T22:09:44.0079409+01:00" endTime="2026-03-15T22:09:44.0088194+01:00" testType="13cdc9d9-ddb5-4fa4-a97d-d965ccfc6d4b" outcome="Passed" testListId="8c84fa94-04c1-424b-9868-57a2d4851a1d" relativeResultsDirectory="4c6adb64-a544-40a9-8c3f-381201ee48c6" />
    <UnitTestResult executionId="4cee3698-bd3c-4091-a2a7-054433b116a2" testId="03fbab43-3ccd-b5f9-163d-c26fa183acf7" testName="FileBasedApp.Toolkit.Tests.EnumerableExtensionsTest.GetSingleRequired_ThrowsExceptionWhenMultipleMatches" computerName="DESKTOP-RHANN0P" duration="00:00:00.0008698" startTime="2026-03-15T22:09:43.9501129+01:00" endTime="2026-03-15T22:09:43.9501730+01:00" testType="13cdc9d9-ddb5-4fa4-a97d-d965ccfc6d4b" outcome="Passed" testListId="8c84fa94-04c1-424b-9868-57a2d4851a1d" relativeResultsDirectory="4cee3698-bd3c-4091-a2a7-054433b116a2" />
    <UnitTestResult executionId="85007f23-68e8-4233-9d5c-9eb63db56b87" testId="21e8f116-2d1b-bd13-b5c8-e7dc818ce6af" testName="FileBasedApp.Toolkit.Tests.SimpleExec.SimpleExecRunnerTest.Run_PassesConfigureEnvironment(method: RunAsync)" computerName="DESKTOP-RHANN0P" duration="00:00:00.0017169" startTime="2026-03-15T22:09:43.9762059+01:00" endTime="2026-03-15T22:09:43.9776171+01:00" testType="13cdc9d9-ddb5-4fa4-a97d-d965ccfc6d4b" outcome="Passed" testListId="8c84fa94-04c1-424b-9868-57a2d4851a1d" relativeResultsDirectory="85007f23-68e8-4233-9d5c-9eb63db56b87" />
    <UnitTestResult executionId="f58027e0-42cf-4c13-a8e8-b885e52fada7" testId="867b867a-f381-e75c-167a-cc82f4d27318" testName="FileBasedApp.Toolkit.Tests.EnumerableExtensionsTest.GetSingleOrNull_WithCustomMultipleMatchesError_ThrowsWithCustomMessage" computerName="DESKTOP-RHANN0P" duration="00:00:00.0006189" startTime="2026-03-15T22:09:43.8957459+01:00" endTime="2026-03-15T22:09:43.8958023+01:00" testType="13cdc9d9-ddb5-4fa4-a97d-d965ccfc6d4b" outcome="Passed" testListId="8c84fa94-04c1-424b-9868-57a2d4851a1d" relativeResultsDirectory="f58027e0-42cf-4c13-a8e8-b885e52fada7" />
    <UnitTestResult executionId="defc2bca-01e7-4e8a-bc52-28f4313b38d8" testId="134ca248-3ab1-757c-504a-2c21d90db250" testName="FileBasedApp.Toolkit.Tests.PathUtilTest.AnalyzeFilePath_NoRoots_FileShouldExists" computerName="DESKTOP-RHANN0P" duration="00:00:00.0030871" startTime="2026-03-15T22:09:43.9549864+01:00" endTime="2026-03-15T22:09:43.9550467+01:00" testType="13cdc9d9-ddb5-4fa4-a97d-d965ccfc6d4b" outcome="Passed" testListId="8c84fa94-04c1-424b-9868-57a2d4851a1d" relativeResultsDirectory="defc2bca-01e7-4e8a-bc52-28f4313b38d8" />
    <UnitTestResult executionId="4f1f5a74-24cd-4069-87d2-992f1cd69bf4" testId="bbc84640-6555-28d0-3bc9-ec697bd9c819" testName="FileBasedApp.Toolkit.Tests.SimpleExec.SimpleExecRunnerTest.ReadAsync_UsesExplicitCommandWrapper_WhenProvided" computerName="DESKTOP-RHANN0P" duration="00:00:00.0008840" startTime="2026-03-15T22:09:44.0228258+01:00" endTime="2026-03-15T22:09:44.0236014+01:00" testType="13cdc9d9-ddb5-4fa4-a97d-d965ccfc6d4b" outcome="Passed" testListId="8c84fa94-04c1-424b-9868-57a2d4851a1d" relativeResultsDirectory="4f1f5a74-24cd-4069-87d2-992f1cd69bf4" />
    <UnitTestResult executionId="193c1454-1004-4d4d-a47d-7161cf8b4404" testId="05062a5d-fb9e-5ecd-0f4d-a4e69aee5aaa" testName="FileBasedApp.Toolkit.Tests.SimpleExec.SimpleExecRunnerTest.Run_PassesNoEcho(method: RunAsync)" computerName="DESKTOP-RHANN0P" duration="00:00:00.0004034" startTime="2026-03-15T22:09:44.0075244+01:00" endTime="2026-03-15T22:09:44.0077784+01:00" testType="13cdc9d9-ddb5-4fa4-a97d-d965ccfc6d4b" outcome="Passed" testListId="8c84fa94-04c1-424b-9868-57a2d4851a1d" relativeResultsDirectory="193c1454-1004-4d4d-a47d-7161cf8b4404" />
    <UnitTestResult executionId="65c806d3-5cee-43ef-b6f2-b033f030c55d" testId="cfc84bf3-3755-d02a-513c-8bc12f0bcf79" testName="FileBasedApp.Toolkit.Tests.SimpleExec.SimpleExecRunnerTest.Run_PassesSecrets_WhenArgumentMarkedAsSecret(method: RunAsync)" computerName="DESKTOP-RHANN0P" duration="00:00:00.0003853" startTime="2026-03-15T22:09:44.0123015+01:00" endTime="2026-03-15T22:09:44.0123501+01:00" testType="13cdc9d9-ddb5-4fa4-a97d-d965ccfc6d4b" outcome="Passed" testListId="8c84fa94-04c1-424b-9868-57a2d4851a1d" relativeResultsDirectory="65c806d3-5cee-43ef-b6f2-b033f030c55d" />
    <UnitTestResult executionId="2adb4861-8300-407a-97f3-391a92d9995b" testId="f5c07989-bff9-a755-38e1-8a109dd883b1" testName="FileBasedApp.Toolkit.Tests.SimpleExec.SimpleExecRunnerTest.ReadAsync_PassesConfigureEnvironment" computerName="DESKTOP-RHANN0P" duration="00:00:00.0012861" startTime="2026-03-15T22:09:44.0029001+01:00" endTime="2026-03-15T22:09:44.0039470+01:00" testType="13cdc9d9-ddb5-4fa4-a97d-d965ccfc6d4b" outcome="Passed" testListId="8c84fa94-04c1-424b-9868-57a2d4851a1d" relativeResultsDirectory="2adb4861-8300-407a-97f3-391a92d9995b" />
    <UnitTestResult executionId="fb7919ff-b29e-49e0-9611-44ab702b072e" testId="33f66893-f5c2-560e-6985-5e489bfd0f2f" testName="FileBasedApp.Toolkit.Tests.SimpleExec.SimpleExecRunnerTest.Run_PassesCancellationIgnoresProcessTree(method: Run)" computerName="DESKTOP-RHANN0P" duration="00:00:00.0011059" startTime="2026-03-15T22:09:44.0248131+01:00" endTime="2026-03-15T22:09:44.0258640+01:00" testType="13cdc9d9-ddb5-4fa4-a97d-d965ccfc6d4b" outcome="Passed" testListId="8c84fa94-04c1-424b-9868-57a2d4851a1d" relativeResultsDirectory="fb7919ff-b29e-49e0-9611-44ab702b072e" />
    <UnitTestResult executionId="30942ace-07a9-4525-a5cb-df61a2b2636a" testId="6b8155d7-77f4-4fb1-bb18-0ae3d95e064b" testName="FileBasedApp.Toolkit.Tests.AbsolutePathExtensionsTest.GetAncestors_ShouldGenerateExpectedResult" computerName="DESKTOP-RHANN0P" duration="00:00:00.0317603" startTime="2026-03-15T22:09:43.8313186+01:00" endTime="2026-03-15T22:09:43.8764349+01:00" testType="13cdc9d9-ddb5-4fa4-a97d-d965ccfc6d4b" outcome="Passed" testListId="8c84fa94-04c1-424b-9868-57a2d4851a1d" relativeResultsDirectory="30942ace-07a9-4525-a5cb-df61a2b2636a" />
    <UnitTestResult executionId="7af9886a-8d4d-420d-bf08-ace8bee06f9c" testId="63d623ef-996c-99e2-11cb-578d018552c9" testName="FileBasedApp.Toolkit.Tests.SimpleExec.SimpleExecRunnerTest.Run_PassesNameAndArguments(method: Run)" computerName="DESKTOP-RHANN0P" duration="00:00:00.0009168" startTime="2026-03-15T22:09:44.0204179+01:00" endTime="2026-03-15T22:09:44.0212297+01:00" testType="13cdc9d9-ddb5-4fa4-a97d-d965ccfc6d4b" outcome="Passed" testListId="8c84fa94-04c1-424b-9868-57a2d4851a1d" relativeResultsDirectory="7af9886a-8d4d-420d-bf08-ace8bee06f9c" />
    <UnitTestResult executionId="6eb5216f-a4a4-48d9-9bca-5c38031a8d86" testId="5ddfb5fc-8e56-3069-9cc8-0e63911a1b90" testName="FileBasedApp.Toolkit.Tests.SimpleExec.SimpleExecRunnerTest.Run_UsesExplicitCommandWrapper_WhenProvided(method: Run)" computerName="DESKTOP-RHANN0P" duration="00:00:00.0018509" startTime="2026-03-15T22:09:44.0180656+01:00" endTime="2026-03-15T22:09:44.0196547+01:00" testType="13cdc9d9-ddb5-4fa4-a97d-d965ccfc6d4b" outcome="Passed" testListId="8c84fa94-04c1-424b-9868-57a2d4851a1d" relativeResultsDirectory="6eb5216f-a4a4-48d9-9bca-5c38031a8d86" />
    <UnitTestResult executionId="0351ae78-9286-4012-a63f-70f581616ffc" testId="8f7ff804-9846-f2af-fc9b-f9614f2a7286" testName="FileBasedApp.Toolkit.Tests.SimpleExec.SimpleExecRunnerTest.Run_PassesCreateNoWindow(method: RunAsync)" computerName="DESKTOP-RHANN0P" duration="00:00:00.0012424" startTime="2026-03-15T22:09:44.0021755+01:00" endTime="2026-03-15T22:09:44.0024193+01:00" testType="13cdc9d9-ddb5-4fa4-a97d-d965ccfc6d4b" outcome="Passed" testListId="8c84fa94-04c1-424b-9868-57a2d4851a1d" relativeResultsDirectory="0351ae78-9286-4012-a63f-70f581616ffc" />
    <UnitTestResult executionId="46c5a18f-f831-4f8f-9517-17d4576e2a64" testId="7438a50c-acfd-5378-05de-ae24a37cf58c" testName="FileBasedApp.Toolkit.Tests.SimpleExec.SimpleExecRunnerTest.Run_PassesCreateNoWindow(method: Run)" computerName="DESKTOP-RHANN0P" duration="00:00:00.0004374" startTime="2026-03-15T22:09:44.0026790+01:00" endTime="2026-03-15T22:09:44.0027426+01:00" testType="13cdc9d9-ddb5-4fa4-a97d-d965ccfc6d4b" outcome="Passed" testListId="8c84fa94-04c1-424b-9868-57a2d4851a1d" relativeResultsDirectory="46c5a18f-f831-4f8f-9517-17d4576e2a64" />
    <UnitTestResult executionId="3c7d2acc-9192-4110-9007-a51d2b08b640" testId="4d957379-34e6-770c-8e63-1b330aa8f53b" testName="FileBasedApp.Toolkit.Tests.EnumerableExtensionsTest.GetSingleOrNull_NullableSource_ReturnsSingleMatchingElement" computerName="DESKTOP-RHANN0P" duration="00:00:00.0072629" startTime="2026-03-15T22:09:43.9410236+01:00" endTime="2026-03-15T22:09:43.9411266+01:00" testType="13cdc9d9-ddb5-4fa4-a97d-d965ccfc6d4b" outcome="Passed" testListId="8c84fa94-04c1-424b-9868-57a2d4851a1d" relativeResultsDirectory="3c7d2acc-9192-4110-9007-a51d2b08b640" />
    <UnitTestResult executionId="1c5319e6-ea1e-4273-bb8d-71c8639ab318" testId="858432a5-ff99-5a14-7c0f-c0908abae172" testName="FileBasedApp.Toolkit.Tests.SimpleExec.SimpleExecRunnerTest.ReadAsync_PassesStandardInput" computerName="DESKTOP-RHANN0P" duration="00:00:00.0009565" startTime="2026-03-15T22:09:44.0237700+01:00" endTime="2026-03-15T22:09:44.0246227+01:00" testType="13cdc9d9-ddb5-4fa4-a97d-d965ccfc6d4b" outcome="Passed" testListId="8c84fa94-04c1-424b-9868-57a2d4851a1d" relativeResultsDirectory="1c5319e6-ea1e-4273-bb8d-71c8639ab318" />
    <UnitTestResult executionId="f8393615-9527-4e44-ba87-33bdfa3102e7" testId="fd904ddf-c8c9-a180-cb8b-de14eedc38bc" testName="FileBasedApp.Toolkit.Tests.SimpleExec.SimpleExecRunnerTest.Run_DefaultValues_PassesExpectedDefaults(method: Run)" computerName="DESKTOP-RHANN0P" duration="00:00:00.1352048" startTime="2026-03-15T22:09:43.8288593+01:00" endTime="2026-03-15T22:09:43.9674657+01:00" testType="13cdc9d9-ddb5-4fa4-a97d-d965ccfc6d4b" outcome="Passed" testListId="8c84fa94-04c1-424b-9868-57a2d4851a1d" relativeResultsDirectory="f8393615-9527-4e44-ba87-33bdfa3102e7" />
    <UnitTestResult executionId="4788f082-66b2-4eae-b0dd-006a5f2dd6c8" testId="8c4712d4-8b55-db73-82a7-0d58f840b220" testName="FileBasedApp.Toolkit.Tests.SimpleExec.SimpleExecRunnerTest.Run_PassesExitCodeHandler(method: RunAsync)" computerName="DESKTOP-RHANN0P" duration="00:00:00.0004294" startTime="2026-03-15T22:09:44.0089460+01:00" endTime="2026-03-15T22:09:44.0095055+01:00" testType="13cdc9d9-ddb5-4fa4-a97d-d965ccfc6d4b" outcome="Passed" testListId="8c84fa94-04c1-424b-9868-57a2d4851a1d" relativeResultsDirectory="4788f082-66b2-4eae-b0dd-006a5f2dd6c8" />
    <UnitTestResult executionId="3aaac4a3-5b60-4fc3-abcb-ffce405b1e38" testId="09878e65-7130-1541-b314-086e94a97683" testName="FileBasedApp.Toolkit.Tests.SimpleExec.SimpleExecRunnerTest.AddSecrets_AppendsToExistingSecrets" computerName="DESKTOP-RHANN0P" duration="00:00:00.0006815" startTime="2026-03-15T22:09:44.0271674+01:00" endTime="2026-03-15T22:09:44.0272208+01:00" testType="13cdc9d9-ddb5-4fa4-a97d-d965ccfc6d4b" outcome="Passed" testListId="8c84fa94-04c1-424b-9868-57a2d4851a1d" relativeResultsDirectory="3aaac4a3-5b60-4fc3-abcb-ffce405b1e38" />
    <UnitTestResult executionId="6546584f-243a-4dfe-8df9-94a0365771d1" testId="96e1afc2-71b3-a464-5683-a9fb9e811a0f" testName="FileBasedApp.Toolkit.Tests.SimpleExec.SimpleExecRunnerTest.Run_PassesNoEcho(method: Run)" computerName="DESKTOP-RHANN0P" duration="00:00:00.0008391" startTime="2026-03-15T22:09:44.0066492+01:00" endTime="2026-03-15T22:09:44.0073340+01:00" testType="13cdc9d9-ddb5-4fa4-a97d-d965ccfc6d4b" outcome="Passed" testListId="8c84fa94-04c1-424b-9868-57a2d4851a1d" relativeResultsDirectory="6546584f-243a-4dfe-8df9-94a0365771d1" />
    <UnitTestResult executionId="d7b78ef5-81da-4e65-8e02-8c76de597faa" testId="c40317cd-7db4-0c48-23bd-49c308cd39e4" testName="FileBasedApp.Toolkit.Tests.EnumerableExtensionsTest.GetSingleOrNull_ReturnsNullWhenNoMatch" computerName="DESKTOP-RHANN0P" duration="00:00:00.0006328" startTime="2026-03-15T22:09:43.9529866+01:00" endTime="2026-03-15T22:09:43.9530694+01:00" testType="13cdc9d9-ddb5-4fa4-a97d-d965ccfc6d4b" outcome="Passed" testListId="8c84fa94-04c1-424b-9868-57a2d4851a1d" relativeResultsDirectory="d7b78ef5-81da-4e65-8e02-8c76de597faa" />
    <UnitTestResult executionId="05383286-b5da-46de-85ca-10ad526ea5d4" testId="c6687cf7-5400-f053-da88-3ec268592e61" testName="FileBasedApp.Toolkit.Tests.EnumerableExtensionsTest.GetFirstRequired_ThrowsExceptionWhenNoMatch" computerName="DESKTOP-RHANN0P" duration="00:00:00.0012531" startTime="2026-03-15T22:09:43.9494358+01:00" endTime="2026-03-15T22:09:43.9495121+01:00" testType="13cdc9d9-ddb5-4fa4-a97d-d965ccfc6d4b" outcome="Passed" testListId="8c84fa94-04c1-424b-9868-57a2d4851a1d" relativeResultsDirectory="05383286-b5da-46de-85ca-10ad526ea5d4" />
    <UnitTestResult executionId="1d1f8f4c-0ae6-440c-91a1-00fe546f3fc5" testId="e6f3229d-aec8-0062-b333-d3b4388b1c4d" testName="FileBasedApp.Toolkit.Tests.EnumerableExtensionsTest.GetFirstOrNull_ReturnsFirstMatchingElement" computerName="DESKTOP-RHANN0P" duration="00:00:00.0277461" startTime="2026-03-15T22:09:43.8313528+01:00" endTime="2026-03-15T22:09:43.8694760+01:00" testType="13cdc9d9-ddb5-4fa4-a97d-d965ccfc6d4b" outcome="Passed" testListId="8c84fa94-04c1-424b-9868-57a2d4851a1d" relativeResultsDirectory="1d1f8f4c-0ae6-440c-91a1-00fe546f3fc5" />
    <UnitTestResult executionId="2b388f70-bb51-4ea7-8006-370e4fe94453" testId="97d2358a-68fb-609f-59cc-5e8da5d97499" testName="FileBasedApp.Toolkit.Tests.EnumerableExtensionsTest.GetFirstRequired_ReturnsFirstMatchingElement" computerName="DESKTOP-RHANN0P" duration="00:00:00.0003778" startTime="2026-03-15T22:09:43.8953270+01:00" endTime="2026-03-15T22:09:43.8953903+01:00" testType="13cdc9d9-ddb5-4fa4-a97d-d965ccfc6d4b" outcome="Passed" testListId="8c84fa94-04c1-424b-9868-57a2d4851a1d" relativeResultsDirectory="2b388f70-bb51-4ea7-8006-370e4fe94453" />
    <UnitTestResult executionId="e06f404e-667e-49df-afe5-d3350f4d0661" testId="9a09b2b9-9a01-36d2-7e5c-75f16de7d6bc" testName="FileBasedApp.Toolkit.Tests.SimpleExec.SimpleExecRunnerTest.ReadAsync_PassesNameAndArguments" computerName="DESKTOP-RHANN0P" duration="00:00:00.0225488" startTime="2026-03-15T22:09:43.9782559+01:00" endTime="2026-03-15T22:09:44.0008131+01:00" testType="13cdc9d9-ddb5-4fa4-a97d-d965ccfc6d4b" outcome="Passed" testListId="8c84fa94-04c1-424b-9868-57a2d4851a1d" relativeResultsDirectory="e06f404e-667e-49df-afe5-d3350f4d0661" />
    <UnitTestResult executionId="7d559030-68b4-44dd-be38-d5e14b08ae50" testId="3fe0daad-dd39-6f62-204c-9245c8659294" testName="FileBasedApp.Toolkit.Tests.SimpleExec.SimpleExecRunnerTest.Run_PassesConfigureEnvironment(method: Run)" computerName="DESKTOP-RHANN0P" duration="00:00:00.0003849" startTime="2026-03-15T22:09:43.9778050+01:00" endTime="2026-03-15T22:09:43.9780635+01:00" testType="13cdc9d9-ddb5-4fa4-a97d-d965ccfc6d4b" outcome="Passed" testListId="8c84fa94-04c1-424b-9868-57a2d4851a1d" relativeResultsDirectory="7d559030-68b4-44dd-be38-d5e14b08ae50" />
    <UnitTestResult executionId="9ffa34ec-37ac-4901-9941-951c0dd0566c" testId="dbd590ef-b8ad-f1fb-c2bc-a95225b8bd07" testName="FileBasedApp.Toolkit.Tests.SimpleExec.SimpleExecRunnerTest.AddArguments_WithSecret_AddsAllToSecrets" computerName="DESKTOP-RHANN0P" duration="00:00:00.0004455" startTime="2026-03-15T22:09:44.0146554+01:00" endTime="2026-03-15T22:09:44.0149736+01:00" testType="13cdc9d9-ddb5-4fa4-a97d-d965ccfc6d4b" outcome="Passed" testListId="8c84fa94-04c1-424b-9868-57a2d4851a1d" relativeResultsDirectory="9ffa34ec-37ac-4901-9941-951c0dd0566c" />
    <UnitTestResult executionId="d635b2f9-9cf4-4425-88c4-2e7581178319" testId="8cb8443c-d6d8-4372-cfec-df08c9c0ff48" testName="FileBasedApp.Toolkit.Tests.SimpleExec.SimpleExecRunnerTest.Run_DefaultValues_PassesExpectedDefaults(method: RunAsync)" computerName="DESKTOP-RHANN0P" duration="00:00:00.0081794" startTime="2026-03-15T22:09:43.9676845+01:00" endTime="2026-03-15T22:09:43.9758147+01:00" testType="13cdc9d9-ddb5-4fa4-a97d-d965ccfc6d4b" outcome="Passed" testListId="8c84fa94-04c1-424b-9868-57a2d4851a1d" relativeResultsDirectory="d635b2f9-9cf4-4425-88c4-2e7581178319" />
    <UnitTestResult executionId="7ac2da81-6451-45e5-98f5-48dee5c4b6c4" testId="87f14075-a470-72cc-9f26-26c338e70110" testName="FileBasedApp.Toolkit.Tests.SimpleExec.SimpleExecRunnerTest.AddArguments_AddsMultipleArguments" computerName="DESKTOP-RHANN0P" duration="00:00:00.0014754" startTime="2026-03-15T22:09:44.0097641+01:00" endTime="2026-03-15T22:09:44.0108475+01:00" testType="13cdc9d9-ddb5-4fa4-a97d-d965ccfc6d4b" outcome="Passed" testListId="8c84fa94-04c1-424b-9868-57a2d4851a1d" relativeResultsDirectory="7ac2da81-6451-45e5-98f5-48dee5c4b6c4" />
    <UnitTestResult executionId="d505e34b-d252-4c44-8b8d-5d8d274ac827" testId="2f8206cf-fe63-e78e-ba47-d9b4956edb4f" testName="FileBasedApp.Toolkit.Tests.PathUtilTest.AnalyzeFilePath_NullPath_ShouldReturnError" computerName="DESKTOP-RHANN0P" duration="00:00:00.0016469" startTime="2026-03-15T22:09:43.9540469+01:00" endTime="2026-03-15T22:09:43.9541185+01:00" testType="13cdc9d9-ddb5-4fa4-a97d-d965ccfc6d4b" outcome="Passed" testListId="8c84fa94-04c1-424b-9868-57a2d4851a1d" relativeResultsDirectory="d505e34b-d252-4c44-8b8d-5d8d274ac827" />
    <UnitTestResult executionId="e9cabb8f-871d-49b4-aa6f-b3d29f7b589b" testId="7745c892-da9e-5475-7ae4-0af236e76297" testName="FileBasedApp.Toolkit.Tests.PathUtilTest.AnalyzeDirectory_WithNonExistingDirectory_ShouldReturnError" computerName="DESKTOP-RHANN0P" duration="00:00:00.0018771" startTime="2026-03-15T22:09:43.9547588+01:00" endTime="2026-03-15T22:09:43.9548249+01:00" testType="13cdc9d9-ddb5-4fa4-a97d-d965ccfc6d4b" outcome="Passed" testListId="8c84fa94-04c1-424b-9868-57a2d4851a1d" relativeResultsDirectory="e9cabb8f-871d-49b4-aa6f-b3d29f7b589b" />
    <UnitTestResult executionId="4b533484-f609-4f60-b9cf-0fa54e39040a" testId="77e2cc33-2d6f-f764-15fe-1dbd9b961671" testName="FileBasedApp.Toolkit.Tests.EnumerableExtensionsTest.GetSingleOrNull_NullableSource_ThrowsExceptionWhenMultipleMatches" computerName="DESKTOP-RHANN0P" duration="00:00:00.0013699" startTime="2026-03-15T22:09:43.9492185+01:00" endTime="2026-03-15T22:09:43.9492845+01:00" testType="13cdc9d9-ddb5-4fa4-a97d-d965ccfc6d4b" outcome="Passed" testListId="8c84fa94-04c1-424b-9868-57a2d4851a1d" relativeResultsDirectory="4b533484-f609-4f60-b9cf-0fa54e39040a" />
    <UnitTestResult executionId="5cc40759-9e2e-4e91-b823-8993bc4723b3" testId="7c7d71ff-5aac-f7c4-9aa0-7ea2716d8dc8" testName="FileBasedApp.Toolkit.Tests.SimpleExec.SimpleExecRunnerTest.ReadAsync_PassesEncoding" computerName="DESKTOP-RHANN0P" duration="00:00:00.0010952" startTime="2026-03-15T22:09:44.0134904+01:00" endTime="2026-03-15T22:09:44.0144733+01:00" testType="13cdc9d9-ddb5-4fa4-a97d-d965ccfc6d4b" outcome="Passed" testListId="8c84fa94-04c1-424b-9868-57a2d4851a1d" relativeResultsDirectory="5cc40759-9e2e-4e91-b823-8993bc4723b3" />
    <UnitTestResult executionId="89632082-e34b-4da8-997c-10f60581fca2" testId="f85e223b-9847-f377-550d-bb58f64d25df" testName="FileBasedApp.Toolkit.Tests.PathUtilTest.GetRootFolder_CurrentDirectory_ShouldReturnCurrentWorkingDirectory" computerName="DESKTOP-RHANN0P" duration="00:00:00.0007914" startTime="2026-03-15T22:09:43.9542948+01:00" endTime="2026-03-15T22:09:43.9543576+01:00" testType="13cdc9d9-ddb5-4fa4-a97d-d965ccfc6d4b" outcome="Passed" testListId="8c84fa94-04c1-424b-9868-57a2d4851a1d" relativeResultsDirectory="89632082-e34b-4da8-997c-10f60581fca2" />
    <UnitTestResult executionId="0c850a7f-cea8-4dea-a9a1-ab1c9c428da5" testId="064956b7-ec46-bd9b-b533-d31f6b18da38" testName="FileBasedApp.Toolkit.Tests.SimpleExec.SimpleExecRunnerTest.AddArgumentPair_WithSecret_OnlyMarksValueAsSecret" computerName="DESKTOP-RHANN0P" duration="00:00:00.0023546" startTime="2026-03-15T22:09:44.0041590+01:00" endTime="2026-03-15T22:09:44.0064175+01:00" testType="13cdc9d9-ddb5-4fa4-a97d-d965ccfc6d4b" outcome="Passed" testListId="8c84fa94-04c1-424b-9868-57a2d4851a1d" relativeResultsDirectory="0c850a7f-cea8-4dea-a9a1-ab1c9c428da5" />
    <UnitTestResult executionId="8dc48b0b-e57c-40f5-80bd-61a3ead2a4ba" testId="9564e915-939b-1c62-e166-119312b0a620" testName="FileBasedApp.Toolkit.Tests.SimpleExec.SimpleExecRunnerTest.Run_UsesExplicitCommandWrapper_WhenProvided(method: RunAsync)" computerName="DESKTOP-RHANN0P" duration="00:00:00.0005535" startTime="2026-03-15T22:09:44.0197965+01:00" endTime="2026-03-15T22:09:44.0202525+01:00" testType="13cdc9d9-ddb5-4fa4-a97d-d965ccfc6d4b" outcome="Passed" testListId="8c84fa94-04c1-424b-9868-57a2d4851a1d" relativeResultsDirectory="8dc48b0b-e57c-40f5-80bd-61a3ead2a4ba" />
    <UnitTestResult executionId="c82e9939-172e-4591-97a7-6f5f9a900fff" testId="1b80e75f-92e6-93e4-1423-3d35f1d1c1d8" testName="FileBasedApp.Toolkit.Tests.PathUtilTest.GetRootFolder_InvalidPredefinedRootPath_ShouldThrow" computerName="DESKTOP-RHANN0P" duration="00:00:00.0082817" startTime="2026-03-15T22:09:43.9567640+01:00" endTime="2026-03-15T22:09:43.9568402+01:00" testType="13cdc9d9-ddb5-4fa4-a97d-d965ccfc6d4b" outcome="Passed" testListId="8c84fa94-04c1-424b-9868-57a2d4851a1d" relativeResultsDirectory="c82e9939-172e-4591-97a7-6f5f9a900fff" />
    <UnitTestResult executionId="1a616219-46ec-4577-9fb1-174970ad7bfb" testId="cea898ea-6ad9-f5b4-2052-550b0404e14f" testName="FileBasedApp.Toolkit.Tests.SimpleExec.SimpleExecRunnerTest.ReadAsync_PassesCancellationIgnoresProcessTree" computerName="DESKTOP-RHANN0P" duration="00:00:00.0008049" startTime="2026-03-15T22:09:44.0273660+01:00" endTime="2026-03-15T22:09:44.0278919+01:00" testType="13cdc9d9-ddb5-4fa4-a97d-d965ccfc6d4b" outcome="Passed" testListId="8c84fa94-04c1-424b-9868-57a2d4851a1d" relativeResultsDirectory="1a616219-46ec-4577-9fb1-174970ad7bfb" />
    <UnitTestResult executionId="d8d7dba8-0438-481d-8d8b-6f2fdf244988" testId="f469510c-b189-8efc-ecf2-f80dcdb5d539" testName="FileBasedApp.Toolkit.Tests.EnumerableExtensionsTest.GetFirstRequired_NoPredicate_ReturnsFirstElement" computerName="DESKTOP-RHANN0P" duration="00:00:00.0031652" startTime="2026-03-15T22:09:43.8913616+01:00" endTime="2026-03-15T22:09:43.8934712+01:00" testType="13cdc9d9-ddb5-4fa4-a97d-d965ccfc6d4b" outcome="Passed" testListId="8c84fa94-04c1-424b-9868-57a2d4851a1d" relativeResultsDirectory="d8d7dba8-0438-481d-8d8b-6f2fdf244988" />
  </Results>
  <TestDefinitions>
    <UnitTest name="FileBasedApp.Toolkit.Tests.PathUtilTest.AnalyzeDirectory_WithNonExistingDirectory_ShouldReturnError" storage="d:\code\filebasedapp.toolkit\source\filebasedapp\filebasedapp.toolkit.tests\bin\debug\net10.0\filebasedapp.toolkit.tests.dll" id="7745c892-da9e-5475-7ae4-0af236e76297">
      <Execution id="e9cabb8f-871d-49b4-aa6f-b3d29f7b589b" />
      <TestMethod codeBase="D:\code\FileBasedApp.Toolkit\Source\FileBasedApp\FileBasedApp.Toolkit.Tests\bin\Debug\net10.0\FileBasedApp.Toolkit.Tests.dll" adapterTypeName="executor://xunit/VsTestRunner3/netcore/" className="FileBasedApp.Toolkit.Tests.PathUtilTest" name="AnalyzeDirectory_WithNonExistingDirectory_ShouldReturnError" />
    </UnitTest>
    <UnitTest name="FileBasedApp.Toolkit.Tests.SimpleExec.SimpleExecRunnerTest.Run_PassesWorkingDirectory(method: RunAsync)" storage="d:\code\filebasedapp.toolkit\source\filebasedapp\filebasedapp.toolkit.tests\bin\debug\net10.0\filebasedapp.toolkit.tests.dll" id="de4d4b6b-1a0e-b6be-8cb2-48455120bfb2">
      <Execution id="49c09286-859f-4f14-b42f-3741522d13c2" />
      <TestMethod codeBase="D:\code\FileBasedApp.Toolkit\Source\FileBasedApp\FileBasedApp.Toolkit.Tests\bin\Debug\net10.0\FileBasedApp.Toolkit.Tests.dll" adapterTypeName="executor://xunit/VsTestRunner3/netcore/" className="FileBasedApp.Toolkit.Tests.SimpleExec.SimpleExecRunnerTest" name="Run_PassesWorkingDirectory" />
    </UnitTest>
    <UnitTest name="FileBasedApp.Toolkit.Tests.SimpleExec.SimpleExecRunnerTest.Run_PassesCreateNoWindow(method: RunAsync)" storage="d:\code\filebasedapp.toolkit\source\filebasedapp\filebasedapp.toolkit.tests\bin\debug\net10.0\filebasedapp.toolkit.tests.dll" id="8f7ff804-9846-f2af-fc9b-f9614f2a7286">
      <Execution id="0351ae78-9286-4012-a63f-70f581616ffc" />
      <TestMethod codeBase="D:\code\FileBasedApp.Toolkit\Source\FileBasedApp\FileBasedApp.Toolkit.Tests\bin\Debug\net10.0\FileBasedApp.Toolkit.Tests.dll" adapterTypeName="executor://xunit/VsTestRunner3/netcore/" className="FileBasedApp.Toolkit.Tests.SimpleExec.SimpleExecRunnerTest" name="Run_PassesCreateNoWindow" />
    </UnitTest>
    <UnitTest name="FileBasedApp.Toolkit.Tests.EnumerableExtensionsTest.GetSingleOrNull_NullableSource_ReturnsNullWhenNoMatch" storage="d:\code\filebasedapp.toolkit\source\filebasedapp\filebasedapp.toolkit.tests\bin\debug\net10.0\filebasedapp.toolkit.tests.dll" id="cc2c360e-520e-4559-9913-cd20efcfeb05">
      <Execution id="7a1e988b-e40e-4407-908e-c78155fa61e2" />
      <TestMethod codeBase="D:\code\FileBasedApp.Toolkit\Source\FileBasedApp\FileBasedApp.Toolkit.Tests\bin\Debug\net10.0\FileBasedApp.Toolkit.Tests.dll" adapterTypeName="executor://xunit/VsTestRunner3/netcore/" className="FileBasedApp.Toolkit.Tests.EnumerableExtensionsTest" name="GetSingleOrNull_NullableSource_ReturnsNullWhenNoMatch" />
    </UnitTest>
    <UnitTest name="FileBasedApp.Toolkit.Tests.EnumerableExtensionsTest.GetSingleOrNull_NullableSource_ThrowsExceptionWhenMultipleMatches" storage="d:\code\filebasedapp.toolkit\source\filebasedapp\filebasedapp.toolkit.tests\bin\debug\net10.0\filebasedapp.toolkit.tests.dll" id="77e2cc33-2d6f-f764-15fe-1dbd9b961671">
      <Execution id="4b533484-f609-4f60-b9cf-0fa54e39040a" />
      <TestMethod codeBase="D:\code\FileBasedApp.Toolkit\Source\FileBasedApp\FileBasedApp.Toolkit.Tests\bin\Debug\net10.0\FileBasedApp.Toolkit.Tests.dll" adapterTypeName="executor://xunit/VsTestRunner3/netcore/" className="FileBasedApp.Toolkit.Tests.EnumerableExtensionsTest" name="GetSingleOrNull_NullableSource_ThrowsExceptionWhenMultipleMatches" />
    </UnitTest>
    <UnitTest name="FileBasedApp.Toolkit.Tests.SimpleExec.SimpleExecRunnerTest.Run_UsesExplicitCommandWrapper_WhenProvided(method: RunAsync)" storage="d:\code\filebasedapp.toolkit\source\filebasedapp\filebasedapp.toolkit.tests\bin\debug\net10.0\filebasedapp.toolkit.tests.dll" id="9564e915-939b-1c62-e166-119312b0a620">
      <Execution id="8dc48b0b-e57c-40f5-80bd-61a3ead2a4ba" />
      <TestMethod codeBase="D:\code\FileBasedApp.Toolkit\Source\FileBasedApp\FileBasedApp.Toolkit.Tests\bin\Debug\net10.0\FileBasedApp.Toolkit.Tests.dll" adapterTypeName="executor://xunit/VsTestRunner3/netcore/" className="FileBasedApp.Toolkit.Tests.SimpleExec.SimpleExecRunnerTest" name="Run_UsesExplicitCommandWrapper_WhenProvided" />
    </UnitTest>
    <UnitTest name="FileBasedApp.Toolkit.Tests.SimpleExec.SimpleExecRunnerTest.Run_PassesCancellationIgnoresProcessTree(method: RunAsync)" storage="d:\code\filebasedapp.toolkit\source\filebasedapp\filebasedapp.toolkit.tests\bin\debug\net10.0\filebasedapp.toolkit.tests.dll" id="e16c9a88-8fa8-6f67-2661-9c37d57ecd31">
      <Execution id="b4265322-7425-44f9-aaf1-8a2e4cc54a9d" />
      <TestMethod codeBase="D:\code\FileBasedApp.Toolkit\Source\FileBasedApp\FileBasedApp.Toolkit.Tests\bin\Debug\net10.0\FileBasedApp.Toolkit.Tests.dll" adapterTypeName="executor://xunit/VsTestRunner3/netcore/" className="FileBasedApp.Toolkit.Tests.SimpleExec.SimpleExecRunnerTest" name="Run_PassesCancellationIgnoresProcessTree" />
    </UnitTest>
    <UnitTest name="FileBasedApp.Toolkit.Tests.SimpleExec.SimpleExecRunnerTest.Run_PassesExitCodeHandler(method: RunAsync)" storage="d:\code\filebasedapp.toolkit\source\filebasedapp\filebasedapp.toolkit.tests\bin\debug\net10.0\filebasedapp.toolkit.tests.dll" id="8c4712d4-8b55-db73-82a7-0d58f840b220">
      <Execution id="4788f082-66b2-4eae-b0dd-006a5f2dd6c8" />
      <TestMethod codeBase="D:\code\FileBasedApp.Toolkit\Source\FileBasedApp\FileBasedApp.Toolkit.Tests\bin\Debug\net10.0\FileBasedApp.Toolkit.Tests.dll" adapterTypeName="executor://xunit/VsTestRunner3/netcore/" className="FileBasedApp.Toolkit.Tests.SimpleExec.SimpleExecRunnerTest" name="Run_PassesExitCodeHandler" />
    </UnitTest>
    <UnitTest name="FileBasedApp.Toolkit.Tests.SimpleExec.SimpleExecRunnerTest.AddArguments_WithSecret_AddsAllToSecrets" storage="d:\code\filebasedapp.toolkit\source\filebasedapp\filebasedapp.toolkit.tests\bin\debug\net10.0\filebasedapp.toolkit.tests.dll" id="dbd590ef-b8ad-f1fb-c2bc-a95225b8bd07">
      <Execution id="9ffa34ec-37ac-4901-9941-951c0dd0566c" />
      <TestMethod codeBase="D:\code\FileBasedApp.Toolkit\Source\FileBasedApp\FileBasedApp.Toolkit.Tests\bin\Debug\net10.0\FileBasedApp.Toolkit.Tests.dll" adapterTypeName="executor://xunit/VsTestRunner3/netcore/" className="FileBasedApp.Toolkit.Tests.SimpleExec.SimpleExecRunnerTest" name="AddArguments_WithSecret_AddsAllToSecrets" />
    </UnitTest>
    <UnitTest name="FileBasedApp.Toolkit.Tests.SimpleExec.SimpleExecRunnerTest.ReadAsync_PassesStandardInput" storage="d:\code\filebasedapp.toolkit\source\filebasedapp\filebasedapp.toolkit.tests\bin\debug\net10.0\filebasedapp.toolkit.tests.dll" id="858432a5-ff99-5a14-7c0f-c0908abae172">
      <Execution id="1c5319e6-ea1e-4273-bb8d-71c8639ab318" />
      <TestMethod codeBase="D:\code\FileBasedApp.Toolkit\Source\FileBasedApp\FileBasedApp.Toolkit.Tests\bin\Debug\net10.0\FileBasedApp.Toolkit.Tests.dll" adapterTypeName="executor://xunit/VsTestRunner3/netcore/" className="FileBasedApp.Toolkit.Tests.SimpleExec.SimpleExecRunnerTest" name="ReadAsync_PassesStandardInput" />
    </UnitTest>
    <UnitTest name="FileBasedApp.Toolkit.Tests.SimpleExec.SimpleExecRunnerTest.Run_UsesExplicitCommandWrapper_WhenProvided(method: Run)" storage="d:\code\filebasedapp.toolkit\source\filebasedapp\filebasedapp.toolkit.tests\bin\debug\net10.0\filebasedapp.toolkit.tests.dll" id="5ddfb5fc-8e56-3069-9cc8-0e63911a1b90">
      <Execution id="6eb5216f-a4a4-48d9-9bca-5c38031a8d86" />
      <TestMethod codeBase="D:\code\FileBasedApp.Toolkit\Source\FileBasedApp\FileBasedApp.Toolkit.Tests\bin\Debug\net10.0\FileBasedApp.Toolkit.Tests.dll" adapterTypeName="executor://xunit/VsTestRunner3/netcore/" className="FileBasedApp.Toolkit.Tests.SimpleExec.SimpleExecRunnerTest" name="Run_UsesExplicitCommandWrapper_WhenProvided" />
    </UnitTest>
    <UnitTest name="FileBasedApp.Toolkit.Tests.SimpleExec.SimpleExecRunnerTest.AddSecrets_AppendsToExistingSecrets" storage="d:\code\filebasedapp.toolkit\source\filebasedapp\filebasedapp.toolkit.tests\bin\debug\net10.0\filebasedapp.toolkit.tests.dll" id="09878e65-7130-1541-b314-086e94a97683">
      <Execution id="3aaac4a3-5b60-4fc3-abcb-ffce405b1e38" />
      <TestMethod codeBase="D:\code\FileBasedApp.Toolkit\Source\FileBasedApp\FileBasedApp.Toolkit.Tests\bin\Debug\net10.0\FileBasedApp.Toolkit.Tests.dll" adapterTypeName="executor://xunit/VsTestRunner3/netcore/" className="FileBasedApp.Toolkit.Tests.SimpleExec.SimpleExecRunnerTest" name="AddSecrets_AppendsToExistingSecrets" />
    </UnitTest>
    <UnitTest name="FileBasedApp.Toolkit.Tests.EnumerableExtensionsTest.GetSingleOrNull_ReturnsSingleMatchingElement" storage="d:\code\filebasedapp.toolkit\source\filebasedapp\filebasedapp.toolkit.tests\bin\debug\net10.0\filebasedapp.toolkit.tests.dll" id="dea39721-046e-0fbf-8fc8-da4abc872d2a">
      <Execution id="2397f276-bcf8-405e-b6a4-9614e0ca26d5" />
      <TestMethod codeBase="D:\code\FileBasedApp.Toolkit\Source\FileBasedApp\FileBasedApp.Toolkit.Tests\bin\Debug\net10.0\FileBasedApp.Toolkit.Tests.dll" adapterTypeName="executor://xunit/VsTestRunner3/netcore/" className="FileBasedApp.Toolkit.Tests.EnumerableExtensionsTest" name="GetSingleOrNull_ReturnsSingleMatchingElement" />
    </UnitTest>
    <UnitTest name="FileBasedApp.Toolkit.Tests.EnumerableExtensionsTest.GetSingleOrNull_ThrowsExceptionWhenMultipleMatches" storage="d:\code\filebasedapp.toolkit\source\filebasedapp\filebasedapp.toolkit.tests\bin\debug\net10.0\filebasedapp.toolkit.tests.dll" id="c29d2a7d-51da-6c9d-4854-02e7680bea5f">
      <Execution id="4946480c-fb9b-4ef5-8983-c2c16618f745" />
      <TestMethod codeBase="D:\code\FileBasedApp.Toolkit\Source\FileBasedApp\FileBasedApp.Toolkit.Tests\bin\Debug\net10.0\FileBasedApp.Toolkit.Tests.dll" adapterTypeName="executor://xunit/VsTestRunner3/netcore/" className="FileBasedApp.Toolkit.Tests.EnumerableExtensionsTest" name="GetSingleOrNull_ThrowsExceptionWhenMultipleMatches" />
    </UnitTest>
    <UnitTest name="FileBasedApp.Toolkit.Tests.SimpleExec.SimpleExecRunnerTest.ReadAsync_PassesCancellationIgnoresProcessTree" storage="d:\code\filebasedapp.toolkit\source\filebasedapp\filebasedapp.toolkit.tests\bin\debug\net10.0\filebasedapp.toolkit.tests.dll" id="cea898ea-6ad9-f5b4-2052-550b0404e14f">
      <Execution id="1a616219-46ec-4577-9fb1-174970ad7bfb" />
      <TestMethod codeBase="D:\code\FileBasedApp.Toolkit\Source\FileBasedApp\FileBasedApp.Toolkit.Tests\bin\Debug\net10.0\FileBasedApp.Toolkit.Tests.dll" adapterTypeName="executor://xunit/VsTestRunner3/netcore/" className="FileBasedApp.Toolkit.Tests.SimpleExec.SimpleExecRunnerTest" name="ReadAsync_PassesCancellationIgnoresProcessTree" />
    </UnitTest>
    <UnitTest name="FileBasedApp.Toolkit.Tests.PathUtilTest.AnalyzeFilePath_NullPath_ShouldReturnError" storage="d:\code\filebasedapp.toolkit\source\filebasedapp\filebasedapp.toolkit.tests\bin\debug\net10.0\filebasedapp.toolkit.tests.dll" id="2f8206cf-fe63-e78e-ba47-d9b4956edb4f">
      <Execution id="d505e34b-d252-4c44-8b8d-5d8d274ac827" />
      <TestMethod codeBase="D:\code\FileBasedApp.Toolkit\Source\FileBasedApp\FileBasedApp.Toolkit.Tests\bin\Debug\net10.0\FileBasedApp.Toolkit.Tests.dll" adapterTypeName="executor://xunit/VsTestRunner3/netcore/" className="FileBasedApp.Toolkit.Tests.PathUtilTest" name="AnalyzeFilePath_NullPath_ShouldReturnError" />
    </UnitTest>
    <UnitTest name="FileBasedApp.Toolkit.Tests.EnumerableExtensionsTest.GetSingleRequired_ThrowsExceptionWhenMultipleMatches" storage="d:\code\filebasedapp.toolkit\source\filebasedapp\filebasedapp.toolkit.tests\bin\debug\net10.0\filebasedapp.toolkit.tests.dll" id="03fbab43-3ccd-b5f9-163d-c26fa183acf7">
      <Execution id="4cee3698-bd3c-4091-a2a7-054433b116a2" />
      <TestMethod codeBase="D:\code\FileBasedApp.Toolkit\Source\FileBasedApp\FileBasedApp.Toolkit.Tests\bin\Debug\net10.0\FileBasedApp.Toolkit.Tests.dll" adapterTypeName="executor://xunit/VsTestRunner3/netcore/" className="FileBasedApp.Toolkit.Tests.EnumerableExtensionsTest" name="GetSingleRequired_ThrowsExceptionWhenMultipleMatches" />
    </UnitTest>
    <UnitTest name="FileBasedApp.Toolkit.Tests.SimpleExec.SimpleExecRunnerTest.AddArgumentPair_WithSecret_OnlyMarksValueAsSecret" storage="d:\code\filebasedapp.toolkit\source\filebasedapp\filebasedapp.toolkit.tests\bin\debug\net10.0\filebasedapp.toolkit.tests.dll" id="064956b7-ec46-bd9b-b533-d31f6b18da38">
      <Execution id="0c850a7f-cea8-4dea-a9a1-ab1c9c428da5" />
      <TestMethod codeBase="D:\code\FileBasedApp.Toolkit\Source\FileBasedApp\FileBasedApp.Toolkit.Tests\bin\Debug\net10.0\FileBasedApp.Toolkit.Tests.dll" adapterTypeName="executor://xunit/VsTestRunner3/netcore/" className="FileBasedApp.Toolkit.Tests.SimpleExec.SimpleExecRunnerTest" name="AddArgumentPair_WithSecret_OnlyMarksValueAsSecret" />
    </UnitTest>
    <UnitTest name="FileBasedApp.Toolkit.Tests.PathUtilTest.AnalyzeFilePath_NoRoots_FileShouldExists" storage="d:\code\filebasedapp.toolkit\source\filebasedapp\filebasedapp.toolkit.tests\bin\debug\net10.0\filebasedapp.toolkit.tests.dll" id="134ca248-3ab1-757c-504a-2c21d90db250">
      <Execution id="defc2bca-01e7-4e8a-bc52-28f4313b38d8" />
      <TestMethod codeBase="D:\code\FileBasedApp.Toolkit\Source\FileBasedApp\FileBasedApp.Toolkit.Tests\bin\Debug\net10.0\FileBasedApp.Toolkit.Tests.dll" adapterTypeName="executor://xunit/VsTestRunner3/netcore/" className="FileBasedApp.Toolkit.Tests.PathUtilTest" name="AnalyzeFilePath_NoRoots_FileShouldExists" />
    </UnitTest>
    <UnitTest name="FileBasedApp.Toolkit.Tests.PathUtilTest.AnalyzeFilePath_MultipleRootsNoMatch_FileShouldNotExist" storage="d:\code\filebasedapp.toolkit\source\filebasedapp\filebasedapp.toolkit.tests\bin\debug\net10.0\filebasedapp.toolkit.tests.dll" id="9ffa894b-238e-f20c-d3fd-853a82fc5567">
      <Execution id="95cb197a-9f49-4938-9343-baeceb86dca2" />
      <TestMethod codeBase="D:\code\FileBasedApp.Toolkit\Source\FileBasedApp\FileBasedApp.Toolkit.Tests\bin\Debug\net10.0\FileBasedApp.Toolkit.Tests.dll" adapterTypeName="executor://xunit/VsTestRunner3/netcore/" className="FileBasedApp.Toolkit.Tests.PathUtilTest" name="AnalyzeFilePath_MultipleRootsNoMatch_FileShouldNotExist" />
    </UnitTest>
    <UnitTest name="FileBasedApp.Toolkit.Tests.SimpleExec.SimpleExecRunnerTest.Run_PassesCancellationIgnoresProcessTree(method: Run)" storage="d:\code\filebasedapp.toolkit\source\filebasedapp\filebasedapp.toolkit.tests\bin\debug\net10.0\filebasedapp.toolkit.tests.dll" id="33f66893-f5c2-560e-6985-5e489bfd0f2f">
      <Execution id="fb7919ff-b29e-49e0-9611-44ab702b072e" />
      <TestMethod codeBase="D:\code\FileBasedApp.Toolkit\Source\FileBasedApp\FileBasedApp.Toolkit.Tests\bin\Debug\net10.0\FileBasedApp.Toolkit.Tests.dll" adapterTypeName="executor://xunit/VsTestRunner3/netcore/" className="FileBasedApp.Toolkit.Tests.SimpleExec.SimpleExecRunnerTest" name="Run_PassesCancellationIgnoresProcessTree" />
    </UnitTest>
    <UnitTest name="FileBasedApp.Toolkit.Tests.SimpleExec.SimpleExecRunnerTest.ReadAsync_DefaultValues_PassesExpectedDefaults" storage="d:\code\filebasedapp.toolkit\source\filebasedapp\filebasedapp.toolkit.tests\bin\debug\net10.0\filebasedapp.toolkit.tests.dll" id="2c5b749a-10eb-e5ce-73d2-d4e846fe822b">
      <Execution id="a6a82f99-1199-448a-9888-1b65ee9c2092" />
      <TestMethod codeBase="D:\code\FileBasedApp.Toolkit\Source\FileBasedApp\FileBasedApp.Toolkit.Tests\bin\Debug\net10.0\FileBasedApp.Toolkit.Tests.dll" adapterTypeName="executor://xunit/VsTestRunner3/netcore/" className="FileBasedApp.Toolkit.Tests.SimpleExec.SimpleExecRunnerTest" name="ReadAsync_DefaultValues_PassesExpectedDefaults" />
    </UnitTest>
    <UnitTest name="FileBasedApp.Toolkit.Tests.SimpleExec.SimpleExecRunnerTest.Run_PassesConfigureEnvironment(method: RunAsync)" storage="d:\code\filebasedapp.toolkit\source\filebasedapp\filebasedapp.toolkit.tests\bin\debug\net10.0\filebasedapp.toolkit.tests.dll" id="21e8f116-2d1b-bd13-b5c8-e7dc818ce6af">
      <Execution id="85007f23-68e8-4233-9d5c-9eb63db56b87" />
      <TestMethod codeBase="D:\code\FileBasedApp.Toolkit\Source\FileBasedApp\FileBasedApp.Toolkit.Tests\bin\Debug\net10.0\FileBasedApp.Toolkit.Tests.dll" adapterTypeName="executor://xunit/VsTestRunner3/netcore/" className="FileBasedApp.Toolkit.Tests.SimpleExec.SimpleExecRunnerTest" name="Run_PassesConfigureEnvironment" />
    </UnitTest>
    <UnitTest name="FileBasedApp.Toolkit.Tests.SimpleExec.SimpleExecRunnerTest.Run_PassesEchoPrefix(method: RunAsync)" storage="d:\code\filebasedapp.toolkit\source\filebasedapp\filebasedapp.toolkit.tests\bin\debug\net10.0\filebasedapp.toolkit.tests.dll" id="4eb23d4f-d74b-e36d-3a74-816c14079631">
      <Execution id="b5c1b9a9-51b3-4cd4-b7d2-f9058329ec40" />
      <TestMethod codeBase="D:\code\FileBasedApp.Toolkit\Source\FileBasedApp\FileBasedApp.Toolkit.Tests\bin\Debug\net10.0\FileBasedApp.Toolkit.Tests.dll" adapterTypeName="executor://xunit/VsTestRunner3/netcore/" className="FileBasedApp.Toolkit.Tests.SimpleExec.SimpleExecRunnerTest" name="Run_PassesEchoPrefix" />
    </UnitTest>
    <UnitTest name="FileBasedApp.Toolkit.Tests.EnumerableExtensionsTest.GetFirstRequired_WithCustomErrorMessage_ThrowsWithCustomMessage" storage="d:\code\filebasedapp.toolkit\source\filebasedapp\filebasedapp.toolkit.tests\bin\debug\net10.0\filebasedapp.toolkit.tests.dll" id="6779b88d-fc59-173c-eacc-e4efdade4196">
      <Execution id="06cd3b84-4803-4b55-916c-36a9fd9645cc" />
      <TestMethod codeBase="D:\code\FileBasedApp.Toolkit\Source\FileBasedApp\FileBasedApp.Toolkit.Tests\bin\Debug\net10.0\FileBasedApp.Toolkit.Tests.dll" adapterTypeName="executor://xunit/VsTestRunner3/netcore/" className="FileBasedApp.Toolkit.Tests.EnumerableExtensionsTest" name="GetFirstRequired_WithCustomErrorMessage_ThrowsWithCustomMessage" />
    </UnitTest>
    <UnitTest name="FileBasedApp.Toolkit.Tests.SimpleExec.SimpleExecRunnerTest.Run_PassesWorkingDirectory(method: Run)" storage="d:\code\filebasedapp.toolkit\source\filebasedapp\filebasedapp.toolkit.tests\bin\debug\net10.0\filebasedapp.toolkit.tests.dll" id="d54e8d65-544a-d4e6-587d-223820648d58">
      <Execution id="13f70bac-0f21-4a42-8270-48f5adcb80ce" />
      <TestMethod codeBase="D:\code\FileBasedApp.Toolkit\Source\FileBasedApp\FileBasedApp.Toolkit.Tests\bin\Debug\net10.0\FileBasedApp.Toolkit.Tests.dll" adapterTypeName="executor://xunit/VsTestRunner3/netcore/" className="FileBasedApp.Toolkit.Tests.SimpleExec.SimpleExecRunnerTest" name="Run_PassesWorkingDirectory" />
    </UnitTest>
    <UnitTest name="FileBasedApp.Toolkit.Tests.EnumerableExtensionsTest.GetSingleRequired_ThrowsExceptionWhenNoMatch" storage="d:\code\filebasedapp.toolkit\source\filebasedapp\filebasedapp.toolkit.tests\bin\debug\net10.0\filebasedapp.toolkit.tests.dll" id="b86ce6e6-f285-ee4e-fcd1-24616aaacc7a">
      <Execution id="b6246686-f9b6-497a-bb3a-c43b24f6076b" />
      <TestMethod codeBase="D:\code\FileBasedApp.Toolkit\Source\FileBasedApp\FileBasedApp.Toolkit.Tests\bin\Debug\net10.0\FileBasedApp.Toolkit.Tests.dll" adapterTypeName="executor://xunit/VsTestRunner3/netcore/" className="FileBasedApp.Toolkit.Tests.EnumerableExtensionsTest" name="GetSingleRequired_ThrowsExceptionWhenNoMatch" />
    </UnitTest>
    <UnitTest name="FileBasedApp.Toolkit.Tests.PathUtilTest.AnalyzeFilePath_FileDoesNotExist_ShouldNotRequireExist" storage="d:\code\filebasedapp.toolkit\source\filebasedapp\filebasedapp.toolkit.tests\bin\debug\net10.0\filebasedapp.toolkit.tests.dll" id="50fdc899-274d-cecc-7d02-b68c5f7252c0">
      <Execution id="c5c7b32a-125a-4d59-8c4b-f4a09ffef30e" />
      <TestMethod codeBase="D:\code\FileBasedApp.Toolkit\Source\FileBasedApp\FileBasedApp.Toolkit.Tests\bin\Debug\net10.0\FileBasedApp.Toolkit.Tests.dll" adapterTypeName="executor://xunit/VsTestRunner3/netcore/" className="FileBasedApp.Toolkit.Tests.PathUtilTest" name="AnalyzeFilePath_FileDoesNotExist_ShouldNotRequireExist" />
    </UnitTest>
    <UnitTest name="FileBasedApp.Toolkit.Tests.EnumerableExtensionsTest.GetFirstRequired_ThrowsExceptionWhenNoMatch" storage="d:\code\filebasedapp.toolkit\source\filebasedapp\filebasedapp.toolkit.tests\bin\debug\net10.0\filebasedapp.toolkit.tests.dll" id="c6687cf7-5400-f053-da88-3ec268592e61">
      <Execution id="05383286-b5da-46de-85ca-10ad526ea5d4" />
      <TestMethod codeBase="D:\code\FileBasedApp.Toolkit\Source\FileBasedApp\FileBasedApp.Toolkit.Tests\bin\Debug\net10.0\FileBasedApp.Toolkit.Tests.dll" adapterTypeName="executor://xunit/VsTestRunner3/netcore/" className="FileBasedApp.Toolkit.Tests.EnumerableExtensionsTest" name="GetFirstRequired_ThrowsExceptionWhenNoMatch" />
    </UnitTest>
    <UnitTest name="FileBasedApp.Toolkit.Tests.PathUtilTest.AnalyzeDirectory_WithExistingDirectory_ShouldReturnPath" storage="d:\code\filebasedapp.toolkit\source\filebasedapp\filebasedapp.toolkit.tests\bin\debug\net10.0\filebasedapp.toolkit.tests.dll" id="bf1f6eb4-2dc8-fbd6-6fad-f352aa6aaf52">
      <Execution id="30ad6bdd-369a-43cf-9eec-b3abb27cdae2" />
      <TestMethod codeBase="D:\code\FileBasedApp.Toolkit\Source\FileBasedApp\FileBasedApp.Toolkit.Tests\bin\Debug\net10.0\FileBasedApp.Toolkit.Tests.dll" adapterTypeName="executor://xunit/VsTestRunner3/netcore/" className="FileBasedApp.Toolkit.Tests.PathUtilTest" name="AnalyzeDirectory_WithExistingDirectory_ShouldReturnPath" />
    </UnitTest>
    <UnitTest name="FileBasedApp.Toolkit.Tests.SimpleExec.SimpleExecRunnerTest.Run_PassesNameAndArguments(method: Run)" storage="d:\code\filebasedapp.toolkit\source\filebasedapp\filebasedapp.toolkit.tests\bin\debug\net10.0\filebasedapp.toolkit.tests.dll" id="63d623ef-996c-99e2-11cb-578d018552c9">
      <Execution id="7af9886a-8d4d-420d-bf08-ace8bee06f9c" />
      <TestMethod codeBase="D:\code\FileBasedApp.Toolkit\Source\FileBasedApp\FileBasedApp.Toolkit.Tests\bin\Debug\net10.0\FileBasedApp.Toolkit.Tests.dll" adapterTypeName="executor://xunit/VsTestRunner3/netcore/" className="FileBasedApp.Toolkit.Tests.SimpleExec.SimpleExecRunnerTest" name="Run_PassesNameAndArguments" />
    </UnitTest>
    <UnitTest name="FileBasedApp.Toolkit.Tests.SimpleExec.SimpleExecRunnerTest.AddArguments_AddsMultipleArguments" storage="d:\code\filebasedapp.toolkit\source\filebasedapp\filebasedapp.toolkit.tests\bin\debug\net10.0\filebasedapp.toolkit.tests.dll" id="87f14075-a470-72cc-9f26-26c338e70110">
      <Execution id="7ac2da81-6451-45e5-98f5-48dee5c4b6c4" />
      <TestMethod codeBase="D:\code\FileBasedApp.Toolkit\Source\FileBasedApp\FileBasedApp.Toolkit.Tests\bin\Debug\net10.0\FileBasedApp.Toolkit.Tests.dll" adapterTypeName="executor://xunit/VsTestRunner3/netcore/" className="FileBasedApp.Toolkit.Tests.SimpleExec.SimpleExecRunnerTest" name="AddArguments_AddsMultipleArguments" />
    </UnitTest>
    <UnitTest name="FileBasedApp.Toolkit.Tests.SimpleExec.SimpleExecRunnerTest.Run_PassesEchoPrefix(method: Run)" storage="d:\code\filebasedapp.toolkit\source\filebasedapp\filebasedapp.toolkit.tests\bin\debug\net10.0\filebasedapp.toolkit.tests.dll" id="8a5f7935-d5ca-5953-647e-a5205c0e6854">
      <Execution id="ad20af77-8594-4031-9244-897f96036375" />
      <TestMethod codeBase="D:\code\FileBasedApp.Toolkit\Source\FileBasedApp\FileBasedApp.Toolkit.Tests\bin\Debug\net10.0\FileBasedApp.Toolkit.Tests.dll" adapterTypeName="executor://xunit/VsTestRunner3/netcore/" className="FileBasedApp.Toolkit.Tests.SimpleExec.SimpleExecRunnerTest" name="Run_PassesEchoPrefix" />
    </UnitTest>
    <UnitTest name="FileBasedApp.Toolkit.Tests.SimpleExec.SimpleExecRunnerTest.Run_PassesNameAndArguments(method: RunAsync)" storage="d:\code\filebasedapp.toolkit\source\filebasedapp\filebasedapp.toolkit.tests\bin\debug\net10.0\filebasedapp.toolkit.tests.dll" id="7aab44a9-1440-b5de-acc4-d98bcc4ab7e0">
      <Execution id="fdfcb8fc-5599-4df6-97f1-2017f2e82551" />
      <TestMethod codeBase="D:\code\FileBasedApp.Toolkit\Source\FileBasedApp\FileBasedApp.Toolkit.Tests\bin\Debug\net10.0\FileBasedApp.Toolkit.Tests.dll" adapterTypeName="executor://xunit/VsTestRunner3/netcore/" className="FileBasedApp.Toolkit.Tests.SimpleExec.SimpleExecRunnerTest" name="Run_PassesNameAndArguments" />
    </UnitTest>
    <UnitTest name="FileBasedApp.Toolkit.Tests.EnumerableExtensionsTest.GetFirstOrNull_ReturnsFirstMatchingElement" storage="d:\code\filebasedapp.toolkit\source\filebasedapp\filebasedapp.toolkit.tests\bin\debug\net10.0\filebasedapp.toolkit.tests.dll" id="e6f3229d-aec8-0062-b333-d3b4388b1c4d">
      <Execution id="1d1f8f4c-0ae6-440c-91a1-00fe546f3fc5" />
      <TestMethod codeBase="D:\code\FileBasedApp.Toolkit\Source\FileBasedApp\FileBasedApp.Toolkit.Tests\bin\Debug\net10.0\FileBasedApp.Toolkit.Tests.dll" adapterTypeName="executor://xunit/VsTestRunner3/netcore/" className="FileBasedApp.Toolkit.Tests.EnumerableExtensionsTest" name="GetFirstOrNull_ReturnsFirstMatchingElement" />
    </UnitTest>
    <UnitTest name="FileBasedApp.Toolkit.Tests.EnumerableExtensionsTest.GetSingleRequired_ReturnsSingleMatchingElement" storage="d:\code\filebasedapp.toolkit\source\filebasedapp\filebasedapp.toolkit.tests\bin\debug\net10.0\filebasedapp.toolkit.tests.dll" id="9132dce2-f54c-af66-a41b-7182b7d86350">
      <Execution id="c35abf3d-becb-404d-beef-3fa8ca8aa328" />
      <TestMethod codeBase="D:\code\FileBasedApp.Toolkit\Source\FileBasedApp\FileBasedApp.Toolkit.Tests\bin\Debug\net10.0\FileBasedApp.Toolkit.Tests.dll" adapterTypeName="executor://xunit/VsTestRunner3/netcore/" className="FileBasedApp.Toolkit.Tests.EnumerableExtensionsTest" name="GetSingleRequired_ReturnsSingleMatchingElement" />
    </UnitTest>
    <UnitTest name="FileBasedApp.Toolkit.Tests.SimpleExec.SimpleExecRunnerTest.Run_PassesExitCodeHandler(method: Run)" storage="d:\code\filebasedapp.toolkit\source\filebasedapp\filebasedapp.toolkit.tests\bin\debug\net10.0\filebasedapp.toolkit.tests.dll" id="04a11c00-0f69-f770-8520-f8e591ee4b1c">
      <Execution id="4c6adb64-a544-40a9-8c3f-381201ee48c6" />
      <TestMethod codeBase="D:\code\FileBasedApp.Toolkit\Source\FileBasedApp\FileBasedApp.Toolkit.Tests\bin\Debug\net10.0\FileBasedApp.Toolkit.Tests.dll" adapterTypeName="executor://xunit/VsTestRunner3/netcore/" className="FileBasedApp.Toolkit.Tests.SimpleExec.SimpleExecRunnerTest" name="Run_PassesExitCodeHandler" />
    </UnitTest>
    <UnitTest name="FileBasedApp.Toolkit.Tests.SimpleExec.SimpleExecRunnerTest.ReadAsync_PassesEncoding" storage="d:\code\filebasedapp.toolkit\source\filebasedapp\filebasedapp.toolkit.tests\bin\debug\net10.0\filebasedapp.toolkit.tests.dll" id="7c7d71ff-5aac-f7c4-9aa0-7ea2716d8dc8">
      <Execution id="5cc40759-9e2e-4e91-b823-8993bc4723b3" />
      <TestMethod codeBase="D:\code\FileBasedApp.Toolkit\Source\FileBasedApp\FileBasedApp.Toolkit.Tests\bin\Debug\net10.0\FileBasedApp.Toolkit.Tests.dll" adapterTypeName="executor://xunit/VsTestRunner3/netcore/" className="FileBasedApp.Toolkit.Tests.SimpleExec.SimpleExecRunnerTest" name="ReadAsync_PassesEncoding" />
    </UnitTest>
    <UnitTest name="FileBasedApp.Toolkit.Tests.SimpleExec.SimpleExecRunnerTest.AddArgumentPair_AddsTwoarguments" storage="d:\code\filebasedapp.toolkit\source\filebasedapp\filebasedapp.toolkit.tests\bin\debug\net10.0\filebasedapp.toolkit.tests.dll" id="b382f108-404f-d47b-0ead-e92c0053240e">
      <Execution id="546b5a8c-9e8e-409b-a7b6-794c21c53f62" />
      <TestMethod codeBase="D:\code\FileBasedApp.Toolkit\Source\FileBasedApp\FileBasedApp.Toolkit.Tests\bin\Debug\net10.0\FileBasedApp.Toolkit.Tests.dll" adapterTypeName="executor://xunit/VsTestRunner3/netcore/" className="FileBasedApp.Toolkit.Tests.SimpleExec.SimpleExecRunnerTest" name="AddArgumentPair_AddsTwoarguments" />
    </UnitTest>
    <UnitTest name="FileBasedApp.Toolkit.Tests.EnumerableExtensionsTest.GetSingleOrNull_NullableSource_ReturnsSingleMatchingElement" storage="d:\code\filebasedapp.toolkit\source\filebasedapp\filebasedapp.toolkit.tests\bin\debug\net10.0\filebasedapp.toolkit.tests.dll" id="4d957379-34e6-770c-8e63-1b330aa8f53b">
      <Execution id="3c7d2acc-9192-4110-9007-a51d2b08b640" />
      <TestMethod codeBase="D:\code\FileBasedApp.Toolkit\Source\FileBasedApp\FileBasedApp.Toolkit.Tests\bin\Debug\net10.0\FileBasedApp.Toolkit.Tests.dll" adapterTypeName="executor://xunit/VsTestRunner3/netcore/" className="FileBasedApp.Toolkit.Tests.EnumerableExtensionsTest" name="GetSingleOrNull_NullableSource_ReturnsSingleMatchingElement" />
    </UnitTest>
    <UnitTest name="FileBasedApp.Toolkit.Tests.AbsolutePathExtensionsTest.GetAncestors_ShouldGenerateExpectedResult" storage="d:\code\filebasedapp.toolkit\source\filebasedapp\filebasedapp.toolkit.tests\bin\debug\net10.0\filebasedapp.toolkit.tests.dll" id="6b8155d7-77f4-4fb1-bb18-0ae3d95e064b">
      <Execution id="30942ace-07a9-4525-a5cb-df61a2b2636a" />
      <TestMethod codeBase="D:\code\FileBasedApp.Toolkit\Source\FileBasedApp\FileBasedApp.Toolkit.Tests\bin\Debug\net10.0\FileBasedApp.Toolkit.Tests.dll" adapterTypeName="executor://xunit/VsTestRunner3/netcore/" className="FileBasedApp.Toolkit.Tests.AbsolutePathExtensionsTest" name="GetAncestors_ShouldGenerateExpectedResult" />
    </UnitTest>
    <UnitTest name="FileBasedApp.Toolkit.Tests.PathUtilTest.GetRootFolder_InvalidPredefinedRootPath_ShouldThrow" storage="d:\code\filebasedapp.toolkit\source\filebasedapp\filebasedapp.toolkit.tests\bin\debug\net10.0\filebasedapp.toolkit.tests.dll" id="1b80e75f-92e6-93e4-1423-3d35f1d1c1d8">
      <Execution id="c82e9939-172e-4591-97a7-6f5f9a900fff" />
      <TestMethod codeBase="D:\code\FileBasedApp.Toolkit\Source\FileBasedApp\FileBasedApp.Toolkit.Tests\bin\Debug\net10.0\FileBasedApp.Toolkit.Tests.dll" adapterTypeName="executor://xunit/VsTestRunner3/netcore/" className="FileBasedApp.Toolkit.Tests.PathUtilTest" name="GetRootFolder_InvalidPredefinedRootPath_ShouldThrow" />
    </UnitTest>
    <UnitTest name="FileBasedApp.Toolkit.Tests.SimpleExec.SimpleExecRunnerTest.Run_PassesNoEcho(method: Run)" storage="d:\code\filebasedapp.toolkit\source\filebasedapp\filebasedapp.toolkit.tests\bin\debug\net10.0\filebasedapp.toolkit.tests.dll" id="96e1afc2-71b3-a464-5683-a9fb9e811a0f">
      <Execution id="6546584f-243a-4dfe-8df9-94a0365771d1" />
      <TestMethod codeBase="D:\code\FileBasedApp.Toolkit\Source\FileBasedApp\FileBasedApp.Toolkit.Tests\bin\Debug\net10.0\FileBasedApp.Toolkit.Tests.dll" adapterTypeName="executor://xunit/VsTestRunner3/netcore/" className="FileBasedApp.Toolkit.Tests.SimpleExec.SimpleExecRunnerTest" name="Run_PassesNoEcho" />
    </UnitTest>
    <UnitTest name="FileBasedApp.Toolkit.Tests.SimpleExec.SimpleExecRunnerTest.ReadAsync_PassesConfigureEnvironment" storage="d:\code\filebasedapp.toolkit\source\filebasedapp\filebasedapp.toolkit.tests\bin\debug\net10.0\filebasedapp.toolkit.tests.dll" id="f5c07989-bff9-a755-38e1-8a109dd883b1">
      <Execution id="2adb4861-8300-407a-97f3-391a92d9995b" />
      <TestMethod codeBase="D:\code\FileBasedApp.Toolkit\Source\FileBasedApp\FileBasedApp.Toolkit.Tests\bin\Debug\net10.0\FileBasedApp.Toolkit.Tests.dll" adapterTypeName="executor://xunit/VsTestRunner3/netcore/" className="FileBasedApp.Toolkit.Tests.SimpleExec.SimpleExecRunnerTest" name="ReadAsync_PassesConfigureEnvironment" />
    </UnitTest>
    <UnitTest name="FileBasedApp.Toolkit.Tests.EnumerableExtensionsTest.GetFirstOrNull_ReturnsNullWhenNoMatch" storage="d:\code\filebasedapp.toolkit\source\filebasedapp\filebasedapp.toolkit.tests\bin\debug\net10.0\filebasedapp.toolkit.tests.dll" id="58ab79b0-b6f2-5137-8fae-f89626b991b3">
      <Execution id="315a0fce-4a52-4a37-b9d9-42db5658ed89" />
      <TestMethod codeBase="D:\code\FileBasedApp.Toolkit\Source\FileBasedApp\FileBasedApp.Toolkit.Tests\bin\Debug\net10.0\FileBasedApp.Toolkit.Tests.dll" adapterTypeName="executor://xunit/VsTestRunner3/netcore/" className="FileBasedApp.Toolkit.Tests.EnumerableExtensionsTest" name="GetFirstOrNull_ReturnsNullWhenNoMatch" />
    </UnitTest>
    <UnitTest name="FileBasedApp.Toolkit.Tests.EnumerableExtensionsTest.GetFirstRequired_NoPredicate_ReturnsFirstElement" storage="d:\code\filebasedapp.toolkit\source\filebasedapp\filebasedapp.toolkit.tests\bin\debug\net10.0\filebasedapp.toolkit.tests.dll" id="f469510c-b189-8efc-ecf2-f80dcdb5d539">
      <Execution id="d8d7dba8-0438-481d-8d8b-6f2fdf244988" />
      <TestMethod codeBase="D:\code\FileBasedApp.Toolkit\Source\FileBasedApp\FileBasedApp.Toolkit.Tests\bin\Debug\net10.0\FileBasedApp.Toolkit.Tests.dll" adapterTypeName="executor://xunit/VsTestRunner3/netcore/" className="FileBasedApp.Toolkit.Tests.EnumerableExtensionsTest" name="GetFirstRequired_NoPredicate_ReturnsFirstElement" />
    </UnitTest>
    <UnitTest name="FileBasedApp.Toolkit.Tests.SimpleExec.SimpleExecRunnerTest.Run_PassesNoEcho(method: RunAsync)" storage="d:\code\filebasedapp.toolkit\source\filebasedapp\filebasedapp.toolkit.tests\bin\debug\net10.0\filebasedapp.toolkit.tests.dll" id="05062a5d-fb9e-5ecd-0f4d-a4e69aee5aaa">
      <Execution id="193c1454-1004-4d4d-a47d-7161cf8b4404" />
      <TestMethod codeBase="D:\code\FileBasedApp.Toolkit\Source\FileBasedApp\FileBasedApp.Toolkit.Tests\bin\Debug\net10.0\FileBasedApp.Toolkit.Tests.dll" adapterTypeName="executor://xunit/VsTestRunner3/netcore/" className="FileBasedApp.Toolkit.Tests.SimpleExec.SimpleExecRunnerTest" name="Run_PassesNoEcho" />
    </UnitTest>
    <UnitTest name="FileBasedApp.Toolkit.Tests.PathUtilTest.AnalyzeDirectory_EmptyPath_ShouldReturnRoot" storage="d:\code\filebasedapp.toolkit\source\filebasedapp\filebasedapp.toolkit.tests\bin\debug\net10.0\filebasedapp.toolkit.tests.dll" id="9eabf247-c9f6-a001-ca46-ec07a5104420">
      <Execution id="87270562-30bb-4ced-8b33-53290da30696" />
      <TestMethod codeBase="D:\code\FileBasedApp.Toolkit\Source\FileBasedApp\FileBasedApp.Toolkit.Tests\bin\Debug\net10.0\FileBasedApp.Toolkit.Tests.dll" adapterTypeName="executor://xunit/VsTestRunner3/netcore/" className="FileBasedApp.Toolkit.Tests.PathUtilTest" name="AnalyzeDirectory_EmptyPath_ShouldReturnRoot" />
    </UnitTest>
    <UnitTest name="FileBasedApp.Toolkit.Tests.SimpleExec.SimpleExecRunnerTest.ReadAsync_PassesExitCodeHandler" storage="d:\code\filebasedapp.toolkit\source\filebasedapp\filebasedapp.toolkit.tests\bin\debug\net10.0\filebasedapp.toolkit.tests.dll" id="54df141f-5c70-df9c-dade-426979239637">
      <Execution id="c2ceaa09-3f71-41c3-9483-3a2589530e56" />
      <TestMethod codeBase="D:\code\FileBasedApp.Toolkit\Source\FileBasedApp\FileBasedApp.Toolkit.Tests\bin\Debug\net10.0\FileBasedApp.Toolkit.Tests.dll" adapterTypeName="executor://xunit/VsTestRunner3/netcore/" className="FileBasedApp.Toolkit.Tests.SimpleExec.SimpleExecRunnerTest" name="ReadAsync_PassesExitCodeHandler" />
    </UnitTest>
    <UnitTest name="FileBasedApp.Toolkit.Tests.EnumerableExtensionsTest.GetFirstRequired_ReturnsFirstMatchingElement" storage="d:\code\filebasedapp.toolkit\source\filebasedapp\filebasedapp.toolkit.tests\bin\debug\net10.0\filebasedapp.toolkit.tests.dll" id="97d2358a-68fb-609f-59cc-5e8da5d97499">
      <Execution id="2b388f70-bb51-4ea7-8006-370e4fe94453" />
      <TestMethod codeBase="D:\code\FileBasedApp.Toolkit\Source\FileBasedApp\FileBasedApp.Toolkit.Tests\bin\Debug\net10.0\FileBasedApp.Toolkit.Tests.dll" adapterTypeName="executor://xunit/VsTestRunner3/netcore/" className="FileBasedApp.Toolkit.Tests.EnumerableExtensionsTest" name="GetFirstRequired_ReturnsFirstMatchingElement" />
    </UnitTest>
    <UnitTest name="FileBasedApp.Toolkit.Tests.SimpleExec.SimpleExecRunnerTest.ReadAsync_UsesExplicitCommandWrapper_WhenProvided" storage="d:\code\filebasedapp.toolkit\source\filebasedapp\filebasedapp.toolkit.tests\bin\debug\net10.0\filebasedapp.toolkit.tests.dll" id="bbc84640-6555-28d0-3bc9-ec697bd9c819">
      <Execution id="4f1f5a74-24cd-4069-87d2-992f1cd69bf4" />
      <TestMethod codeBase="D:\code\FileBasedApp.Toolkit\Source\FileBasedApp\FileBasedApp.Toolkit.Tests\bin\Debug\net10.0\FileBasedApp.Toolkit.Tests.dll" adapterTypeName="executor://xunit/VsTestRunner3/netcore/" className="FileBasedApp.Toolkit.Tests.SimpleExec.SimpleExecRunnerTest" name="ReadAsync_UsesExplicitCommandWrapper_WhenProvided" />
    </UnitTest>
    <UnitTest name="FileBasedApp.Toolkit.Tests.SimpleExec.SimpleExecRunnerTest.Run_PassesSecrets_WhenArgumentMarkedAsSecret(method: Run)" storage="d:\code\filebasedapp.toolkit\source\filebasedapp\filebasedapp.toolkit.tests\bin\debug\net10.0\filebasedapp.toolkit.tests.dll" id="cf79c229-7f19-cc9d-b3a1-a65eaa8fde0c">
      <Execution id="b9fc53e2-d4fa-4b57-a5bd-40d7e021d81a" />
      <TestMethod codeBase="D:\code\FileBasedApp.Toolkit\Source\FileBasedApp\FileBasedApp.Toolkit.Tests\bin\Debug\net10.0\FileBasedApp.Toolkit.Tests.dll" adapterTypeName="executor://xunit/VsTestRunner3/netcore/" className="FileBasedApp.Toolkit.Tests.SimpleExec.SimpleExecRunnerTest" name="Run_PassesSecrets_WhenArgumentMarkedAsSecret" />
    </UnitTest>
    <UnitTest name="FileBasedApp.Toolkit.Tests.SimpleExec.SimpleExecRunnerTest.Run_PassesCreateNoWindow(method: Run)" storage="d:\code\filebasedapp.toolkit\source\filebasedapp\filebasedapp.toolkit.tests\bin\debug\net10.0\filebasedapp.toolkit.tests.dll" id="7438a50c-acfd-5378-05de-ae24a37cf58c">
      <Execution id="46c5a18f-f831-4f8f-9517-17d4576e2a64" />
      <TestMethod codeBase="D:\code\FileBasedApp.Toolkit\Source\FileBasedApp\FileBasedApp.Toolkit.Tests\bin\Debug\net10.0\FileBasedApp.Toolkit.Tests.dll" adapterTypeName="executor://xunit/VsTestRunner3/netcore/" className="FileBasedApp.Toolkit.Tests.SimpleExec.SimpleExecRunnerTest" name="Run_PassesCreateNoWindow" />
    </UnitTest>
    <UnitTest name="FileBasedApp.Toolkit.Tests.SimpleExec.SimpleExecRunnerTest.ReadAsync_PassesWorkingDirectory" storage="d:\code\filebasedapp.toolkit\source\filebasedapp\filebasedapp.toolkit.tests\bin\debug\net10.0\filebasedapp.toolkit.tests.dll" id="b4f1d2d2-2a8b-7a26-5d53-dd856545513d">
      <Execution id="4e73d292-a50c-4190-96ef-d7a067223be6" />
      <TestMethod codeBase="D:\code\FileBasedApp.Toolkit\Source\FileBasedApp\FileBasedApp.Toolkit.Tests\bin\Debug\net10.0\FileBasedApp.Toolkit.Tests.dll" adapterTypeName="executor://xunit/VsTestRunner3/netcore/" className="FileBasedApp.Toolkit.Tests.SimpleExec.SimpleExecRunnerTest" name="ReadAsync_PassesWorkingDirectory" />
    </UnitTest>
    <UnitTest name="FileBasedApp.Toolkit.Tests.SimpleExec.SimpleExecRunnerTest.Run_PassesConfigureEnvironment(method: Run)" storage="d:\code\filebasedapp.toolkit\source\filebasedapp\filebasedapp.toolkit.tests\bin\debug\net10.0\filebasedapp.toolkit.tests.dll" id="3fe0daad-dd39-6f62-204c-9245c8659294">
      <Execution id="7d559030-68b4-44dd-be38-d5e14b08ae50" />
      <TestMethod codeBase="D:\code\FileBasedApp.Toolkit\Source\FileBasedApp\FileBasedApp.Toolkit.Tests\bin\Debug\net10.0\FileBasedApp.Toolkit.Tests.dll" adapterTypeName="executor://xunit/VsTestRunner3/netcore/" className="FileBasedApp.Toolkit.Tests.SimpleExec.SimpleExecRunnerTest" name="Run_PassesConfigureEnvironment" />
    </UnitTest>
    <UnitTest name="FileBasedApp.Toolkit.Tests.EnumerableExtensionsTest.GetSingleRequired_WithCustomErrorMessages_ThrowsWithCustomMessages" storage="d:\code\filebasedapp.toolkit\source\filebasedapp\filebasedapp.toolkit.tests\bin\debug\net10.0\filebasedapp.toolkit.tests.dll" id="65af5af5-350b-302b-fb88-d626dc403e4c">
      <Execution id="474cc52b-3b96-4ffe-8721-41db7642c474" />
      <TestMethod codeBase="D:\code\FileBasedApp.Toolkit\Source\FileBasedApp\FileBasedApp.Toolkit.Tests\bin\Debug\net10.0\FileBasedApp.Toolkit.Tests.dll" adapterTypeName="executor://xunit/VsTestRunner3/netcore/" className="FileBasedApp.Toolkit.Tests.EnumerableExtensionsTest" name="GetSingleRequired_WithCustomErrorMessages_ThrowsWithCustomMessages" />
    </UnitTest>
    <UnitTest name="FileBasedApp.Toolkit.Tests.SimpleExec.SimpleExecRunnerTest.ReadAsync_PassesNameAndArguments" storage="d:\code\filebasedapp.toolkit\source\filebasedapp\filebasedapp.toolkit.tests\bin\debug\net10.0\filebasedapp.toolkit.tests.dll" id="9a09b2b9-9a01-36d2-7e5c-75f16de7d6bc">
      <Execution id="e06f404e-667e-49df-afe5-d3350f4d0661" />
      <TestMethod codeBase="D:\code\FileBasedApp.Toolkit\Source\FileBasedApp\FileBasedApp.Toolkit.Tests\bin\Debug\net10.0\FileBasedApp.Toolkit.Tests.dll" adapterTypeName="executor://xunit/VsTestRunner3/netcore/" className="FileBasedApp.Toolkit.Tests.SimpleExec.SimpleExecRunnerTest" name="ReadAsync_PassesNameAndArguments" />
    </UnitTest>
    <UnitTest name="FileBasedApp.Toolkit.Tests.SimpleExec.SimpleExecRunnerTest.Run_DefaultValues_PassesExpectedDefaults(method: Run)" storage="d:\code\filebasedapp.toolkit\source\filebasedapp\filebasedapp.toolkit.tests\bin\debug\net10.0\filebasedapp.toolkit.tests.dll" id="fd904ddf-c8c9-a180-cb8b-de14eedc38bc">
      <Execution id="f8393615-9527-4e44-ba87-33bdfa3102e7" />
      <TestMethod codeBase="D:\code\FileBasedApp.Toolkit\Source\FileBasedApp\FileBasedApp.Toolkit.Tests\bin\Debug\net10.0\FileBasedApp.Toolkit.Tests.dll" adapterTypeName="executor://xunit/VsTestRunner3/netcore/" className="FileBasedApp.Toolkit.Tests.SimpleExec.SimpleExecRunnerTest" name="Run_DefaultValues_PassesExpectedDefaults" />
    </UnitTest>
    <UnitTest name="FileBasedApp.Toolkit.Tests.EnumerableExtensionsTest.GetSingleOrNull_WithCustomMultipleMatchesError_ThrowsWithCustomMessage" storage="d:\code\filebasedapp.toolkit\source\filebasedapp\filebasedapp.toolkit.tests\bin\debug\net10.0\filebasedapp.toolkit.tests.dll" id="867b867a-f381-e75c-167a-cc82f4d27318">
      <Execution id="f58027e0-42cf-4c13-a8e8-b885e52fada7" />
      <TestMethod codeBase="D:\code\FileBasedApp.Toolkit\Source\FileBasedApp\FileBasedApp.Toolkit.Tests\bin\Debug\net10.0\FileBasedApp.Toolkit.Tests.dll" adapterTypeName="executor://xunit/VsTestRunner3/netcore/" className="FileBasedApp.Toolkit.Tests.EnumerableExtensionsTest" name="GetSingleOrNull_WithCustomMultipleMatchesError_ThrowsWithCustomMessage" />
    </UnitTest>
    <UnitTest name="FileBasedApp.Toolkit.Tests.PathUtilTest.AnalyzeFilePath_MultipleRootsSecondMatch_FileShouldNotExist" storage="d:\code\filebasedapp.toolkit\source\filebasedapp\filebasedapp.toolkit.tests\bin\debug\net10.0\filebasedapp.toolkit.tests.dll" id="9133ba1e-06c6-1f1d-6e79-542e3ac3f3e4">
      <Execution id="32f5397e-2b50-47a9-97b9-f58d78511739" />
      <TestMethod codeBase="D:\code\FileBasedApp.Toolkit\Source\FileBasedApp\FileBasedApp.Toolkit.Tests\bin\Debug\net10.0\FileBasedApp.Toolkit.Tests.dll" adapterTypeName="executor://xunit/VsTestRunner3/netcore/" className="FileBasedApp.Toolkit.Tests.PathUtilTest" name="AnalyzeFilePath_MultipleRootsSecondMatch_FileShouldNotExist" />
    </UnitTest>
    <UnitTest name="FileBasedApp.Toolkit.Tests.EnumerableExtensionsTest.GetFirstOrNull_NoPredicate_ReturnsFirstElement" storage="d:\code\filebasedapp.toolkit\source\filebasedapp\filebasedapp.toolkit.tests\bin\debug\net10.0\filebasedapp.toolkit.tests.dll" id="f4d3591f-282b-6c3d-d9c5-8c34518b38ce">
      <Execution id="e57f0a8d-4c5c-4431-a7f2-2d624f518e25" />
      <TestMethod codeBase="D:\code\FileBasedApp.Toolkit\Source\FileBasedApp\FileBasedApp.Toolkit.Tests\bin\Debug\net10.0\FileBasedApp.Toolkit.Tests.dll" adapterTypeName="executor://xunit/VsTestRunner3/netcore/" className="FileBasedApp.Toolkit.Tests.EnumerableExtensionsTest" name="GetFirstOrNull_NoPredicate_ReturnsFirstElement" />
    </UnitTest>
    <UnitTest name="FileBasedApp.Toolkit.Tests.SimpleExec.SimpleExecRunnerTest.Run_DefaultValues_PassesExpectedDefaults(method: RunAsync)" storage="d:\code\filebasedapp.toolkit\source\filebasedapp\filebasedapp.toolkit.tests\bin\debug\net10.0\filebasedapp.toolkit.tests.dll" id="8cb8443c-d6d8-4372-cfec-df08c9c0ff48">
      <Execution id="d635b2f9-9cf4-4425-88c4-2e7581178319" />
      <TestMethod codeBase="D:\code\FileBasedApp.Toolkit\Source\FileBasedApp\FileBasedApp.Toolkit.Tests\bin\Debug\net10.0\FileBasedApp.Toolkit.Tests.dll" adapterTypeName="executor://xunit/VsTestRunner3/netcore/" className="FileBasedApp.Toolkit.Tests.SimpleExec.SimpleExecRunnerTest" name="Run_DefaultValues_PassesExpectedDefaults" />
    </UnitTest>
    <UnitTest name="FileBasedApp.Toolkit.Tests.SimpleExec.SimpleExecRunnerTest.Run_PassesSecrets_WhenArgumentMarkedAsSecret(method: RunAsync)" storage="d:\code\filebasedapp.toolkit\source\filebasedapp\filebasedapp.toolkit.tests\bin\debug\net10.0\filebasedapp.toolkit.tests.dll" id="cfc84bf3-3755-d02a-513c-8bc12f0bcf79">
      <Execution id="65c806d3-5cee-43ef-b6f2-b033f030c55d" />
      <TestMethod codeBase="D:\code\FileBasedApp.Toolkit\Source\FileBasedApp\FileBasedApp.Toolkit.Tests\bin\Debug\net10.0\FileBasedApp.Toolkit.Tests.dll" adapterTypeName="executor://xunit/VsTestRunner3/netcore/" className="FileBasedApp.Toolkit.Tests.SimpleExec.SimpleExecRunnerTest" name="Run_PassesSecrets_WhenArgumentMarkedAsSecret" />
    </UnitTest>
    <UnitTest name="FileBasedApp.Toolkit.Tests.EnumerableExtensionsTest.GetSingleOrNull_ReturnsNullWhenNoMatch" storage="d:\code\filebasedapp.toolkit\source\filebasedapp\filebasedapp.toolkit.tests\bin\debug\net10.0\filebasedapp.toolkit.tests.dll" id="c40317cd-7db4-0c48-23bd-49c308cd39e4">
      <Execution id="d7b78ef5-81da-4e65-8e02-8c76de597faa" />
      <TestMethod codeBase="D:\code\FileBasedApp.Toolkit\Source\FileBasedApp\FileBasedApp.Toolkit.Tests\bin\Debug\net10.0\FileBasedApp.Toolkit.Tests.dll" adapterTypeName="executor://xunit/VsTestRunner3/netcore/" className="FileBasedApp.Toolkit.Tests.EnumerableExtensionsTest" name="GetSingleOrNull_ReturnsNullWhenNoMatch" />
    </UnitTest>
    <UnitTest name="FileBasedApp.Toolkit.Tests.PathUtilTest.GetRootFolder_CurrentDirectory_ShouldReturnCurrentWorkingDirectory" storage="d:\code\filebasedapp.toolkit\source\filebasedapp\filebasedapp.toolkit.tests\bin\debug\net10.0\filebasedapp.toolkit.tests.dll" id="f85e223b-9847-f377-550d-bb58f64d25df">
      <Execution id="89632082-e34b-4da8-997c-10f60581fca2" />
      <TestMethod codeBase="D:\code\FileBasedApp.Toolkit\Source\FileBasedApp\FileBasedApp.Toolkit.Tests\bin\Debug\net10.0\FileBasedApp.Toolkit.Tests.dll" adapterTypeName="executor://xunit/VsTestRunner3/netcore/" className="FileBasedApp.Toolkit.Tests.PathUtilTest" name="GetRootFolder_CurrentDirectory_ShouldReturnCurrentWorkingDirectory" />
    </UnitTest>
  </TestDefinitions>
  <TestEntries>
    <TestEntry testId="6779b88d-fc59-173c-eacc-e4efdade4196" executionId="06cd3b84-4803-4b55-916c-36a9fd9645cc" testListId="8c84fa94-04c1-424b-9868-57a2d4851a1d" />
    <TestEntry testId="d54e8d65-544a-d4e6-587d-223820648d58" executionId="13f70bac-0f21-4a42-8270-48f5adcb80ce" testListId="8c84fa94-04c1-424b-9868-57a2d4851a1d" />
    <TestEntry testId="9133ba1e-06c6-1f1d-6e79-542e3ac3f3e4" executionId="32f5397e-2b50-47a9-97b9-f58d78511739" testListId="8c84fa94-04c1-424b-9868-57a2d4851a1d" />
    <TestEntry testId="9ffa894b-238e-f20c-d3fd-853a82fc5567" executionId="95cb197a-9f49-4938-9343-baeceb86dca2" testListId="8c84fa94-04c1-424b-9868-57a2d4851a1d" />
    <TestEntry testId="dea39721-046e-0fbf-8fc8-da4abc872d2a" executionId="2397f276-bcf8-405e-b6a4-9614e0ca26d5" testListId="8c84fa94-04c1-424b-9868-57a2d4851a1d" />
    <TestEntry testId="2c5b749a-10eb-e5ce-73d2-d4e846fe822b" executionId="a6a82f99-1199-448a-9888-1b65ee9c2092" testListId="8c84fa94-04c1-424b-9868-57a2d4851a1d" />
    <TestEntry testId="8a5f7935-d5ca-5953-647e-a5205c0e6854" executionId="ad20af77-8594-4031-9244-897f96036375" testListId="8c84fa94-04c1-424b-9868-57a2d4851a1d" />
    <TestEntry testId="4eb23d4f-d74b-e36d-3a74-816c14079631" executionId="b5c1b9a9-51b3-4cd4-b7d2-f9058329ec40" testListId="8c84fa94-04c1-424b-9868-57a2d4851a1d" />
    <TestEntry testId="58ab79b0-b6f2-5137-8fae-f89626b991b3" executionId="315a0fce-4a52-4a37-b9d9-42db5658ed89" testListId="8c84fa94-04c1-424b-9868-57a2d4851a1d" />
    <TestEntry testId="c29d2a7d-51da-6c9d-4854-02e7680bea5f" executionId="4946480c-fb9b-4ef5-8983-c2c16618f745" testListId="8c84fa94-04c1-424b-9868-57a2d4851a1d" />
    <TestEntry testId="b86ce6e6-f285-ee4e-fcd1-24616aaacc7a" executionId="b6246686-f9b6-497a-bb3a-c43b24f6076b" testListId="8c84fa94-04c1-424b-9868-57a2d4851a1d" />
    <TestEntry testId="bf1f6eb4-2dc8-fbd6-6fad-f352aa6aaf52" executionId="30ad6bdd-369a-43cf-9eec-b3abb27cdae2" testListId="8c84fa94-04c1-424b-9868-57a2d4851a1d" />
    <TestEntry testId="b4f1d2d2-2a8b-7a26-5d53-dd856545513d" executionId="4e73d292-a50c-4190-96ef-d7a067223be6" testListId="8c84fa94-04c1-424b-9868-57a2d4851a1d" />
    <TestEntry testId="7aab44a9-1440-b5de-acc4-d98bcc4ab7e0" executionId="fdfcb8fc-5599-4df6-97f1-2017f2e82551" testListId="8c84fa94-04c1-424b-9868-57a2d4851a1d" />
    <TestEntry testId="f4d3591f-282b-6c3d-d9c5-8c34518b38ce" executionId="e57f0a8d-4c5c-4431-a7f2-2d624f518e25" testListId="8c84fa94-04c1-424b-9868-57a2d4851a1d" />
    <TestEntry testId="50fdc899-274d-cecc-7d02-b68c5f7252c0" executionId="c5c7b32a-125a-4d59-8c4b-f4a09ffef30e" testListId="8c84fa94-04c1-424b-9868-57a2d4851a1d" />
    <TestEntry testId="9eabf247-c9f6-a001-ca46-ec07a5104420" executionId="87270562-30bb-4ced-8b33-53290da30696" testListId="8c84fa94-04c1-424b-9868-57a2d4851a1d" />
    <TestEntry testId="65af5af5-350b-302b-fb88-d626dc403e4c" executionId="474cc52b-3b96-4ffe-8721-41db7642c474" testListId="8c84fa94-04c1-424b-9868-57a2d4851a1d" />
    <TestEntry testId="cc2c360e-520e-4559-9913-cd20efcfeb05" executionId="7a1e988b-e40e-4407-908e-c78155fa61e2" testListId="8c84fa94-04c1-424b-9868-57a2d4851a1d" />
    <TestEntry testId="de4d4b6b-1a0e-b6be-8cb2-48455120bfb2" executionId="49c09286-859f-4f14-b42f-3741522d13c2" testListId="8c84fa94-04c1-424b-9868-57a2d4851a1d" />
    <TestEntry testId="54df141f-5c70-df9c-dade-426979239637" executionId="c2ceaa09-3f71-41c3-9483-3a2589530e56" testListId="8c84fa94-04c1-424b-9868-57a2d4851a1d" />
    <TestEntry testId="cf79c229-7f19-cc9d-b3a1-a65eaa8fde0c" executionId="b9fc53e2-d4fa-4b57-a5bd-40d7e021d81a" testListId="8c84fa94-04c1-424b-9868-57a2d4851a1d" />
    <TestEntry testId="e16c9a88-8fa8-6f67-2661-9c37d57ecd31" executionId="b4265322-7425-44f9-aaf1-8a2e4cc54a9d" testListId="8c84fa94-04c1-424b-9868-57a2d4851a1d" />
    <TestEntry testId="b382f108-404f-d47b-0ead-e92c0053240e" executionId="546b5a8c-9e8e-409b-a7b6-794c21c53f62" testListId="8c84fa94-04c1-424b-9868-57a2d4851a1d" />
    <TestEntry testId="9132dce2-f54c-af66-a41b-7182b7d86350" executionId="c35abf3d-becb-404d-beef-3fa8ca8aa328" testListId="8c84fa94-04c1-424b-9868-57a2d4851a1d" />
    <TestEntry testId="04a11c00-0f69-f770-8520-f8e591ee4b1c" executionId="4c6adb64-a544-40a9-8c3f-381201ee48c6" testListId="8c84fa94-04c1-424b-9868-57a2d4851a1d" />
    <TestEntry testId="03fbab43-3ccd-b5f9-163d-c26fa183acf7" executionId="4cee3698-bd3c-4091-a2a7-054433b116a2" testListId="8c84fa94-04c1-424b-9868-57a2d4851a1d" />
    <TestEntry testId="21e8f116-2d1b-bd13-b5c8-e7dc818ce6af" executionId="85007f23-68e8-4233-9d5c-9eb63db56b87" testListId="8c84fa94-04c1-424b-9868-57a2d4851a1d" />
    <TestEntry testId="867b867a-f381-e75c-167a-cc82f4d27318" executionId="f58027e0-42cf-4c13-a8e8-b885e52fada7" testListId="8c84fa94-04c1-424b-9868-57a2d4851a1d" />
    <TestEntry testId="134ca248-3ab1-757c-504a-2c21d90db250" executionId="defc2bca-01e7-4e8a-bc52-28f4313b38d8" testListId="8c84fa94-04c1-424b-9868-57a2d4851a1d" />
    <TestEntry testId="bbc84640-6555-28d0-3bc9-ec697bd9c819" executionId="4f1f5a74-24cd-4069-87d2-992f1cd69bf4" testListId="8c84fa94-04c1-424b-9868-57a2d4851a1d" />
    <TestEntry testId="05062a5d-fb9e-5ecd-0f4d-a4e69aee5aaa" executionId="193c1454-1004-4d4d-a47d-7161cf8b4404" testListId="8c84fa94-04c1-424b-9868-57a2d4851a1d" />
    <TestEntry testId="cfc84bf3-3755-d02a-513c-8bc12f0bcf79" executionId="65c806d3-5cee-43ef-b6f2-b033f030c55d" testListId="8c84fa94-04c1-424b-9868-57a2d4851a1d" />
    <TestEntry testId="f5c07989-bff9-a755-38e1-8a109dd883b1" executionId="2adb4861-8300-407a-97f3-391a92d9995b" testListId="8c84fa94-04c1-424b-9868-57a2d4851a1d" />
    <TestEntry testId="33f66893-f5c2-560e-6985-5e489bfd0f2f" executionId="fb7919ff-b29e-49e0-9611-44ab702b072e" testListId="8c84fa94-04c1-424b-9868-57a2d4851a1d" />
    <TestEntry testId="6b8155d7-77f4-4fb1-bb18-0ae3d95e064b" executionId="30942ace-07a9-4525-a5cb-df61a2b2636a" testListId="8c84fa94-04c1-424b-9868-57a2d4851a1d" />
    <TestEntry testId="63d623ef-996c-99e2-11cb-578d018552c9" executionId="7af9886a-8d4d-420d-bf08-ace8bee06f9c" testListId="8c84fa94-04c1-424b-9868-57a2d4851a1d" />
    <TestEntry testId="5ddfb5fc-8e56-3069-9cc8-0e63911a1b90" executionId="6eb5216f-a4a4-48d9-9bca-5c38031a8d86" testListId="8c84fa94-04c1-424b-9868-57a2d4851a1d" />
    <TestEntry testId="8f7ff804-9846-f2af-fc9b-f9614f2a7286" executionId="0351ae78-9286-4012-a63f-70f581616ffc" testListId="8c84fa94-04c1-424b-9868-57a2d4851a1d" />
    <TestEntry testId="7438a50c-acfd-5378-05de-ae24a37cf58c" executionId="46c5a18f-f831-4f8f-9517-17d4576e2a64" testListId="8c84fa94-04c1-424b-9868-57a2d4851a1d" />
    <TestEntry testId="4d957379-34e6-770c-8e63-1b330aa8f53b" executionId="3c7d2acc-9192-4110-9007-a51d2b08b640" testListId="8c84fa94-04c1-424b-9868-57a2d4851a1d" />
    <TestEntry testId="858432a5-ff99-5a14-7c0f-c0908abae172" executionId="1c5319e6-ea1e-4273-bb8d-71c8639ab318" testListId="8c84fa94-04c1-424b-9868-57a2d4851a1d" />
    <TestEntry testId="fd904ddf-c8c9-a180-cb8b-de14eedc38bc" executionId="f8393615-9527-4e44-ba87-33bdfa3102e7" testListId="8c84fa94-04c1-424b-9868-57a2d4851a1d" />
    <TestEntry testId="8c4712d4-8b55-db73-82a7-0d58f840b220" executionId="4788f082-66b2-4eae-b0dd-006a5f2dd6c8" testListId="8c84fa94-04c1-424b-9868-57a2d4851a1d" />
    <TestEntry testId="09878e65-7130-1541-b314-086e94a97683" executionId="3aaac4a3-5b60-4fc3-abcb-ffce405b1e38" testListId="8c84fa94-04c1-424b-9868-57a2d4851a1d" />
    <TestEntry testId="96e1afc2-71b3-a464-5683-a9fb9e811a0f" executionId="6546584f-243a-4dfe-8df9-94a0365771d1" testListId="8c84fa94-04c1-424b-9868-57a2d4851a1d" />
    <TestEntry testId="c40317cd-7db4-0c48-23bd-49c308cd39e4" executionId="d7b78ef5-81da-4e65-8e02-8c76de597faa" testListId="8c84fa94-04c1-424b-9868-57a2d4851a1d" />
    <TestEntry testId="c6687cf7-5400-f053-da88-3ec268592e61" executionId="05383286-b5da-46de-85ca-10ad526ea5d4" testListId="8c84fa94-04c1-424b-9868-57a2d4851a1d" />
    <TestEntry testId="e6f3229d-aec8-0062-b333-d3b4388b1c4d" executionId="1d1f8f4c-0ae6-440c-91a1-00fe546f3fc5" testListId="8c84fa94-04c1-424b-9868-57a2d4851a1d" />
    <TestEntry testId="97d2358a-68fb-609f-59cc-5e8da5d97499" executionId="2b388f70-bb51-4ea7-8006-370e4fe94453" testListId="8c84fa94-04c1-424b-9868-57a2d4851a1d" />
    <TestEntry testId="9a09b2b9-9a01-36d2-7e5c-75f16de7d6bc" executionId="e06f404e-667e-49df-afe5-d3350f4d0661" testListId="8c84fa94-04c1-424b-9868-57a2d4851a1d" />
    <TestEntry testId="3fe0daad-dd39-6f62-204c-9245c8659294" executionId="7d559030-68b4-44dd-be38-d5e14b08ae50" testListId="8c84fa94-04c1-424b-9868-57a2d4851a1d" />
    <TestEntry testId="dbd590ef-b8ad-f1fb-c2bc-a95225b8bd07" executionId="9ffa34ec-37ac-4901-9941-951c0dd0566c" testListId="8c84fa94-04c1-424b-9868-57a2d4851a1d" />
    <TestEntry testId="8cb8443c-d6d8-4372-cfec-df08c9c0ff48" executionId="d635b2f9-9cf4-4425-88c4-2e7581178319" testListId="8c84fa94-04c1-424b-9868-57a2d4851a1d" />
    <TestEntry testId="87f14075-a470-72cc-9f26-26c338e70110" executionId="7ac2da81-6451-45e5-98f5-48dee5c4b6c4" testListId="8c84fa94-04c1-424b-9868-57a2d4851a1d" />
    <TestEntry testId="2f8206cf-fe63-e78e-ba47-d9b4956edb4f" executionId="d505e34b-d252-4c44-8b8d-5d8d274ac827" testListId="8c84fa94-04c1-424b-9868-57a2d4851a1d" />
    <TestEntry testId="7745c892-da9e-5475-7ae4-0af236e76297" executionId="e9cabb8f-871d-49b4-aa6f-b3d29f7b589b" testListId="8c84fa94-04c1-424b-9868-57a2d4851a1d" />
    <TestEntry testId="77e2cc33-2d6f-f764-15fe-1dbd9b961671" executionId="4b533484-f609-4f60-b9cf-0fa54e39040a" testListId="8c84fa94-04c1-424b-9868-57a2d4851a1d" />
    <TestEntry testId="7c7d71ff-5aac-f7c4-9aa0-7ea2716d8dc8" executionId="5cc40759-9e2e-4e91-b823-8993bc4723b3" testListId="8c84fa94-04c1-424b-9868-57a2d4851a1d" />
    <TestEntry testId="f85e223b-9847-f377-550d-bb58f64d25df" executionId="89632082-e34b-4da8-997c-10f60581fca2" testListId="8c84fa94-04c1-424b-9868-57a2d4851a1d" />
    <TestEntry testId="064956b7-ec46-bd9b-b533-d31f6b18da38" executionId="0c850a7f-cea8-4dea-a9a1-ab1c9c428da5" testListId="8c84fa94-04c1-424b-9868-57a2d4851a1d" />
    <TestEntry testId="9564e915-939b-1c62-e166-119312b0a620" executionId="8dc48b0b-e57c-40f5-80bd-61a3ead2a4ba" testListId="8c84fa94-04c1-424b-9868-57a2d4851a1d" />
    <TestEntry testId="1b80e75f-92e6-93e4-1423-3d35f1d1c1d8" executionId="c82e9939-172e-4591-97a7-6f5f9a900fff" testListId="8c84fa94-04c1-424b-9868-57a2d4851a1d" />
    <TestEntry testId="cea898ea-6ad9-f5b4-2052-550b0404e14f" executionId="1a616219-46ec-4577-9fb1-174970ad7bfb" testListId="8c84fa94-04c1-424b-9868-57a2d4851a1d" />
    <TestEntry testId="f469510c-b189-8efc-ecf2-f80dcdb5d539" executionId="d8d7dba8-0438-481d-8d8b-6f2fdf244988" testListId="8c84fa94-04c1-424b-9868-57a2d4851a1d" />
  </TestEntries>
  <TestLists>
    <TestList name="Results Not in a List" id="8c84fa94-04c1-424b-9868-57a2d4851a1d" />
    <TestList name="All Loaded Results" id="19431567-8539-422a-85d7-44ee4e166bda" />
  </TestLists>
  <ResultSummary outcome="Completed">
    <Counters total="65" executed="65" passed="65" failed="0" error="0" timeout="0" aborted="0" inconclusive="0" passedButRunAborted="0" notRunnable="0" notExecuted="0" disconnected="0" warning="0" completed="0" inProgress="0" pending="0" />
    <Output>
      <StdOut>[xUnit.net 00:00:00.00] xUnit.net VSTest Adapter v3.1.5+1b188a7b0a (64-bit .NET 10.0.4)&#xD;
[xUnit.net 00:00:00.11]   Discovering: FileBasedApp.Toolkit.Tests&#xD;
[xUnit.net 00:00:00.20]   Discovered:  FileBasedApp.Toolkit.Tests&#xD;
[xUnit.net 00:00:00.24]   Starting:    FileBasedApp.Toolkit.Tests&#xD;
     Warning:&#xD;
     The component "Fluent Assertions" is governed by the rules defined in the Xceed License Agreement and&#xD;
     the Xceed Fluent Assertions Community License. You may use Fluent Assertions free of charge for&#xD;
     non-commercial use only. An active subscription is required to use Fluent Assertions for commercial use.&#xD;
     Please contact Xceed Sales mailto:sales@xceed.com to acquire a subscription at a very low cost.&#xD;
     A paid commercial license supports the development and continued increasing support of&#xD;
     Fluent Assertions users under both commercial and community licenses. Help us&#xD;
     keep Fluent Assertions at the forefront of unit testing.&#xD;
     For more information, visit https://xceed.com/products/unit-testing/fluent-assertions/&#xD;
[xUnit.net 00:00:00.49]   Finished:    FileBasedApp.Toolkit.Tests&#xD;
</StdOut>
    </Output>
  </ResultSummary>
</TestRun>